10.1.72.169 - - [09/Apr/2010:10:40:40 -0600] "GET /app/ask HTTP/1.1" 200 61309 "http://bcb.teton.rightnowtech.com/app/ask" "Mozilla/5.0 (iPod; U; CPU iPhone OS 3_1_3 like Mac OS X; en-us) AppleWebKit/528.18 (KHTML, like Gecko) Version/4.0 Mobile/7E18 Safari/528.16"
10.1.72.169 - - [09/Apr/2010:10:41:04 -0600] "GET /app/account/questions/list HTTP/1.1" 200 25075 "http://bcb.teton.rightnowtech.com/app/ask" "Mozilla/5.0 (iPod; U; CPU iPhone OS 3_1_3 like Mac OS X; en-us) AppleWebKit/528.18 (KHTML, like Gecko) Version/4.0 Mobile/7E18 Safari/528.16"
10.1.72.169 - - [09/Apr/2010:10:41:08 -0600] "GET /app/account/questions/detail/i_id/145 HTTP/1.1" 200 27914 "http://bcb.teton.rightnowtech.com/app/account/questions/list" "Mozilla/5.0 (iPod; U; CPU iPhone OS 3_1_3 like Mac OS X; en-us) AppleWebKit/528.18 (KHTML, like Gecko) Version/4.0 Mobile/7E18 Safari/528.16"
10.1.72.169 - - [09/Apr/2010:10:41:32 -0600] "GET /app/account/questions/detail/i_id/145 HTTP/1.1" 200 46889 "http://bcb.teton.rightnowtech.com/app/account/questions/detail/i_id/145" "Mozilla/5.0 (iPod; U; CPU iPhone OS 3_1_3 like Mac OS X; en-us) AppleWebKit/528.18 (KHTML, like Gecko) Version/4.0 Mobile/7E18 Safari/528.16"
10.1.72.169 - - [09/Apr/2010:10:51:36 -0600] "GET /app/account/questions/detail/i_id/145 HTTP/1.1" 200 27914 "http://bcb.teton.rightnowtech.com/app/account/questions/detail/i_id/145" "Mozilla/5.0 (iPod; U; CPU iPhone OS 3_1_3 like Mac OS X; en-us) AppleWebKit/528.18 (KHTML, like Gecko) Version/4.0 Mobile/7E18 Safari/528.16"
10.1.72.169 - - [09/Apr/2010:10:52:29 -0600] "GET /app/utils/guided_assistant/g_id/1 HTTP/1.1" 200 24128 "-" "Mozilla/5.0 (iPod; U; CPU iPhone OS 3_1_3 like Mac OS X; en-us) AppleWebKit/528.18 (KHTML, like Gecko) Version/4.0 Mobile/7E18 Safari/528.16"
10.1.72.169 - - [09/Apr/2010:10:53:45 -0600] "GET /app/utils/guided_assistant/g_id/1 HTTP/1.1" 200 24087 "-" "Mozilla/5.0 (iPod; U; CPU iPhone OS 3_1_3 like Mac OS X; en-us) AppleWebKit/528.18 (KHTML, like Gecko) Version/4.0 Mobile/7E18 Safari/528.16"
10.1.72.169 - - [09/Apr/2010:10:55:00 -0600] "GET /app/utils/guided_assistant/g_id/2 HTTP/1.1" 200 24410 "-" "Mozilla/5.0 (iPod; U; CPU iPhone OS 3_1_3 like Mac OS X; en-us) AppleWebKit/528.18 (KHTML, like Gecko) Version/4.0 Mobile/7E18 Safari/528.16"
10.1.72.169 - - [09/Apr/2010:10:55:10 -0600] "GET /ci/fattach/get/24/1268349386 HTTP/1.1" 200 5142 "http://bcb.teton.rightnowtech.com/app/utils/guided_assistant/g_id/2" "Mozilla/5.0 (iPod; U; CPU iPhone OS 3_1_3 like Mac OS X; en-us) AppleWebKit/528.18 (KHTML, like Gecko) Version/4.0 Mobile/7E18 Safari/528.16"
172.22.4.61 - - [09/Apr/2010:10:55:44 -0600] "GET /app/utils/guided_assistant/g_id/2 HTTP/1.1" 200 24409 "-" "Mozilla/5.0 (Windows; U; Windows NT 5.1; en-US; rv:1.9.2.3) Gecko/20100401 Firefox/3.6.3 (.NET CLR 3.5.30729)"
172.22.4.61 - - [09/Apr/2010:10:55:48 -0600] "GET /ci/fattach/get/24/1268349386 HTTP/1.1" 200 5142 "http://bcb.teton.rightnowtech.com/app/utils/guided_assistant/g_id/2" "Mozilla/5.0 (Windows; U; Windows NT 5.1; en-US; rv:1.9.2.3) Gecko/20100401 Firefox/3.6.3 (.NET CLR 3.5.30729)"
172.22.4.61 - - [09/Apr/2010:10:57:21 -0600] "GET /app/utils/guided_assistant/g_id/2 HTTP/1.1" 200 24462 "-" "Mozilla/5.0 (Windows; U; Windows NT 5.1; en-US; rv:1.9.2.3) Gecko/20100401 Firefox/3.6.3 (.NET CLR 3.5.30729)"
172.22.4.61 - - [09/Apr/2010:10:57:25 -0600] "GET /ci/fattach/get/24/1268349386 HTTP/1.1" 200 5142 "http://bcb.teton.rightnowtech.com/app/utils/guided_assistant/g_id/2" "Mozilla/5.0 (Windows; U; Windows NT 5.1; en-US; rv:1.9.2.3) Gecko/20100401 Firefox/3.6.3 (.NET CLR 3.5.30729)"
10.1.72.169 - - [09/Apr/2010:10:59:21 -0600] "GET /app/utils/guided_assistant/g_id/2 HTTP/1.1" 200 24463 "-" "Mozilla/5.0 (iPod; U; CPU iPhone OS 3_1_3 like Mac OS X; en-us) AppleWebKit/528.18 (KHTML, like Gecko) Version/4.0 Mobile/7E18 Safari/528.16"
10.1.72.169 - - [09/Apr/2010:11:01:17 -0600] "GET /app/utils/guided_assistant/g_id/3 HTTP/1.1" 200 21726 "-" "Mozilla/5.0 (iPod; U; CPU iPhone OS 3_1_3 like Mac OS X; en-us) AppleWebKit/528.18 (KHTML, like Gecko) Version/4.0 Mobile/7E18 Safari/528.16"
10.1.72.169 - - [09/Apr/2010:11:01:59 -0600] "GET /ci/fattach/get/25/1268349602 HTTP/1.1" 200 145847 "http://bcb.teton.rightnowtech.com/app/utils/guided_assistant/g_id/3" "Mozilla/5.0 (iPod; U; CPU iPhone OS 3_1_3 like Mac OS X; en-us) AppleWebKit/528.18 (KHTML, like Gecko) Version/4.0 Mobile/7E18 Safari/528.16"
172.22.4.177 - - [09/Apr/2010:11:32:49 -0600] "GET /ci/admin HTTP/1.1" 401 16 "-" "Mozilla/5.0 (Windows; U; Windows NT 5.1; en-US; rv:1.9.1.9) Gecko/20100315 Firefox/3.5.9 (.NET CLR 3.5.30729)"
172.22.4.177 - - [09/Apr/2010:11:33:20 -0600] "GET /ci/admin/set_cookie/development/default HTTP/1.1" 401 16 "-" "Mozilla/5.0 (Windows; U; Windows NT 5.1; en-US; rv:1.9.1.9) Gecko/20100315 Firefox/3.5.9 (.NET CLR 3.5.30729)"
172.22.4.177 - - [09/Apr/2010:11:33:23 -0600] "GET /ci/admin/set_cookie/development/default HTTP/1.1" 302 - "-" "Mozilla/5.0 (Windows; U; Windows NT 5.1; en-US; rv:1.9.1.9) Gecko/20100315 Firefox/3.5.9 (.NET CLR 3.5.30729)"
172.22.4.61 - - [09/Apr/2010:11:47:39 -0600] "GET /app/ask HTTP/1.1" 200 79906 "http://bcb.teton.rightnowtech.com/" "Mozilla/5.0 (Windows; U; Windows NT 5.1; en-US) AppleWebKit/533.4 (KHTML, like Gecko) Chrome/5.0.371.0 Safari/533.4"
172.22.4.61 - - [09/Apr/2010:12:01:51 -0600] "GET /app/account/profile HTTP/1.1" 302 - "http://bcb.teton.rightnowtech.com/app/ask" "Mozilla/5.0 (Windows; U; Windows NT 5.1; en-US) AppleWebKit/533.4 (KHTML, like Gecko) Chrome/5.0.371.0 Safari/533.4"
172.22.4.61 - - [09/Apr/2010:12:01:52 -0600] "GET /app/utils/login_form/redirect/account%252Fprofile HTTP/1.1" 200 32332 "http://bcb.teton.rightnowtech.com/app/ask" "Mozilla/5.0 (Windows; U; Windows NT 5.1; en-US) AppleWebKit/533.4 (KHTML, like Gecko) Chrome/5.0.371.0 Safari/533.4"
172.22.4.61 - - [09/Apr/2010:12:02:00 -0600] "GET /app/account/profile HTTP/1.1" 200 117161 "http://bcb.teton.rightnowtech.com/app/utils/login_form/redirect/account%252Fprofile" "Mozilla/5.0 (Windows; U; Windows NT 5.1; en-US) AppleWebKit/533.4 (KHTML, like Gecko) Chrome/5.0.371.0 Safari/533.4"
172.22.4.61 - - [09/Apr/2010:12:28:01 -0600] "GET /app/account/profile HTTP/1.1" 200 117161 "http://bcb.teton.rightnowtech.com/app/utils/login_form/redirect/account%252Fprofile" "Mozilla/5.0 (Windows; U; Windows NT 5.1; en-US) AppleWebKit/533.4 (KHTML, like Gecko) Chrome/5.0.371.0 Safari/533.4"
172.22.5.22 - - [09/Apr/2010:12:29:47 -0600] "GET /app/chat/chat_launch/session/L3RpbWUvMTI3MDc1ODg1MC9zaWQvWWFCTi1WWWo%3D HTTP/1.1" 200 26479 "http://jlindh3pq.teton.rightnowtech.com/app" "Mozilla/5.0 (Windows; U; Windows NT 5.1; en-US; rv:1.9.2.3) Gecko/20100401 Firefox/3.6.3 GTB6 (.NET CLR 3.5.30729)"
172.22.5.22 - - [09/Apr/2010:12:29:55 -0600] "GET /app/chat/chat_launch HTTP/1.1" 200 51253 "http://jlindh105fixes.teton.rightnowtech.com/app/home" "Mozilla/5.0 (Windows; U; Windows NT 5.1; en-US; rv:1.9.2.3) Gecko/20100401 Firefox/3.6.3 GTB6 (.NET CLR 3.5.30729)"
172.22.4.61 - - [09/Apr/2010:12:30:14 -0600] "GET /app/account/profile HTTP/1.1" 200 117161 "http://bcb.teton.rightnowtech.com/app/utils/login_form/redirect/account%252Fprofile" "Mozilla/5.0 (Windows; U; Windows NT 5.1; en-US) AppleWebKit/533.4 (KHTML, like Gecko) Chrome/5.0.371.0 Safari/533.4"
172.22.5.22 - - [09/Apr/2010:12:30:28 -0600] "GET /app/ask HTTP/1.1" 200 52503 "http://jlindh105fixes.teton.rightnowtech.com/app/chat/chat_launch" "Mozilla/5.0 (Windows; U; Windows NT 5.1; en-US; rv:1.9.2.3) Gecko/20100401 Firefox/3.6.3 GTB6 (.NET CLR 3.5.30729)"
172.22.4.61 - - [09/Apr/2010:12:31:30 -0600] "GET /app/utils/submit/profile_updated HTTP/1.1" 200 28419 "http://bcb.teton.rightnowtech.com/app/account/profile" "Mozilla/5.0 (Windows; U; Windows NT 5.1; en-US) AppleWebKit/533.4 (KHTML, like Gecko) Chrome/5.0.371.0 Safari/533.4"
172.22.4.61 - - [09/Apr/2010:12:31:34 -0600] "GET /app/account/profile HTTP/1.1" 200 121181 "http://bcb.teton.rightnowtech.com/app/utils/submit/profile_updated" "Mozilla/5.0 (Windows; U; Windows NT 5.1; en-US) AppleWebKit/533.4 (KHTML, like Gecko) Chrome/5.0.371.0 Safari/533.4"
172.22.4.61 - - [09/Apr/2010:12:32:22 -0600] "GET /app/account/profile HTTP/1.1" 200 121181 "http://bcb.teton.rightnowtech.com/app/utils/submit/profile_updated" "Mozilla/5.0 (Windows; U; Windows NT 5.1; en-US) AppleWebKit/533.4 (KHTML, like Gecko) Chrome/5.0.371.0 Safari/533.4"
172.22.4.61 - - [09/Apr/2010:12:32:26 -0600] "GET /app/account/profile HTTP/1.1" 200 121181 "http://bcb.teton.rightnowtech.com/app/utils/submit/profile_updated" "Mozilla/5.0 (Windows; U; Windows NT 5.1; en-US) AppleWebKit/533.4 (KHTML, like Gecko) Chrome/5.0.371.0 Safari/533.4"
172.22.4.61 - - [09/Apr/2010:12:32:54 -0600] "GET /app/account/profile HTTP/1.1" 200 122063 "http://bcb.teton.rightnowtech.com/app/utils/submit/profile_updated" "Mozilla/5.0 (Windows; U; Windows NT 5.1; en-US) AppleWebKit/533.4 (KHTML, like Gecko) Chrome/5.0.371.0 Safari/533.4"
172.22.4.61 - - [09/Apr/2010:12:33:40 -0600] "GET /app/account/profile HTTP/1.1" 200 122063 "http://bcb.teton.rightnowtech.com/app/utils/submit/profile_updated" "Mozilla/5.0 (Windows; U; Windows NT 5.1; en-US) AppleWebKit/533.4 (KHTML, like Gecko) Chrome/5.0.371.0 Safari/533.4"
172.22.4.61 - - [09/Apr/2010:12:34:21 -0600] "GET /app/account/profile HTTP/1.1" 200 120069 "http://bcb.teton.rightnowtech.com/app/utils/submit/profile_updated" "Mozilla/5.0 (Windows; U; Windows NT 5.1; en-US) AppleWebKit/533.4 (KHTML, like Gecko) Chrome/5.0.371.0 Safari/533.4"
172.22.4.61 - - [09/Apr/2010:12:38:08 -0600] "GET /app/account/profile HTTP/1.1" 200 120091 "http://bcb.teton.rightnowtech.com/app/utils/submit/profile_updated" "Mozilla/5.0 (Windows; U; Windows NT 5.1; en-US) AppleWebKit/533.4 (KHTML, like Gecko) Chrome/5.0.371.0 Safari/533.4"
172.22.4.61 - - [09/Apr/2010:12:38:29 -0600] "GET /app/utils/submit/profile_updated HTTP/1.1" 200 28419 "http://bcb.teton.rightnowtech.com/app/account/profile" "Mozilla/5.0 (Windows; U; Windows NT 5.1; en-US) AppleWebKit/533.4 (KHTML, like Gecko) Chrome/5.0.371.0 Safari/533.4"
172.22.4.61 - - [09/Apr/2010:12:38:32 -0600] "GET /app/account/profile HTTP/1.1" 200 120737 "http://bcb.teton.rightnowtech.com/app/utils/submit/profile_updated" "Mozilla/5.0 (Windows; U; Windows NT 5.1; en-US) AppleWebKit/533.4 (KHTML, like Gecko) Chrome/5.0.371.0 Safari/533.4"
172.22.4.61 - - [09/Apr/2010:12:39:33 -0600] "GET /app/account/profile HTTP/1.1" 200 239 "http://bcb.teton.rightnowtech.com/app/utils/submit/profile_updated" "Mozilla/5.0 (Windows; U; Windows NT 5.1; en-US) AppleWebKit/533.4 (KHTML, like Gecko) Chrome/5.0.371.0 Safari/533.4"
172.22.4.61 - - [09/Apr/2010:12:39:55 -0600] "GET /app/account/profile HTTP/1.1" 200 239 "http://bcb.teton.rightnowtech.com/app/utils/submit/profile_updated" "Mozilla/5.0 (Windows; U; Windows NT 5.1; en-US) AppleWebKit/533.4 (KHTML, like Gecko) Chrome/5.0.371.0 Safari/533.4"
172.22.4.61 - - [09/Apr/2010:12:40:13 -0600] "GET /app/account/profile HTTP/1.1" 200 123202 "http://bcb.teton.rightnowtech.com/app/utils/submit/profile_updated" "Mozilla/5.0 (Windows; U; Windows NT 5.1; en-US) AppleWebKit/533.4 (KHTML, like Gecko) Chrome/5.0.371.0 Safari/533.4"
172.22.4.61 - - [09/Apr/2010:12:42:34 -0600] "GET /app/account/profile HTTP/1.1" 200 123185 "http://bcb.teton.rightnowtech.com/app/utils/submit/profile_updated" "Mozilla/5.0 (Windows; U; Windows NT 5.1; en-US) AppleWebKit/533.4 (KHTML, like Gecko) Chrome/5.0.371.0 Safari/533.4"
172.22.4.61 - - [09/Apr/2010:12:43:06 -0600] "GET /app/account/profile HTTP/1.1" 200 119379 "http://bcb.teton.rightnowtech.com/app/utils/submit/profile_updated" "Mozilla/5.0 (Windows; U; Windows NT 5.1; en-US) AppleWebKit/533.4 (KHTML, like Gecko) Chrome/5.0.371.0 Safari/533.4"
172.22.4.61 - - [09/Apr/2010:12:43:38 -0600] "GET /app/account/profile HTTP/1.1" 200 119425 "http://bcb.teton.rightnowtech.com/app/utils/submit/profile_updated" "Mozilla/5.0 (Windows; U; Windows NT 5.1; en-US) AppleWebKit/533.4 (KHTML, like Gecko) Chrome/5.0.371.0 Safari/533.4"
172.22.4.61 - - [09/Apr/2010:12:47:03 -0600] "GET /app/account/profile HTTP/1.1" 200 119425 "http://bcb.teton.rightnowtech.com/app/utils/submit/profile_updated" "Mozilla/5.0 (Windows; U; Windows NT 5.1; en-US) AppleWebKit/533.4 (KHTML, like Gecko) Chrome/5.0.371.0 Safari/533.4"
172.22.4.61 - - [09/Apr/2010:12:47:23 -0600] "GET /app/account/profile HTTP/1.1" 200 119425 "http://bcb.teton.rightnowtech.com/app/utils/submit/profile_updated" "Mozilla/5.0 (Windows; U; Windows NT 5.1; en-US) AppleWebKit/533.4 (KHTML, like Gecko) Chrome/5.0.371.0 Safari/533.4"
172.22.4.61 - - [09/Apr/2010:12:53:42 -0600] "GET /app/account/profile HTTP/1.1" 200 119425 "http://bcb.teton.rightnowtech.com/app/utils/submit/profile_updated" "Mozilla/5.0 (Windows; U; Windows NT 5.1; en-US) AppleWebKit/533.4 (KHTML, like Gecko) Chrome/5.0.371.0 Safari/533.4"
127.0.0.1 - - [09/Apr/2010:12:58:27 -0600] "GET /ci/admin/deploy HTTP/1.0" 200 40916 "-" "Wget/1.10.2 (Red Hat modified)"
172.22.5.68 - - [09/Apr/2010:13:12:02 -0600] "GET /ci/unitTest/phpFunctional HTTP/1.1" 200 3135 "-" "Mozilla/5.0 (Windows; U; Windows NT 5.1; en-US; rv:1.9.2.3) Gecko/20100401 Firefox/3.6.3 (.NET CLR 3.5.30729)"
172.22.4.177 - - [09/Apr/2010:13:29:07 -0600] "GET /app/home HTTP/1.1" 200 55304 "http://erich105.teton.rightnowtech.com/app/ask/session/L3RpbWUvMTI3MDgyMzEwMS9zaWQvS1VrTVZaWWo%3D" "Mozilla/5.0 (Windows; U; Windows NT 5.1; en-US) AppleWebKit/532.5 (KHTML, like Gecko) Chrome/4.1.249.1045 Safari/532.5"
172.22.4.177 - - [09/Apr/2010:13:29:44 -0600] "GET /app/home HTTP/1.1" 200 55304 "http://erich105.teton.rightnowtech.com/app/home" "Mozilla/5.0 (Windows; U; Windows NT 5.1; en-US) AppleWebKit/532.5 (KHTML, like Gecko) Chrome/4.1.249.1045 Safari/532.5"
172.22.4.177 - - [09/Apr/2010:13:30:09 -0600] "GET /ci/admin HTTP/1.1" 401 16 "-" "Mozilla/5.0 (Windows; U; Windows NT 5.1; en-US) AppleWebKit/532.5 (KHTML, like Gecko) Chrome/4.1.249.1045 Safari/532.5"
172.22.4.177 - - [09/Apr/2010:13:30:14 -0600] "GET /ci/admin HTTP/1.1" 200 11427 "-" "Mozilla/5.0 (Windows; U; Windows NT 5.1; en-US) AppleWebKit/532.5 (KHTML, like Gecko) Chrome/4.1.249.1045 Safari/532.5"
172.22.4.177 - - [09/Apr/2010:13:30:55 -0600] "GET /ci/tags HTTP/1.1" 200 9254 "http://erich.teton.rightnowtech.com/ci/admin" "Mozilla/5.0 (Windows; U; Windows NT 5.1; en-US) AppleWebKit/532.5 (KHTML, like Gecko) Chrome/4.1.249.1045 Safari/532.5"
172.22.4.177 - - [09/Apr/2010:13:31:05 -0600] "GET /ci/tags/widgets HTTP/1.1" 200 14474 "http://erich.teton.rightnowtech.com/ci/tags" "Mozilla/5.0 (Windows; U; Windows NT 5.1; en-US) AppleWebKit/532.5 (KHTML, like Gecko) Chrome/4.1.249.1045 Safari/532.5"
172.22.4.177 - - [09/Apr/2010:13:31:48 -0600] "GET /ci/configurations/pageSet HTTP/1.1" 200 13506 "http://erich.teton.rightnowtech.com/ci/tags/widgets" "Mozilla/5.0 (Windows; U; Windows NT 5.1; en-US) AppleWebKit/532.5 (KHTML, like Gecko) Chrome/4.1.249.1045 Safari/532.5"
172.22.4.177 - - [09/Apr/2010:13:32:21 -0600] "GET /ci/admin/set_cookie/development HTTP/1.1" 302 - "http://erich.teton.rightnowtech.com/ci/configurations/pageSet" "Mozilla/5.0 (Windows; U; Windows NT 5.1; en-US) AppleWebKit/532.5 (KHTML, like Gecko) Chrome/4.1.249.1045 Safari/532.5"
127.0.0.1 - - [09/Apr/2010:13:44:09 -0600] "GET /ci/admin/deploy HTTP/1.0" 200 40978 "-" "Wget/1.10.2 (Red Hat modified)"
172.22.4.177 - - [09/Apr/2010:14:20:31 -0600] "GET /app/ask HTTP/1.1" 200 77454 "http://erich.teton.rightnowtech.com/app" "Mozilla/5.0 (Windows; U; Windows NT 5.1; en-US) AppleWebKit/532.5 (KHTML, like Gecko) Chrome/4.1.249.1045 Safari/532.5"
172.22.4.177 - - [09/Apr/2010:14:21:43 -0600] "GET /app/answers/list HTTP/1.1" 200 66880 "http://erich.teton.rightnowtech.com/app/ask" "Mozilla/5.0 (Windows; U; Windows NT 5.1; en-US) AppleWebKit/532.5 (KHTML, like Gecko) Chrome/4.1.249.1045 Safari/532.5"
172.22.4.177 - - [09/Apr/2010:14:21:47 -0600] "GET /app/answers/detail/a_id/54 HTTP/1.1" 200 61514 "http://erich.teton.rightnowtech.com/app/answers/list" "Mozilla/5.0 (Windows; U; Windows NT 5.1; en-US) AppleWebKit/532.5 (KHTML, like Gecko) Chrome/4.1.249.1045 Safari/532.5"
172.22.4.177 - - [09/Apr/2010:14:22:09 -0600] "GET /app/answers/list HTTP/1.1" 200 66880 "http://erich.teton.rightnowtech.com/app/answers/detail/a_id/54" "Mozilla/5.0 (Windows; U; Windows NT 5.1; en-US) AppleWebKit/532.5 (KHTML, like Gecko) Chrome/4.1.249.1045 Safari/532.5"
172.22.4.177 - - [09/Apr/2010:14:22:12 -0600] "GET /app/answers/detail/a_id/55 HTTP/1.1" 200 65686 "http://erich.teton.rightnowtech.com/app/answers/list" "Mozilla/5.0 (Windows; U; Windows NT 5.1; en-US) AppleWebKit/532.5 (KHTML, like Gecko) Chrome/4.1.249.1045 Safari/532.5"
127.0.0.1 - - [09/Apr/2010:14:31:02 -0600] "GET /ci/admin/deploy HTTP/1.0" 200 41875 "-" "Wget/1.10.2 (Red Hat modified)"
127.0.0.1 - - [09/Apr/2010:14:39:25 -0600] "GET /ci/admin/deploy HTTP/1.0" 200 20785 "-" "Wget/1.10.2 (Red Hat modified)"
172.22.4.177 - - [09/Apr/2010:14:40:45 -0600] "GET /app/answers/list HTTP/1.1" 200 66880 "http://erich.teton.rightnowtech.com/app/answers/detail/a_id/55" "Mozilla/5.0 (Windows; U; Windows NT 5.1; en-US) AppleWebKit/532.5 (KHTML, like Gecko) Chrome/4.1.249.1045 Safari/532.5"
172.22.4.177 - - [09/Apr/2010:14:40:58 -0600] "GET /app/answers/detail/a_id/67/kw/camera HTTP/1.1" 200 59815 "http://erich.teton.rightnowtech.com/app/answers/list" "Mozilla/5.0 (Windows; U; Windows NT 5.1; en-US) AppleWebKit/532.5 (KHTML, like Gecko) Chrome/4.1.249.1045 Safari/532.5"
172.22.4.61 - - [09/Apr/2010:14:46:27 -0600] "GET /ci/admin/set_cookie/development/mobile HTTP/1.1" 401 16 "-" "Mozilla/5.0 (Windows; U; Windows NT 5.1; en-US; rv:1.9.2.3) Gecko/20100401 Firefox/3.6.3 (.NET CLR 3.5.30729)"
172.22.4.61 - - [09/Apr/2010:14:46:37 -0600] "GET /ci/admin/set_cookie/development/mobile HTTP/1.1" 302 - "-" "Mozilla/5.0 (Windows; U; Windows NT 5.1; en-US; rv:1.9.2.3) Gecko/20100401 Firefox/3.6.3 (.NET CLR 3.5.30729)"
172.22.4.61 - - [09/Apr/2010:14:47:04 -0600] "GET /app/ask HTTP/1.1" 200 61308 "http://bcb.teton.rightnowtech.com/app" "Mozilla/5.0 (Windows; U; Windows NT 5.1; en-US; rv:1.9.2.3) Gecko/20100401 Firefox/3.6.3 (.NET CLR 3.5.30729)"
172.22.4.61 - - [09/Apr/2010:14:51:51 -0600] "GET /app/ask HTTP/1.1" 200 61308 "http://bcb.teton.rightnowtech.com/app" "Mozilla/5.0 (Windows; U; Windows NT 5.1; en-US; rv:1.9.2.3) Gecko/20100401 Firefox/3.6.3 (.NET CLR 3.5.30729)"
172.22.4.61 - - [09/Apr/2010:14:52:32 -0600] "GET /app/ask HTTP/1.1" 200 61308 "http://bcb.teton.rightnowtech.com/app" "Mozilla/5.0 (Windows; U; Windows NT 5.1; en-US; rv:1.9.2.3) Gecko/20100401 Firefox/3.6.3 (.NET CLR 3.5.30729)"
172.22.4.61 - - [09/Apr/2010:14:52:39 -0600] "GET /app/ask HTTP/1.1" 200 61308 "http://bcb.teton.rightnowtech.com/app" "Mozilla/5.0 (Windows; U; Windows NT 5.1; en-US; rv:1.9.2.3) Gecko/20100401 Firefox/3.6.3 (.NET CLR 3.5.30729)"
172.22.4.61 - - [09/Apr/2010:14:53:02 -0600] "GET /app/ask HTTP/1.1" 200 61330 "http://bcb.teton.rightnowtech.com/app" "Mozilla/5.0 (Windows; U; Windows NT 5.1; en-US; rv:1.9.2.3) Gecko/20100401 Firefox/3.6.3 (.NET CLR 3.5.30729)"
10.1.72.169 - - [09/Apr/2010:14:54:13 -0600] "GET /app/ask HTTP/1.1" 200 61330 "http://bcb.teton.rightnowtech.com/app/utils/guided_assistant/g_id/3" "Mozilla/5.0 (iPod; U; CPU iPhone OS 3_1_3 like Mac OS X; en-us) AppleWebKit/528.18 (KHTML, like Gecko) Version/4.0 Mobile/7E18 Safari/528.16"
172.22.4.177 - - [09/Apr/2010:15:07:55 -0600] "GET /app/answers/detail/a_id/67/kw/camera HTTP/1.1" 200 59887 "http://erich.teton.rightnowtech.com/app/answers/list" "Mozilla/5.0 (Windows; U; Windows NT 5.1; en-US) AppleWebKit/532.5 (KHTML, like Gecko) Chrome/4.1.249.1045 Safari/532.5"
172.22.4.61 - - [09/Apr/2010:15:14:13 -0600] "GET /ci/admin/set_cookie/development/mobile HTTP/1.1" 302 - "-" "Mozilla/5.0 (Windows; U; Windows NT 5.1; en-US; rv:1.9.2.3) Gecko/20100401 Firefox/3.6.3 (.NET CLR 3.5.30729)"
172.22.4.61 - - [09/Apr/2010:15:14:20 -0600] "GET /app/answers/list HTTP/1.1" 200 44423 "http://bcb.teton.rightnowtech.com/app" "Mozilla/5.0 (Windows; U; Windows NT 5.1; en-US; rv:1.9.2.3) Gecko/20100401 Firefox/3.6.3 (.NET CLR 3.5.30729)"
172.22.4.61 - - [09/Apr/2010:15:14:28 -0600] "GET /app/answers/detail/a_id/1/kw/address HTTP/1.1" 200 28480 "http://bcb.teton.rightnowtech.com/app/answers/list" "Mozilla/5.0 (Windows; U; Windows NT 5.1; en-US; rv:1.9.2.3) Gecko/20100401 Firefox/3.6.3 (.NET CLR 3.5.30729)"
172.22.4.61 - - [09/Apr/2010:15:14:45 -0600] "GET /app/answers/detail/a_id/1/kw/address HTTP/1.1" 200 53900 "http://bcb.teton.rightnowtech.com/app/answers/list" "Mozilla/5.0 (Windows; U; Windows NT 5.1; en-US; rv:1.9.2.3) Gecko/20100401 Firefox/3.6.3 (.NET CLR 3.5.30729)"
172.22.4.61 - - [09/Apr/2010:15:19:18 -0600] "GET /app/answers/detail/a_id/1/kw/address HTTP/1.1" 200 53900 "http://bcb.teton.rightnowtech.com/app/answers/list" "Mozilla/5.0 (Windows; U; Windows NT 5.1; en-US; rv:1.9.2.3) Gecko/20100401 Firefox/3.6.3 (.NET CLR 3.5.30729)"
172.22.4.61 - - [09/Apr/2010:15:20:17 -0600] "GET /app/answers/detail/a_id/1/kw/address HTTP/1.1" 200 53900 "http://bcb.teton.rightnowtech.com/app/answers/list" "Mozilla/5.0 (Windows; U; Windows NT 5.1; en-US; rv:1.9.2.3) Gecko/20100401 Firefox/3.6.3 (.NET CLR 3.5.30729)"
172.22.4.177 - - [09/Apr/2010:15:23:28 -0600] "GET /ci/admin HTTP/1.1" 401 16 "-" "Mozilla/5.0 (Windows; U; Windows NT 5.1; en-US; rv:1.9.1.9) Gecko/20100315 Firefox/3.5.9 (.NET CLR 3.5.30729)"
172.22.4.177 - - [09/Apr/2010:15:23:31 -0600] "GET /ci/admin HTTP/1.1" 200 11426 "-" "Mozilla/5.0 (Windows; U; Windows NT 5.1; en-US; rv:1.9.1.9) Gecko/20100315 Firefox/3.5.9 (.NET CLR 3.5.30729)"
172.22.4.177 - - [09/Apr/2010:15:23:34 -0600] "GET /ci/admin/set_cookie/development HTTP/1.1" 302 - "http://erich.teton.rightnowtech.com/ci/admin" "Mozilla/5.0 (Windows; U; Windows NT 5.1; en-US; rv:1.9.1.9) Gecko/20100315 Firefox/3.5.9 (.NET CLR 3.5.30729)"
127.0.0.1 - - [09/Apr/2010:15:22:16 -0600] "GET /ci/admin/deploy HTTP/1.0" 200 41924 "-" "Wget/1.10.2 (Red Hat modified)"
172.22.4.61 - - [09/Apr/2010:15:38:27 -0600] "GET /app/ask HTTP/1.1" 200 76669 "http://bcb.teton.rightnowtech.com/app/answers/detail/a_id/1/kw/address" "Mozilla/5.0 (Windows; U; Windows NT 5.1; en-US; rv:1.9.2.3) Gecko/20100401 Firefox/3.6.3 (.NET CLR 3.5.30729)"
127.0.0.1 - - [09/Apr/2010:15:43:37 -0600] "GET /ci/admin/deploy HTTP/1.0" 200 20718 "-" "Wget/1.10.2 (Red Hat modified)"
172.22.4.61 - - [09/Apr/2010:15:44:48 -0600] "GET /app/ask HTTP/1.1" 200 76679 "http://bcb.teton.rightnowtech.com/app/answers/detail/a_id/1/kw/address" "Mozilla/5.0 (Windows; U; Windows NT 5.1; en-US; rv:1.9.2.3) Gecko/20100401 Firefox/3.6.3 (.NET CLR 3.5.30729)"
172.22.4.177 - - [09/Apr/2010:15:46:33 -0600] "GET /app/answers/detail/a_id/67/kw/camera HTTP/1.1" 200 59503 "-" "Mozilla/5.0 (Windows; U; Windows NT 5.1; en-US; rv:1.9.1.9) Gecko/20100315 Firefox/3.5.9 (.NET CLR 3.5.30729)"
172.22.4.177 - - [09/Apr/2010:15:47:08 -0600] "GET /app/answers/detail/a_id/67/kw/camera HTTP/1.1" 200 59503 "-" "Mozilla/5.0 (Windows; U; Windows NT 5.1; en-US; rv:1.9.1.9) Gecko/20100315 Firefox/3.5.9 (.NET CLR 3.5.30729)"
172.22.4.177 - - [09/Apr/2010:15:52:21 -0600] "GET /app/answers/detail/a_id/67/kw/camera HTTP/1.1" 200 59503 "-" "Mozilla/5.0 (Windows; U; Windows NT 5.1; en-US; rv:1.9.1.9) Gecko/20100315 Firefox/3.5.9 (.NET CLR 3.5.30729)"
127.0.0.1 - - [09/Apr/2010:15:56:56 -0600] "GET /ci/admin/deploy HTTP/1.0" 200 20570 "-" "Wget/1.10.2 (Red Hat modified)"
172.22.4.61 - - [09/Apr/2010:16:29:25 -0600] "GET /app/ask HTTP/1.1" 200 82521 "http://bcb.teton.rightnowtech.com/app/answers/detail/a_id/1/kw/address" "Mozilla/5.0 (Windows; U; Windows NT 5.1; en-US; rv:1.9.2.3) Gecko/20100401 Firefox/3.6.3 (.NET CLR 3.5.30729)"
172.22.4.61 - - [09/Apr/2010:16:33:41 -0600] "GET /app/ask HTTP/1.1" 200 82530 "http://bcb.teton.rightnowtech.com/app/answers/detail/a_id/1/kw/address" "Mozilla/5.0 (Windows; U; Windows NT 5.1; en-US; rv:1.9.2.3) Gecko/20100401 Firefox/3.6.3 (.NET CLR 3.5.30729)"
172.22.4.61 - - [09/Apr/2010:16:34:45 -0600] "GET /app/ask HTTP/1.1" 200 82530 "http://bcb.teton.rightnowtech.com/app/answers/detail/a_id/1/kw/address" "Mozilla/5.0 (Windows; U; Windows NT 5.1; en-US; rv:1.9.2.3) Gecko/20100401 Firefox/3.6.3 (.NET CLR 3.5.30729)"
172.22.4.61 - - [09/Apr/2010:16:36:07 -0600] "GET /app/ask HTTP/1.1" 200 82496 "http://bcb.teton.rightnowtech.com/app/answers/detail/a_id/1/kw/address" "Mozilla/5.0 (Windows; U; Windows NT 5.1; en-US; rv:1.9.2.3) Gecko/20100401 Firefox/3.6.3 (.NET CLR 3.5.30729)"
172.22.4.61 - - [09/Apr/2010:16:37:43 -0600] "GET /app/ask HTTP/1.1" 200 82504 "http://bcb.teton.rightnowtech.com/app/answers/detail/a_id/1/kw/address" "Mozilla/5.0 (Windows; U; Windows NT 5.1; en-US; rv:1.9.2.3) Gecko/20100401 Firefox/3.6.3 (.NET CLR 3.5.30729)"
172.22.4.61 - - [09/Apr/2010:16:42:45 -0600] "GET /app/ask HTTP/1.1" 200 82494 "http://bcb.teton.rightnowtech.com/app/answers/detail/a_id/1/kw/address" "Mozilla/5.0 (Windows; U; Windows NT 5.1; en-US; rv:1.9.2.3) Gecko/20100401 Firefox/3.6.3 (.NET CLR 3.5.30729)"
172.22.4.61 - - [09/Apr/2010:16:47:58 -0600] "GET /app/ask HTTP/1.1" 200 82517 "http://bcb.teton.rightnowtech.com/app/answers/detail/a_id/1/kw/address" "Mozilla/5.0 (Windows; U; Windows NT 5.1; en-US; rv:1.9.2.3) Gecko/20100401 Firefox/3.6.3 (.NET CLR 3.5.30729)"
172.22.4.61 - - [09/Apr/2010:16:53:08 -0600] "GET /app/ask HTTP/1.1" 200 82536 "http://bcb.teton.rightnowtech.com/app/answers/detail/a_id/1/kw/address" "Mozilla/5.0 (Windows; U; Windows NT 5.1; en-US; rv:1.9.2.3) Gecko/20100401 Firefox/3.6.3 (.NET CLR 3.5.30729)"
172.22.4.61 - - [09/Apr/2010:16:53:50 -0600] "GET /app/ask HTTP/1.1" 200 82536 "http://bcb.teton.rightnowtech.com/app/answers/detail/a_id/1/kw/address" "Mozilla/5.0 (Windows; U; Windows NT 5.1; en-US; rv:1.9.2.3) Gecko/20100401 Firefox/3.6.3 (.NET CLR 3.5.30729)"
172.22.4.61 - - [09/Apr/2010:16:54:07 -0600] "GET /app/ask HTTP/1.1" 200 82536 "http://bcb.teton.rightnowtech.com/app/answers/detail/a_id/1/kw/address" "Mozilla/5.0 (Windows; U; Windows NT 5.1; en-US; rv:1.9.2.3) Gecko/20100401 Firefox/3.6.3 (.NET CLR 3.5.30729)"
172.22.4.61 - - [09/Apr/2010:16:58:36 -0600] "GET /app/ask HTTP/1.1" 200 82536 "http://bcb.teton.rightnowtech.com/app/answers/detail/a_id/1/kw/address" "Mozilla/5.0 (Windows; U; Windows NT 5.1; en-US; rv:1.9.2.3) Gecko/20100401 Firefox/3.6.3 (.NET CLR 3.5.30729)"
172.22.4.61 - - [09/Apr/2010:16:59:52 -0600] "GET /app/ask HTTP/1.1" 200 82536 "http://bcb.teton.rightnowtech.com/app/answers/detail/a_id/1/kw/address" "Mozilla/5.0 (Windows; U; Windows NT 5.1; en-US; rv:1.9.2.3) Gecko/20100401 Firefox/3.6.3 (.NET CLR 3.5.30729)"
127.0.0.1 - - [10/Apr/2010:10:36:15 -0600] "GET /ci/admin/deploy HTTP/1.0" 200 19834 "-" "Wget/1.10.2 (Red Hat modified)"
127.0.0.1 - - [12/Apr/2010:09:28:45 -0600] "GET /ci/admin/deploy HTTP/1.0" 200 41104 "-" "Wget/1.10.2 (Red Hat modified)"
127.0.0.1 - - [12/Apr/2010:09:58:43 -0600] "GET /ci/admin/deploy HTTP/1.0" 200 41739 "-" "Wget/1.10.2 (Red Hat modified)"
127.0.0.1 - - [12/Apr/2010:10:00:10 -0600] "GET /ci/admin/deploy HTTP/1.0" 200 19798 "-" "Wget/1.10.2 (Red Hat modified)"
172.22.7.88 - - [12/Apr/2010:10:23:30 -0600] "GET /ci/browserSearch/desc/http%3A%2F%2Flsalis.teton.rightnowtech.com%2Fapp%2Fanswers%2Flist%2Fkw%2F%7BsearchTerms%7D/Support+Home+Page+Search/Support+Home+Page+Search/images%2Ficons%2FSearch16.png HTTP/1.1" 200 827 "-" "Mozilla/5.0 (Windows; U; Windows NT 6.1; en-US) AppleWebKit/533.4 (KHTML, like Gecko) Chrome/5.0.371.0 Safari/533.4"
172.22.7.88 - - [12/Apr/2010:10:23:34 -0600] "GET /ci/admin HTTP/1.1" 401 16 "-" "Mozilla/5.0 (Windows; U; Windows NT 6.1; en-US) AppleWebKit/533.4 (KHTML, like Gecko) Chrome/5.0.371.0 Safari/533.4"
172.22.7.88 - - [12/Apr/2010:10:23:36 -0600] "GET /ci/admin HTTP/1.1" 200 11426 "-" "Mozilla/5.0 (Windows; U; Windows NT 6.1; en-US) AppleWebKit/533.4 (KHTML, like Gecko) Chrome/5.0.371.0 Safari/533.4"
127.0.0.1 - - [12/Apr/2010:10:21:41 -0600] "GET /ci/admin/deploy HTTP/1.0" 200 41875 "-" "Wget/1.10.2 (Red Hat modified)"
127.0.0.1 - - [12/Apr/2010:10:28:07 -0600] "GET /ci/admin/deploy HTTP/1.0" 200 20785 "-" "Wget/1.10.2 (Red Hat modified)"
172.22.4.21 - - [12/Apr/2010:10:34:33 -0600] "GET /ci/admin HTTP/1.1" 401 16 "-" "Mozilla/5.0 (Windows; U; Windows NT 5.1; en-US; rv:1.9.2.3) Gecko/20100401 Firefox/3.6.3 (.NET CLR 3.5.30729)"
172.22.4.21 - - [12/Apr/2010:10:34:35 -0600] "GET /ci/admin HTTP/1.1" 200 11427 "-" "Mozilla/5.0 (Windows; U; Windows NT 5.1; en-US; rv:1.9.2.3) Gecko/20100401 Firefox/3.6.3 (.NET CLR 3.5.30729)"
172.22.4.21 - - [12/Apr/2010:10:34:37 -0600] "GET /ci/admin/set_cookie/development HTTP/1.1" 302 - "http://leif.teton/ci/admin" "Mozilla/5.0 (Windows; U; Windows NT 5.1; en-US; rv:1.9.2.3) Gecko/20100401 Firefox/3.6.3 (.NET CLR 3.5.30729)"
172.22.4.21 - - [12/Apr/2010:10:34:56 -0600] "GET /ci/admin HTTP/1.1" 401 16 "-" "Mozilla/5.0 (Windows; U; Windows NT 5.1; en-US; rv:1.9.2.3) Gecko/20100401 Firefox/3.6.3 (.NET CLR 3.5.30729)"
172.22.4.21 - - [12/Apr/2010:10:34:58 -0600] "GET /ci/admin HTTP/1.1" 401 16 "-" "Mozilla/5.0 (Windows; U; Windows NT 5.1; en-US; rv:1.9.2.3) Gecko/20100401 Firefox/3.6.3 (.NET CLR 3.5.30729)"
172.22.4.21 - - [12/Apr/2010:10:35:01 -0600] "GET /ci/admin HTTP/1.1" 200 11434 "-" "Mozilla/5.0 (Windows; U; Windows NT 5.1; en-US; rv:1.9.2.3) Gecko/20100401 Firefox/3.6.3 (.NET CLR 3.5.30729)"
172.22.4.21 - - [12/Apr/2010:10:35:03 -0600] "GET /ci/admin/set_cookie/development HTTP/1.1" 302 - "http://bcb.teton/ci/admin" "Mozilla/5.0 (Windows; U; Windows NT 5.1; en-US; rv:1.9.2.3) Gecko/20100401 Firefox/3.6.3 (.NET CLR 3.5.30729)"
172.22.4.21 - - [12/Apr/2010:10:35:07 -0600] "GET /ci/admin HTTP/1.1" 401 16 "-" "Mozilla/5.0 (Windows; U; Windows NT 5.1; en-US; rv:1.9.2.3) Gecko/20100401 Firefox/3.6.3 (.NET CLR 3.5.30729)"
172.22.4.21 - - [12/Apr/2010:10:35:12 -0600] "GET /ci/admin HTTP/1.1" 200 11434 "-" "Mozilla/5.0 (Windows; U; Windows NT 5.1; en-US; rv:1.9.2.3) Gecko/20100401 Firefox/3.6.3 (.NET CLR 3.5.30729)"
172.22.4.21 - - [12/Apr/2010:10:35:13 -0600] "GET /ci/admin/set_cookie/development HTTP/1.1" 302 - "http://bcb.teton.rightnowtech.com/ci/admin" "Mozilla/5.0 (Windows; U; Windows NT 5.1; en-US; rv:1.9.2.3) Gecko/20100401 Firefox/3.6.3 (.NET CLR 3.5.30729)"
172.22.7.88 - - [12/Apr/2010:10:59:33 -0600] "GET /ci/configurations HTTP/1.1" 200 8335 "http://lsalis.teton.rightnowtech.com/ci/admin" "Mozilla/5.0 (Windows; U; Windows NT 6.1; en-US) AppleWebKit/533.4 (KHTML, like Gecko) Chrome/5.0.371.0 Safari/533.4"
172.22.7.88 - - [12/Apr/2010:10:59:35 -0600] "GET /ci/configurations/pageSet HTTP/1.1" 200 12979 "http://lsalis.teton.rightnowtech.com/ci/configurations" "Mozilla/5.0 (Windows; U; Windows NT 6.1; en-US) AppleWebKit/533.4 (KHTML, like Gecko) Chrome/5.0.371.0 Safari/533.4"
10.40.10.30 - - [12/Apr/2010:11:25:16 -0600] "GET /app/chat/chat_launch HTTP/1.1" 200 27690 "-" "Mozilla/4.0 (compatible; MSIE 8.0; Windows NT 6.1; WOW64; Trident/4.0; SLCC2; .NET CLR 2.0.50727; .NET CLR 3.5.30729; .NET CLR 3.0.30729; Media Center PC 6.0; MS-RTC LM 8; OfficeLiveConnector.1.4; OfficeLivePatch.1.3; InfoPath.2)"
127.0.0.1 - - [12/Apr/2010:11:30:25 -0600] "GET /ci/admin/deploy HTTP/1.0" 200 13922 "-" "Wget/1.10.2 (Red Hat modified)"
127.0.0.1 - - [12/Apr/2010:12:15:24 -0600] "GET /ci/admin/deploy HTTP/1.0" 200 16839 "-" "Wget/1.10.2 (Red Hat modified)"
127.0.0.1 - - [12/Apr/2010:13:35:42 -0600] "GET /ci/admin/deploy HTTP/1.0" 200 41924 "-" "Wget/1.10.2 (Red Hat modified)"
172.22.7.243 - - [12/Apr/2010:13:46:22 -0600] "GET /app/agent/guided_assistant/g_id/4/session_id/v59ZjcORxv/account_id/2 HTTP/1.1" 200 10114 "-" "Mozilla/4.0 (compatible; MSIE 6.0; Windows NT 5.1; SV1; InfoPath.2; .NET CLR 2.0.50727; .NET CLR 3.0.04506.648; .NET CLR 3.5.21022; .NET CLR 3.0.4506.2152; .NET CLR 3.5.30729)"
127.0.0.1 - - [12/Apr/2010:14:40:57 -0600] "GET /ci/admin/deploy HTTP/1.0" 200 20718 "-" "Wget/1.10.2 (Red Hat modified)"
127.0.0.1 - - [12/Apr/2010:15:19:08 -0600] "GET /ci/admin/deploy HTTP/1.0" 200 20780 "-" "Wget/1.10.2 (Red Hat modified)"
172.22.7.207 - - [12/Apr/2010:16:15:26 -0600] "GET /ci/admin HTTP/1.1" 401 16 "-" "Mozilla/5.0 (X11; U; Linux i686; en-US; rv:1.9.1.3) Gecko/20090824 Firefox/3.5.3 GTB6"
172.22.7.207 - - [12/Apr/2010:16:15:30 -0600] "GET /ci/admin HTTP/1.1" 200 11427 "-" "Mozilla/5.0 (X11; U; Linux i686; en-US; rv:1.9.1.3) Gecko/20090824 Firefox/3.5.3 GTB6"
172.22.7.207 - - [12/Apr/2010:16:15:33 -0600] "GET /ci/admin/set_cookie/development HTTP/1.1" 302 - "http://jlindhtrunk.teton.rightnowtech.com/ci/admin" "Mozilla/5.0 (X11; U; Linux i686; en-US; rv:1.9.1.3) Gecko/20090824 Firefox/3.5.3 GTB6"
172.22.7.207 - - [12/Apr/2010:16:15:39 -0600] "GET /app/chat/chat_launch/session/L3RpbWUvMTI3MTExMDUzNC9zaWQvanlBeXNmWmo%3D HTTP/1.1" 200 42534 "http://jlindhtrunk.teton.rightnowtech.com/app" "Mozilla/5.0 (X11; U; Linux i686; en-US; rv:1.9.1.3) Gecko/20090824 Firefox/3.5.3 GTB6"
172.22.7.207 - - [12/Apr/2010:16:15:49 -0600] "GET /app/chat/chat_launch/session/L3RpbWUvMTI3MTExMDUzNC9zaWQvanlBeXNmWmo%3D HTTP/1.1" 200 40800 "http://jlindhtrunk.teton.rightnowtech.com/app" "Mozilla/5.0 (X11; U; Linux i686; en-US; rv:1.9.1.3) Gecko/20090824 Firefox/3.5.3 GTB6"
172.22.7.207 - - [12/Apr/2010:16:17:09 -0600] "GET /app/chat/chat_launch/session/L3RpbWUvMTI3MTExMDUzNC9zaWQvanlBeXNmWmo%3D HTTP/1.1" 200 40800 "http://jlindhtrunk.teton.rightnowtech.com/app" "Mozilla/5.0 (X11; U; Linux i686; en-US; rv:1.9.1.3) Gecko/20090824 Firefox/3.5.3 GTB6"
10.1.72.169 - - [12/Apr/2010:17:10:27 -0600] "GET /app/ask HTTP/1.1" 200 68861 "-" "Mozilla/5.0 (iPod; U; CPU iPhone OS 3_1_3 like Mac OS X; en-us) AppleWebKit/528.18 (KHTML, like Gecko) Version/4.0 Mobile/7E18 Safari/528.16"
127.0.0.1 - - [13/Apr/2010:10:30:09 -0600] "GET /ci/admin/deploy HTTP/1.0" 200 41009 "-" "Wget/1.10.2 (Red Hat modified)"
127.0.0.1 - - [13/Apr/2010:10:52:12 -0600] "GET /ci/admin/deploy HTTP/1.0" 200 41842 "-" "Wget/1.10.2 (Red Hat modified)"
127.0.0.1 - - [13/Apr/2010:11:04:15 -0600] "GET /ci/admin/deploy HTTP/1.0" 200 41837 "-" "Wget/1.10.2 (Red Hat modified)"
127.0.0.1 - - [13/Apr/2010:11:59:35 -0600] "GET /ci/admin/deploy HTTP/1.0" 200 20595 "-" "Wget/1.10.2 (Red Hat modified)"
127.0.0.1 - - [13/Apr/2010:12:31:29 -0600] "GET /ci/admin/deploy HTTP/1.0" 200 41529 "-" "Wget/1.10.2 (Red Hat modified)"
127.0.0.1 - - [13/Apr/2010:13:34:22 -0600] "GET /ci/admin/deploy HTTP/1.0" 200 74500 "-" "Wget/1.10.2 (Red Hat modified)"
10.1.72.64 - - [13/Apr/2010:14:51:37 -0600] "GET /ci/admin HTTP/1.1" 401 16 "-" "Mozilla/5.0 (Windows; U; Windows NT 5.1; en-US; rv:1.9.1.9) Gecko/20100315 Firefox/3.5.9 (.NET CLR 3.5.30729)"
10.1.72.64 - - [13/Apr/2010:14:51:43 -0600] "GET /ci/admin HTTP/1.1" 200 11427 "-" "Mozilla/5.0 (Windows; U; Windows NT 5.1; en-US; rv:1.9.1.9) Gecko/20100315 Firefox/3.5.9 (.NET CLR 3.5.30729)"
10.1.72.64 - - [13/Apr/2010:14:51:54 -0600] "GET /ci/configurations HTTP/1.1" 200 8336 "http://erich.teton.rightnowtech.com/ci/admin" "Mozilla/5.0 (Windows; U; Windows NT 5.1; en-US; rv:1.9.1.9) Gecko/20100315 Firefox/3.5.9 (.NET CLR 3.5.30729)"
10.1.72.64 - - [13/Apr/2010:14:51:58 -0600] "GET /ci/configurations/pageSet HTTP/1.1" 200 13506 "http://erich.teton.rightnowtech.com/ci/configurations" "Mozilla/5.0 (Windows; U; Windows NT 5.1; en-US; rv:1.9.1.9) Gecko/20100315 Firefox/3.5.9 (.NET CLR 3.5.30729)"
10.1.72.64 - - [13/Apr/2010:14:52:49 -0600] "GET /ci/configurations/pageSet/ HTTP/1.1" 200 14103 "http://erich.teton.rightnowtech.com/ci/configurations/pageSet" "Mozilla/5.0 (Windows; U; Windows NT 5.1; en-US; rv:1.9.1.9) Gecko/20100315 Firefox/3.5.9 (.NET CLR 3.5.30729)"
127.0.0.1 - - [13/Apr/2010:15:03:54 -0600] "GET /ci/admin/deploy HTTP/1.0" 200 20772 "-" "Wget/1.10.2 (Red Hat modified)"
172.22.5.5 - - [13/Apr/2010:15:42:54 -0600] "GET /ci/admin/ HTTP/1.1" 401 16 "-" "Mozilla/5.0 (Windows; U; Windows NT 5.1; en-US) AppleWebKit/533.4 (KHTML, like Gecko) Chrome/5.0.375.3 Safari/533.4"
172.22.5.5 - - [13/Apr/2010:15:42:57 -0600] "GET /ci/admin/ HTTP/1.1" 401 16 "-" "Mozilla/5.0 (Windows; U; Windows NT 5.1; en-US) AppleWebKit/533.4 (KHTML, like Gecko) Chrome/5.0.375.3 Safari/533.4"
172.22.5.5 - - [13/Apr/2010:15:43:03 -0600] "GET /ci/admin/ HTTP/1.1" 401 16 "-" "Mozilla/5.0 (Windows; U; Windows NT 5.1; en-US) AppleWebKit/533.4 (KHTML, like Gecko) Chrome/5.0.375.3 Safari/533.4"
172.22.5.5 - - [13/Apr/2010:15:43:51 -0600] "GET /ci/admin/ HTTP/1.1" 200 1062 "-" "Mozilla/5.0 (Windows; U; Windows NT 5.1; en-US) AppleWebKit/533.4 (KHTML, like Gecko) Chrome/5.0.375.3 Safari/533.4"
172.22.5.5 - - [13/Apr/2010:15:44:47 -0600] "GET /ci/admin/ HTTP/1.1" 200 20 "-" "Mozilla/5.0 (Windows; U; Windows NT 5.1; en-US) AppleWebKit/533.4 (KHTML, like Gecko) Chrome/5.0.375.3 Safari/533.4"
172.22.5.5 - - [13/Apr/2010:15:45:03 -0600] "GET /ci/admin/ HTTP/1.1" 401 16 "-" "Mozilla/5.0 (Windows; U; Windows NT 5.1; en-US) AppleWebKit/533.4 (KHTML, like Gecko) Chrome/5.0.375.3 Safari/533.4"
172.22.5.5 - - [13/Apr/2010:15:45:09 -0600] "GET /ci/admin/ HTTP/1.1" 200 20 "-" "Mozilla/5.0 (Windows; U; Windows NT 5.1; en-US) AppleWebKit/533.4 (KHTML, like Gecko) Chrome/5.0.375.3 Safari/533.4"
172.22.7.155 - - [13/Apr/2010:15:45:17 -0600] "GET /ci/browserSearch/desc/http%3A%2F%2Fframework.teton.rightnowtech.com%2Fapp%2Fanswers%2Flist%2Fkw%2F%7BsearchTerms%7D/Support+Home+Page+Search/Support+Home+Page+Search/images%2Ficons%2FSearch16.png HTTP/1.1" 200 833 "-" "Mozilla/4.0 (compatible; MSIE 8.0; Windows NT 5.1; Trident/4.0; InfoPath.2; .NET CLR 2.0.50727; .NET CLR 3.0.04506.648; .NET CLR 3.5.21022; .NET CLR 3.0.4506.2152; .NET CLR 3.5.30729; MS-RTC LM 8)"
172.22.7.155 - - [13/Apr/2010:15:45:35 -0600] "GET /app/answers/list/session/L3NpZC9oWDJZQ2taag%3D%3D HTTP/1.1" 200 31736 "http://framework.teton.rightnowtech.com/" "Mozilla/4.0 (compatible; MSIE 7.0; Windows NT 5.1; Trident/4.0; InfoPath.2; .NET CLR 2.0.50727; .NET CLR 3.0.04506.648; .NET CLR 3.5.21022; .NET CLR 3.0.4506.2152; .NET CLR 3.5.30729; MS-RTC LM 8)"
172.22.7.155 - - [13/Apr/2010:15:45:41 -0600] "GET /app/answers/detail/a_id/20 HTTP/1.1" 200 31084 "http://framework.teton.rightnowtech.com/app/answers/list/session/L3NpZC9oWDJZQ2taag%3D%3D" "Mozilla/4.0 (compatible; MSIE 7.0; Windows NT 5.1; Trident/4.0; InfoPath.2; .NET CLR 2.0.50727; .NET CLR 3.0.04506.648; .NET CLR 3.5.21022; .NET CLR 3.0.4506.2152; .NET CLR 3.5.30729; MS-RTC LM 8)"
172.22.7.155 - - [13/Apr/2010:15:46:05 -0600] "GET /ci/fattach/get/15/ HTTP/1.1" 200 9022 "-" "Mozilla/4.0 (compatible; MSIE 7.0; Windows NT 5.1; Trident/4.0; InfoPath.2; .NET CLR 2.0.50727; .NET CLR 3.0.04506.648; .NET CLR 3.5.21022; .NET CLR 3.0.4506.2152; .NET CLR 3.5.30729; MS-RTC LM 8)"
172.22.7.155 - - [13/Apr/2010:15:46:21 -0600] "GET /ci/fattach/get/15/ HTTP/1.1" 304 - "-" "Mozilla/4.0 (compatible; MSIE 7.0; Windows NT 5.1; Trident/4.0; InfoPath.2; .NET CLR 2.0.50727; .NET CLR 3.0.04506.648; .NET CLR 3.5.21022; .NET CLR 3.0.4506.2152; .NET CLR 3.5.30729; MS-RTC LM 8)"
172.22.7.155 - - [13/Apr/2010:15:46:50 -0600] "GET /ci/fattach/get/15/ HTTP/1.1" 304 - "-" "Mozilla/4.0 (compatible; MSIE 7.0; Windows NT 5.1; Trident/4.0; InfoPath.2; .NET CLR 2.0.50727; .NET CLR 3.0.04506.648; .NET CLR 3.5.21022; .NET CLR 3.0.4506.2152; .NET CLR 3.5.30729; MS-RTC LM 8)"
172.22.7.155 - - [13/Apr/2010:15:47:10 -0600] "GET /app/answers/detail/a_id/20 HTTP/1.1" 200 31171 "http://framework.teton.rightnowtech.com/app/answers/list/session/L3NpZC9oWDJZQ2taag%3D%3D" "Mozilla/4.0 (compatible; MSIE 7.0; Windows NT 5.1; Trident/4.0; InfoPath.2; .NET CLR 2.0.50727; .NET CLR 3.0.04506.648; .NET CLR 3.5.21022; .NET CLR 3.0.4506.2152; .NET CLR 3.5.30729; MS-RTC LM 8)"
172.22.7.155 - - [13/Apr/2010:15:47:11 -0600] "GET /ci/fattach/get/15/ HTTP/1.1" 304 - "http://framework.teton.rightnowtech.com/app/answers/detail/a_id/20" "Mozilla/4.0 (compatible; MSIE 7.0; Windows NT 5.1; Trident/4.0; InfoPath.2; .NET CLR 2.0.50727; .NET CLR 3.0.04506.648; .NET CLR 3.5.21022; .NET CLR 3.0.4506.2152; .NET CLR 3.5.30729; MS-RTC LM 8)"
172.22.5.5 - - [13/Apr/2010:15:47:33 -0600] "GET /ci/admin/ HTTP/1.1" 401 16 "-" "Mozilla/5.0 (Windows; U; Windows NT 5.1; en-US) AppleWebKit/533.4 (KHTML, like Gecko) Chrome/5.0.375.3 Safari/533.4"
172.22.5.5 - - [13/Apr/2010:15:47:33 -0600] "GET /ci/admin/ HTTP/1.1" 401 16 "-" "Mozilla/5.0 (Windows; U; Windows NT 5.1; en-US) AppleWebKit/533.4 (KHTML, like Gecko) Chrome/5.0.375.3 Safari/533.4"
172.22.5.5 - - [13/Apr/2010:15:47:41 -0600] "GET /ci/admin/ HTTP/1.1" 200 193 "-" "Mozilla/5.0 (Windows; U; Windows NT 5.1; en-US) AppleWebKit/533.4 (KHTML, like Gecko) Chrome/5.0.375.3 Safari/533.4"
172.22.5.5 - - [13/Apr/2010:15:48:01 -0600] "GET /ci/admin/ HTTP/1.1" 401 16 "-" "Mozilla/5.0 (Windows; U; Windows NT 5.1; en-US) AppleWebKit/533.4 (KHTML, like Gecko) Chrome/5.0.375.3 Safari/533.4"
172.22.5.5 - - [13/Apr/2010:15:48:01 -0600] "GET /ci/admin/ HTTP/1.1" 401 16 "-" "Mozilla/5.0 (Windows; U; Windows NT 5.1; en-US) AppleWebKit/533.4 (KHTML, like Gecko) Chrome/5.0.375.3 Safari/533.4"
172.22.5.5 - - [13/Apr/2010:15:48:06 -0600] "GET /ci/admin/ HTTP/1.1" 200 90 "-" "Mozilla/5.0 (Windows; U; Windows NT 5.1; en-US) AppleWebKit/533.4 (KHTML, like Gecko) Chrome/5.0.375.3 Safari/533.4"
172.22.5.14 - - [13/Apr/2010:15:53:48 -0600] "GET /app/answers/detail/a_id/20/session/L3NpZC9fQTNXRWtaag%3D%3D HTTP/1.1" 200 30930 "http://framework.teton.rightnowtech.com/" "Mozilla/5.0 (Windows; U; Windows NT 5.1; en-US; rv:1.9.2.2) Gecko/20100316 Firefox/3.6.2 (.NET CLR 3.5.30729)"
172.22.5.14 - - [13/Apr/2010:15:53:49 -0600] "GET /ci/fattach/get/15/ HTTP/1.1" 200 9022 "http://framework.teton.rightnowtech.com/app/answers/detail/a_id/20/session/L3NpZC9fQTNXRWtaag%3D%3D" "Mozilla/5.0 (Windows; U; Windows NT 5.1; en-US; rv:1.9.2.2) Gecko/20100316 Firefox/3.6.2 (.NET CLR 3.5.30729)"
172.22.5.14 - - [13/Apr/2010:15:54:19 -0600] "GET /ci/fattach/get/15/ HTTP/1.1" 304 - "http://framework.teton.rightnowtech.com/app/answers/detail/a_id/20/session/L3NpZC9fQTNXRWtaag%3D%3D" "Mozilla/5.0 (Windows; U; Windows NT 5.1; en-US; rv:1.9.2.2) Gecko/20100316 Firefox/3.6.2 (.NET CLR 3.5.30729)"
172.22.5.14 - - [13/Apr/2010:15:54:36 -0600] "GET /app/answers/detail/a_id/3/session/L3NpZC9fQTNXRWtaag%3D%3D HTTP/1.1" 200 39242 "http://framework.teton.rightnowtech.com/" "Mozilla/5.0 (Windows; U; Windows NT 5.1; en-US; rv:1.9.2.2) Gecko/20100316 Firefox/3.6.2 (.NET CLR 3.5.30729)"
172.22.5.14 - - [13/Apr/2010:15:55:20 -0600] "GET /app/answers/detail/a_id/9/related/1 HTTP/1.1" 200 30492 "http://framework.teton.rightnowtech.com/app/answers/detail/a_id/3/session/L3NpZC9fQTNXRWtaag%3D%3D" "Mozilla/5.0 (Windows; U; Windows NT 5.1; en-US; rv:1.9.2.2) Gecko/20100316 Firefox/3.6.2 (.NET CLR 3.5.30729)"
172.22.5.5 - - [13/Apr/2010:15:55:38 -0600] "GET /ci/admin/ HTTP/1.1" 200 113 "-" "Mozilla/5.0 (Windows; U; Windows NT 5.1; en-US) AppleWebKit/533.4 (KHTML, like Gecko) Chrome/5.0.375.3 Safari/533.4"
172.22.5.5 - - [13/Apr/2010:15:55:48 -0600] "GET /ci/admin/ HTTP/1.1" 200 11427 "-" "Mozilla/5.0 (Windows; U; Windows NT 5.1; en-US) AppleWebKit/533.4 (KHTML, like Gecko) Chrome/5.0.375.3 Safari/533.4"
172.22.5.14 - - [13/Apr/2010:15:56:05 -0600] "GET /app/answers/detail/a_id/5/session/L3NpZC9fQTNXRWtaag%3D%3D HTTP/1.1" 200 32396 "http://framework.teton.rightnowtech.com/" "Mozilla/5.0 (Windows; U; Windows NT 5.1; en-US; rv:1.9.2.2) Gecko/20100316 Firefox/3.6.2 (.NET CLR 3.5.30729)"
172.22.5.14 - - [13/Apr/2010:15:56:06 -0600] "GET /ci/fattach/get/5/ HTTP/1.1" 200 2650 "http://framework.teton.rightnowtech.com/app/answers/detail/a_id/5/session/L3NpZC9fQTNXRWtaag%3D%3D" "Mozilla/5.0 (Windows; U; Windows NT 5.1; en-US; rv:1.9.2.2) Gecko/20100316 Firefox/3.6.2 (.NET CLR 3.5.30729)"
172.22.5.14 - - [13/Apr/2010:15:56:30 -0600] "GET /app/ask HTTP/1.1" 200 24955 "http://framework.teton.rightnowtech.com/app/answers/detail/a_id/5/session/L3NpZC9fQTNXRWtaag%3D%3D" "Mozilla/5.0 (Windows; U; Windows NT 5.1; en-US; rv:1.9.2.2) Gecko/20100316 Firefox/3.6.2 (.NET CLR 3.5.30729)"
172.22.5.14 - - [13/Apr/2010:15:56:33 -0600] "GET /app/answers/list HTTP/1.1" 200 31270 "http://framework.teton.rightnowtech.com/app/ask" "Mozilla/5.0 (Windows; U; Windows NT 5.1; en-US; rv:1.9.2.2) Gecko/20100316 Firefox/3.6.2 (.NET CLR 3.5.30729)"
172.22.5.14 - - [13/Apr/2010:15:56:59 -0600] "GET /app/answers/detail/a_id/18 HTTP/1.1" 200 32907 "http://framework.teton.rightnowtech.com/app/answers/list" "Mozilla/5.0 (Windows; U; Windows NT 5.1; en-US; rv:1.9.2.2) Gecko/20100316 Firefox/3.6.2 (.NET CLR 3.5.30729)"
172.22.5.14 - - [13/Apr/2010:15:57:00 -0600] "GET /ci/fattach/get/12/ HTTP/1.1" 200 10935 "http://framework.teton.rightnowtech.com/app/answers/detail/a_id/18" "Mozilla/5.0 (Windows; U; Windows NT 5.1; en-US; rv:1.9.2.2) Gecko/20100316 Firefox/3.6.2 (.NET CLR 3.5.30729)"
172.22.5.14 - - [13/Apr/2010:15:56:59 -0600] "GET /ci/fattach/get/14/ HTTP/1.1" 200 6099 "http://framework.teton.rightnowtech.com/app/answers/detail/a_id/18" "Mozilla/5.0 (Windows; U; Windows NT 5.1; en-US; rv:1.9.2.2) Gecko/20100316 Firefox/3.6.2 (.NET CLR 3.5.30729)"
172.22.5.14 - - [13/Apr/2010:15:57:00 -0600] "GET /ci/fattach/get/13/ HTTP/1.1" 200 14867 "http://framework.teton.rightnowtech.com/app/answers/detail/a_id/18" "Mozilla/5.0 (Windows; U; Windows NT 5.1; en-US; rv:1.9.2.2) Gecko/20100316 Firefox/3.6.2 (.NET CLR 3.5.30729)"
172.22.5.14 - - [13/Apr/2010:15:57:48 -0600] "GET /app/answers/detail/a_id/12 HTTP/1.1" 200 30598 "http://framework.teton.rightnowtech.com/app/answers/list" "Mozilla/5.0 (Windows; U; Windows NT 5.1; en-US; rv:1.9.2.2) Gecko/20100316 Firefox/3.6.2 (.NET CLR 3.5.30729)"
172.22.5.14 - - [13/Apr/2010:15:57:58 -0600] "GET /app/answers/detail/a_id/16/related/1 HTTP/1.1" 200 30852 "http://framework.teton.rightnowtech.com/app/answers/detail/a_id/12" "Mozilla/5.0 (Windows; U; Windows NT 5.1; en-US; rv:1.9.2.2) Gecko/20100316 Firefox/3.6.2 (.NET CLR 3.5.30729)"
192.168.6.179 - - [13/Apr/2010:15:59:58 -0600] "GET /ci/browserSearch/desc/http%3A%2F%2Flsalis.teton.rightnowtech.com%2Fapp%2Fanswers%2Flist%2Fkw%2F%7BsearchTerms%7D/Support+Home+Page+Search/Support+Home+Page+Search/images%2Ficons%2FSearch16.png HTTP/1.1" 200 827 "-" "Mozilla/5.0 (Windows; U; Windows NT 6.1; en-US) AppleWebKit/533.4 (KHTML, like Gecko) Chrome/5.0.375.3 Safari/533.4"
192.168.6.179 - - [13/Apr/2010:16:01:46 -0600] "GET /app/agent/guided_assistant/g_id/2/session_id/N15NLm-Nt*/account_id/2/preview/agent HTTP/1.1" 200 12094 "-" "Mozilla/4.0 (compatible; MSIE 7.0; Windows NT 6.1; WOW64; Trident/4.0; SLCC2; .NET CLR 2.0.50727; .NET CLR 3.5.30729; .NET CLR 3.0.30729; Media Center PC 6.0; InfoPath.2; MS-RTC LM 8)"
172.22.5.5 - - [13/Apr/2010:16:02:06 -0600] "GET /ci/admin/ HTTP/1.1" 401 16 "-" "Mozilla/5.0 (Windows; U; Windows NT 5.1; en-US) AppleWebKit/533.4 (KHTML, like Gecko) Chrome/5.0.375.3 Safari/533.4"
172.22.5.5 - - [13/Apr/2010:16:02:07 -0600] "GET /ci/admin/ HTTP/1.1" 401 16 "-" "Mozilla/5.0 (Windows; U; Windows NT 5.1; en-US) AppleWebKit/533.4 (KHTML, like Gecko) Chrome/5.0.375.3 Safari/533.4"
192.168.6.179 - - [13/Apr/2010:16:02:07 -0600] "GET /app/agent/guided_assistant/g_id/2/session_id/N15NLm-Nt*/account_id/2/preview/agent HTTP/1.1" 200 12027 "-" "Mozilla/4.0 (compatible; MSIE 7.0; Windows NT 6.1; WOW64; Trident/4.0; SLCC2; .NET CLR 2.0.50727; .NET CLR 3.5.30729; .NET CLR 3.0.30729; Media Center PC 6.0; InfoPath.2; MS-RTC LM 8)"
192.168.6.179 - - [13/Apr/2010:16:02:32 -0600] "GET /ci/fattach/get/25/1268349602 HTTP/1.1" 200 145847 "-" "Mozilla/4.0 (compatible; MSIE 7.0; Windows NT 6.1; WOW64; Trident/4.0; SLCC2; .NET CLR 2.0.50727; .NET CLR 3.5.30729; .NET CLR 3.0.30729; Media Center PC 6.0; InfoPath.2; MS-RTC LM 8)"
192.168.6.179 - - [13/Apr/2010:16:04:05 -0600] "GET /app/agent/guided_assistant/g_id/5/session_id/N15NLm-Nt*/account_id/2/preview/agent HTTP/1.1" 200 16983 "-" "Mozilla/4.0 (compatible; MSIE 7.0; Windows NT 6.1; WOW64; Trident/4.0; SLCC2; .NET CLR 2.0.50727; .NET CLR 3.5.30729; .NET CLR 3.0.30729; Media Center PC 6.0; InfoPath.2; MS-RTC LM 8)"
192.168.6.179 - - [13/Apr/2010:16:05:34 -0600] "GET /app/answers/list/session/L3RpbWUvMTI3MTE5NTk5Mi9zaWQvOFg1bkdrWmo%3D HTTP/1.1" 200 39895 "http://lsalis.teton.rightnowtech.com/" "Mozilla/5.0 (Windows; U; Windows NT 6.1; en-US) AppleWebKit/533.4 (KHTML, like Gecko) Chrome/5.0.375.3 Safari/533.4"
192.168.6.179 - - [13/Apr/2010:16:05:47 -0600] "GET /app/answers/detail/a_id/52 HTTP/1.1" 200 33203 "http://lsalis.teton.rightnowtech.com/app/answers/list/session/L3RpbWUvMTI3MTE5NTk5Mi9zaWQvOFg1bkdrWmo%3D" "Mozilla/5.0 (Windows; U; Windows NT 6.1; en-US) AppleWebKit/533.4 (KHTML, like Gecko) Chrome/5.0.375.3 Safari/533.4"
192.168.6.179 - - [13/Apr/2010:16:05:50 -0600] "GET /app/answers/detail/a_id/52/g_id/5 HTTP/1.1" 200 43833 "-" "Mozilla/5.0 (Windows; U; Windows NT 6.1; en-US) AppleWebKit/533.4 (KHTML, like Gecko) Chrome/5.0.375.3 Safari/533.4"
192.168.6.179 - - [13/Apr/2010:16:06:10 -0600] "GET /app/agent/guided_assistant/g_id/5/session_id/N15NLm-Nt*/account_id/2/preview/agent HTTP/1.1" 200 16983 "-" "Mozilla/4.0 (compatible; MSIE 7.0; Windows NT 6.1; WOW64; Trident/4.0; SLCC2; .NET CLR 2.0.50727; .NET CLR 3.5.30729; .NET CLR 3.0.30729; Media Center PC 6.0; InfoPath.2; MS-RTC LM 8)"
192.168.6.179 - - [13/Apr/2010:16:06:29 -0600] "GET /app/answers/detail/a_id/52/g_id/5 HTTP/1.1" 200 45057 "-" "Mozilla/4.0 (compatible; MSIE 8.0; Windows NT 6.1; WOW64; Trident/4.0; SLCC2; .NET CLR 2.0.50727; .NET CLR 3.5.30729; .NET CLR 3.0.30729; Media Center PC 6.0; InfoPath.2; MS-RTC LM 8) chromeframe/5.0.366.0"
192.168.6.179 - - [13/Apr/2010:16:06:29 -0600] "GET /app/answers/detail/a_id/52/g_id/5 HTTP/1.1" 200 44073 "-" "Mozilla/4.0 (compatible; MSIE 8.0; Windows NT 6.1; WOW64; Trident/4.0; SLCC2; .NET CLR 2.0.50727; .NET CLR 3.5.30729; .NET CLR 3.0.30729; Media Center PC 6.0; InfoPath.2; MS-RTC LM 8) chromeframe/5.0.366.0"
