10.1.72.170 - - [19/Apr/2010:13:58:34 -0600] "GET /ci/admin HTTP/1.1" 401 16 "-" "Mozilla/5.0 (Linux; U; Android 2.1-update1; en-us; Droid Build/ESE81) AppleWebKit/530.17 (KHTML, like Gecko) Version/4.0 Mobile Safari/530.17"
10.1.72.170 - - [19/Apr/2010:13:58:34 -0600] "GET /ci/admin HTTP/1.1" 200 11434 "-" "Mozilla/5.0 (Linux; U; Android 2.1-update1; en-us; Droid Build/ESE81) AppleWebKit/530.17 (KHTML, like Gecko) Version/4.0 Mobile Safari/530.17"
10.1.72.170 - - [19/Apr/2010:13:58:44 -0600] "GET /ci/admin/set_cookie/development HTTP/1.1" 401 16 "http://bcb.teton.rightnowtech.com/ci/admin" "Mozilla/5.0 (Linux; U; Android 2.1-update1; en-us; Droid Build/ESE81) AppleWebKit/530.17 (KHTML, like Gecko) Version/4.0 Mobile Safari/530.17"
10.1.72.170 - - [19/Apr/2010:13:58:44 -0600] "GET /ci/admin/set_cookie/development HTTP/1.1" 302 - "http://bcb.teton.rightnowtech.com/ci/admin" "Mozilla/5.0 (Linux; U; Android 2.1-update1; en-us; Droid Build/ESE81) AppleWebKit/530.17 (KHTML, like Gecko) Version/4.0 Mobile Safari/530.17"
10.1.72.170 - - [19/Apr/2010:13:59:47 -0600] "GET /app/utils/guided_assistant/g_id/2 HTTP/1.1" 200 24248 "-" "Mozilla/5.0 (Linux; U; Android 2.1-update1; en-us; Droid Build/ESE81) AppleWebKit/530.17 (KHTML, like Gecko) Version/4.0 Mobile Safari/530.17"
10.1.72.170 - - [19/Apr/2010:13:59:51 -0600] "GET /ci/fattach/get/24/1268349386 HTTP/1.1" 200 5142 "http://bcb.teton.rightnowtech.com/app/utils/guided_assistant/g_id/2" "Mozilla/5.0 (Linux; U; Android 2.1-update1; en-us; Droid Build/ESE81) AppleWebKit/530.17 (KHTML, like Gecko) Version/4.0 Mobile Safari/530.17"
10.1.72.170 - - [19/Apr/2010:13:59:54 -0600] "GET /ci/fattach/get/25/1268349602 HTTP/1.1" 200 145847 "http://bcb.teton.rightnowtech.com/app/utils/guided_assistant/g_id/2" "Mozilla/5.0 (Linux; U; Android 2.1-update1; en-us; Droid Build/ESE81) AppleWebKit/530.17 (KHTML, like Gecko) Version/4.0 Mobile Safari/530.17"
127.0.0.1 - - [19/Apr/2010:14:05:04 -0600] "GET /ci/admin/deploy HTTP/1.0" 200 20411 "-" "Wget/1.10.2 (Red Hat modified)"
10.1.72.170 - - [19/Apr/2010:14:07:38 -0600] "GET /app/utils/guided_assistant/g_id/2 HTTP/1.1" 200 24319 "-" "Mozilla/5.0 (Linux; U; Android 2.1-update1; en-us; Droid Build/ESE81) AppleWebKit/530.17 (KHTML, like Gecko) Version/4.0 Mobile Safari/530.17"
10.1.72.170 - - [19/Apr/2010:14:08:17 -0600] "GET /app/utils/guided_assistant/g_id/2 HTTP/1.1" 200 24361 "-" "Mozilla/5.0 (Linux; U; Android 2.1-update1; en-us; Droid Build/ESE81) AppleWebKit/530.17 (KHTML, like Gecko) Version/4.0 Mobile Safari/530.17"
172.22.4.61 - - [19/Apr/2010:14:10:19 -0600] "GET /app/utils/guided_assistant/g_id/2 HTTP/1.1" 200 24356 "-" "Mozilla/5.0 (Windows; U; Windows NT 5.1; en-US) AppleWebKit/533.4 (KHTML, like Gecko) Chrome/5.0.375.9 Safari/533.4"
127.0.0.1 - - [19/Apr/2010:14:10:41 -0600] "GET /ci/admin/deploy HTTP/1.0" 200 675 "-" "Wget/1.10.2 (Red Hat modified)"
127.0.0.1 - - [19/Apr/2010:14:52:01 -0600] "GET /ci/admin/deploy HTTP/1.0" 200 39735 "-" "Wget/1.10.2 (Red Hat modified)"
10.1.72.170 - - [19/Apr/2010:14:53:58 -0600] "GET /app/home HTTP/1.1" 200 22998 "http://bcb.teton.rightnowtech.com/app/utils/guided_assistant/g_id/2" "Mozilla/5.0 (Linux; U; Android 2.1-update1; en-us; Droid Build/ESE81) AppleWebKit/530.17 (KHTML, like Gecko) Version/4.0 Mobile Safari/530.17"
10.1.72.170 - - [19/Apr/2010:14:54:09 -0600] "GET /app/answers/detail/a_id/56 HTTP/1.1" 200 39980 "http://bcb.teton.rightnowtech.com/app/home" "Mozilla/5.0 (Linux; U; Android 2.1-update1; en-us; Droid Build/ESE81) AppleWebKit/530.17 (KHTML, like Gecko) Version/4.0 Mobile Safari/530.17"
10.1.72.169 - - [19/Apr/2010:14:57:51 -0600] "GET /app/home HTTP/1.1" 200 22998 "http://bcb.teton.rightnowtech.com/app/utils/guided_assistant/g_id/2" "Mozilla/5.0 (iPod; U; CPU iPhone OS 3_1_3 like Mac OS X; en-us) AppleWebKit/528.18 (KHTML, like Gecko) Version/4.0 Mobile/7E18 Safari/528.16"
10.1.72.169 - - [19/Apr/2010:14:57:55 -0600] "GET /app/answers/detail/a_id/54 HTTP/1.1" 200 33820 "http://bcb.teton.rightnowtech.com/app/home" "Mozilla/5.0 (iPod; U; CPU iPhone OS 3_1_3 like Mac OS X; en-us) AppleWebKit/528.18 (KHTML, like Gecko) Version/4.0 Mobile/7E18 Safari/528.16"
10.1.72.170 - - [19/Apr/2010:14:59:18 -0600] "GET /app/answers/detail/a_id/59 HTTP/1.1" 200 31321 "http://bcb.teton.rightnowtech.com/app/home" "Mozilla/5.0 (Linux; U; Android 2.1-update1; en-us; Droid Build/ESE81) AppleWebKit/530.17 (KHTML, like Gecko) Version/4.0 Mobile Safari/530.17"
10.1.72.170 - - [19/Apr/2010:14:59:33 -0600] "GET /app/answers/detail/a_id/59 HTTP/1.1" 200 31321 "-" "Mozilla/5.0 (Linux; U; Android 2.1-update1; en-us; Droid Build/ESE81) AppleWebKit/530.17 (KHTML, like Gecko) Version/4.0 Mobile Safari/530.17"
10.1.72.170 - - [19/Apr/2010:15:01:25 -0600] "GET /app/answers/detail/a_id/59 HTTP/1.1" 200 31321 "-" "Mozilla/5.0 (Linux; U; Android 2.1-update1; en-us; Droid Build/ESE81) AppleWebKit/530.17 (KHTML, like Gecko) Version/4.0 Mobile Safari/530.17"
10.1.72.170 - - [19/Apr/2010:15:02:24 -0600] "GET /app/answers/detail/a_id/59 HTTP/1.1" 200 31321 "-" "Mozilla/5.0 (Linux; U; Android 2.1-update1; en-us; Droid Build/ESE81) AppleWebKit/530.17 (KHTML, like Gecko) Version/4.0 Mobile Safari/530.17"
10.1.72.170 - - [19/Apr/2010:15:04:03 -0600] "GET /app/answers/detail/a_id/59 HTTP/1.1" 200 31321 "-" "Mozilla/5.0 (Linux; U; Android 2.1-update1; en-us; Droid Build/ESE81) AppleWebKit/530.17 (KHTML, like Gecko) Version/4.0 Mobile Safari/530.17"
172.22.4.61 - - [19/Apr/2010:15:10:36 -0600] "GET /ci/admin/set_cookie/development/mobile HTTP/1.1" 302 - "-" "Mozilla/5.0 (Windows; U; Windows NT 5.1; en-US; rv:1.9.2.3) Gecko/20100401 Firefox/3.6.3 (.NET CLR 3.5.30729)"
172.22.4.61 - - [19/Apr/2010:15:10:46 -0600] "GET /app/utils/guided_assistant/g_id/2 HTTP/1.1" 200 24254 "-" "Mozilla/5.0 (Windows; U; Windows NT 5.1; en-US; rv:1.9.2.3) Gecko/20100401 Firefox/3.6.3 (.NET CLR 3.5.30729)"
172.22.4.61 - - [19/Apr/2010:15:12:21 -0600] "GET /app/utils/guided_assistant/g_id/2 HTTP/1.1" 200 24254 "-" "Mozilla/5.0 (Windows; U; Windows NT 5.1; en-US; rv:1.9.2.3) Gecko/20100401 Firefox/3.6.3 (.NET CLR 3.5.30729)"
172.22.4.61 - - [19/Apr/2010:15:12:25 -0600] "GET /ci/fattach/get/24/1268349386 HTTP/1.1" 200 5142 "http://bcb.teton.rightnowtech.com/app/utils/guided_assistant/g_id/2" "Mozilla/5.0 (Windows; U; Windows NT 5.1; en-US; rv:1.9.2.3) Gecko/20100401 Firefox/3.6.3 (.NET CLR 3.5.30729)"
172.22.4.61 - - [19/Apr/2010:15:13:29 -0600] "GET /app/answers/detail/a_id/27 HTTP/1.1" 200 28417 "http://bcb.teton.rightnowtech.com/app/utils/guided_assistant/g_id/2" "Mozilla/5.0 (Windows; U; Windows NT 5.1; en-US; rv:1.9.2.3) Gecko/20100401 Firefox/3.6.3 (.NET CLR 3.5.30729)"
172.22.4.61 - - [19/Apr/2010:15:14:01 -0600] "GET /app/ask HTTP/1.1" 200 67270 "http://bcb.teton.rightnowtech.com/app/utils/guided_assistant/g_id/2" "Mozilla/5.0 (Windows; U; Windows NT 5.1; en-US; rv:1.9.2.3) Gecko/20100401 Firefox/3.6.3 (.NET CLR 3.5.30729)"
172.22.4.61 - - [19/Apr/2010:15:15:58 -0600] "GET /app/utils/guided_assistant/g_id/2 HTTP/1.1" 200 24355 "-" "Mozilla/5.0 (Windows; U; Windows NT 5.1; en-US; rv:1.9.2.3) Gecko/20100401 Firefox/3.6.3 (.NET CLR 3.5.30729)"
172.22.4.61 - - [19/Apr/2010:15:16:00 -0600] "GET /ci/fattach/get/24/1268349386 HTTP/1.1" 200 5142 "http://bcb.teton.rightnowtech.com/app/utils/guided_assistant/g_id/2" "Mozilla/5.0 (Windows; U; Windows NT 5.1; en-US; rv:1.9.2.3) Gecko/20100401 Firefox/3.6.3 (.NET CLR 3.5.30729)"
172.22.4.61 - - [19/Apr/2010:15:16:04 -0600] "GET /ci/fattach/get/25/1268349602 HTTP/1.1" 200 145847 "http://bcb.teton.rightnowtech.com/app/utils/guided_assistant/g_id/2" "Mozilla/5.0 (Windows; U; Windows NT 5.1; en-US; rv:1.9.2.3) Gecko/20100401 Firefox/3.6.3 (.NET CLR 3.5.30729)"
172.22.4.61 - - [19/Apr/2010:15:19:25 -0600] "GET /app/utils/guided_assistant/g_id/2 HTTP/1.1" 200 24335 "-" "Mozilla/5.0 (Windows; U; Windows NT 5.1; en-US; rv:1.9.2.3) Gecko/20100401 Firefox/3.6.3 (.NET CLR 3.5.30729)"
172.22.4.61 - - [19/Apr/2010:15:19:28 -0600] "GET /ci/fattach/get/24/1268349386 HTTP/1.1" 200 5142 "http://bcb.teton.rightnowtech.com/app/utils/guided_assistant/g_id/2" "Mozilla/5.0 (Windows; U; Windows NT 5.1; en-US; rv:1.9.2.3) Gecko/20100401 Firefox/3.6.3 (.NET CLR 3.5.30729)"
172.22.4.61 - - [19/Apr/2010:15:28:32 -0600] "GET /app/utils/guided_assistant/g_id/2 HTTP/1.1" 200 24639 "-" "Mozilla/5.0 (Windows; U; Windows NT 5.1; en-US) AppleWebKit/533.4 (KHTML, like Gecko) Chrome/5.0.375.9 Safari/533.4"
172.22.4.61 - - [19/Apr/2010:15:29:04 -0600] "GET /app/utils/guided_assistant/g_id/2 HTTP/1.1" 200 24640 "-" "Mozilla/5.0 (Windows; U; Windows NT 5.1; en-US) AppleWebKit/533.4 (KHTML, like Gecko) Chrome/5.0.375.9 Safari/533.4"
10.1.72.169 - - [19/Apr/2010:15:29:51 -0600] "GET /app/home HTTP/1.1" 200 22998 "http://bcb.teton.rightnowtech.com/app/utils/guided_assistant/g_id/2" "Mozilla/5.0 (iPod; U; CPU iPhone OS 3_1_3 like Mac OS X; en-us) AppleWebKit/528.18 (KHTML, like Gecko) Version/4.0 Mobile/7E18 Safari/528.16"
10.1.72.169 - - [19/Apr/2010:15:29:53 -0600] "GET /app/utils/guided_assistant/g_id/2 HTTP/1.1" 200 24640 "-" "Mozilla/5.0 (iPod; U; CPU iPhone OS 3_1_3 like Mac OS X; en-us) AppleWebKit/528.18 (KHTML, like Gecko) Version/4.0 Mobile/7E18 Safari/528.16"
172.22.4.61 - - [19/Apr/2010:15:40:13 -0600] "GET /app/utils/guided_assistant/g_id/3 HTTP/1.1" 200 21897 "-" "Mozilla/5.0 (Windows; U; Windows NT 5.1; en-US; rv:1.9.2.3) Gecko/20100401 Firefox/3.6.3 (.NET CLR 3.5.30729)"
172.22.4.61 - - [19/Apr/2010:15:41:33 -0600] "GET /app/utils/guided_assistant/g_id/7 HTTP/1.1" 200 22779 "-" "Mozilla/5.0 (Windows; U; Windows NT 5.1; en-US; rv:1.9.2.3) Gecko/20100401 Firefox/3.6.3 (.NET CLR 3.5.30729)"
10.1.72.169 - - [19/Apr/2010:15:41:58 -0600] "GET /app/utils/guided_assistant/g_id/7 HTTP/1.1" 200 22780 "-" "Mozilla/5.0 (iPod; U; CPU iPhone OS 3_1_3 like Mac OS X; en-us) AppleWebKit/528.18 (KHTML, like Gecko) Version/4.0 Mobile/7E18 Safari/528.16"
10.1.72.169 - - [19/Apr/2010:15:42:50 -0600] "GET /app/utils/guided_assistant/g_id/7 HTTP/1.1" 200 22881 "-" "Mozilla/5.0 (iPod; U; CPU iPhone OS 3_1_3 like Mac OS X; en-us) AppleWebKit/528.18 (KHTML, like Gecko) Version/4.0 Mobile/7E18 Safari/528.16"
10.1.72.169 - - [19/Apr/2010:15:43:24 -0600] "GET /app/utils/guided_assistant/g_id/7 HTTP/1.1" 200 22881 "-" "Mozilla/5.0 (iPod; U; CPU iPhone OS 3_1_3 like Mac OS X; en-us) AppleWebKit/528.18 (KHTML, like Gecko) Version/4.0 Mobile/7E18 Safari/528.16"
10.1.72.169 - - [19/Apr/2010:15:43:33 -0600] "GET /app/utils/guided_assistant/g_id/7 HTTP/1.1" 200 22881 "-" "Mozilla/5.0 (iPod; U; CPU iPhone OS 3_1_3 like Mac OS X; en-us) AppleWebKit/528.18 (KHTML, like Gecko) Version/4.0 Mobile/7E18 Safari/528.16"
172.22.4.61 - - [19/Apr/2010:15:43:49 -0600] "GET /app/utils/guided_assistant/g_id/2 HTTP/1.1" 200 24741 "-" "Mozilla/5.0 (Windows; U; Windows NT 5.1; en-US) AppleWebKit/533.4 (KHTML, like Gecko) Chrome/5.0.375.9 Safari/533.4"
172.22.4.61 - - [19/Apr/2010:15:43:58 -0600] "GET /app/utils/guided_assistant/g_id/7 HTTP/1.1" 200 22865 "-" "Mozilla/5.0 (Windows; U; Windows NT 5.1; en-US) AppleWebKit/533.4 (KHTML, like Gecko) Chrome/5.0.375.9 Safari/533.4"
10.1.72.169 - - [19/Apr/2010:15:44:56 -0600] "GET /app/utils/guided_assistant/g_id/7 HTTP/1.1" 200 22865 "-" "Mozilla/5.0 (iPod; U; CPU iPhone OS 3_1_3 like Mac OS X; en-us) AppleWebKit/528.18 (KHTML, like Gecko) Version/4.0 Mobile/7E18 Safari/528.16"
172.22.4.61 - - [19/Apr/2010:15:55:28 -0600] "GET /app/utils/guided_assistant/g_id/7 HTTP/1.1" 200 22989 "-" "Mozilla/5.0 (Windows; U; Windows NT 5.1; en-US; rv:1.9.2.3) Gecko/20100401 Firefox/3.6.3 (.NET CLR 3.5.30729)"
172.22.4.61 - - [19/Apr/2010:15:55:58 -0600] "GET /app/utils/guided_assistant/g_id/7 HTTP/1.1" 200 22989 "-" "Mozilla/5.0 (Windows; U; Windows NT 5.1; en-US; rv:1.9.2.3) Gecko/20100401 Firefox/3.6.3 (.NET CLR 3.5.30729)"
172.22.4.61 - - [19/Apr/2010:15:56:06 -0600] "GET /app/utils/guided_assistant/g_id/7 HTTP/1.1" 200 22989 "-" "Mozilla/5.0 (Windows; U; Windows NT 5.1; en-US; rv:1.9.2.3) Gecko/20100401 Firefox/3.6.3 (.NET CLR 3.5.30729)"
172.22.4.61 - - [19/Apr/2010:15:56:11 -0600] "GET /app/utils/guided_assistant/g_id/7 HTTP/1.1" 200 22989 "-" "Mozilla/5.0 (Windows; U; Windows NT 5.1; en-US; rv:1.9.2.3) Gecko/20100401 Firefox/3.6.3 (.NET CLR 3.5.30729)"
172.22.4.61 - - [19/Apr/2010:15:56:11 -0600] "GET /app/utils/guided_assistant/g_id/7 HTTP/1.1" 200 22989 "-" "Mozilla/5.0 (Windows; U; Windows NT 5.1; en-US; rv:1.9.2.3) Gecko/20100401 Firefox/3.6.3 (.NET CLR 3.5.30729)"
172.22.4.61 - - [19/Apr/2010:15:56:11 -0600] "GET /app/utils/guided_assistant/g_id/7 HTTP/1.1" 200 22989 "-" "Mozilla/5.0 (Windows; U; Windows NT 5.1; en-US; rv:1.9.2.3) Gecko/20100401 Firefox/3.6.3 (.NET CLR 3.5.30729)"
172.22.4.61 - - [19/Apr/2010:15:56:11 -0600] "GET /app/utils/guided_assistant/g_id/7 HTTP/1.1" 200 22989 "-" "Mozilla/5.0 (Windows; U; Windows NT 5.1; en-US; rv:1.9.2.3) Gecko/20100401 Firefox/3.6.3 (.NET CLR 3.5.30729)"
172.22.4.61 - - [19/Apr/2010:15:56:12 -0600] "GET /app/utils/guided_assistant/g_id/7 HTTP/1.1" 200 22989 "-" "Mozilla/5.0 (Windows; U; Windows NT 5.1; en-US; rv:1.9.2.3) Gecko/20100401 Firefox/3.6.3 (.NET CLR 3.5.30729)"
172.22.4.61 - - [19/Apr/2010:15:59:18 -0600] "GET /app/utils/guided_assistant/g_id/7 HTTP/1.1" 200 22888 "-" "Mozilla/5.0 (Windows; U; Windows NT 5.1; en-US; rv:1.9.2.3) Gecko/20100401 Firefox/3.6.3 (.NET CLR 3.5.30729)"
172.22.4.61 - - [19/Apr/2010:16:01:59 -0600] "GET /app/utils/guided_assistant/g_id/7 HTTP/1.1" 200 22920 "-" "Mozilla/5.0 (Windows; U; Windows NT 5.1; en-US; rv:1.9.2.3) Gecko/20100401 Firefox/3.6.3 (.NET CLR 3.5.30729)"
172.22.4.61 - - [19/Apr/2010:16:04:08 -0600] "GET /app/utils/guided_assistant/g_id/7 HTTP/1.1" 200 22888 "-" "Mozilla/5.0 (Windows; U; Windows NT 5.1; en-US; rv:1.9.2.3) Gecko/20100401 Firefox/3.6.3 (.NET CLR 3.5.30729)"
172.22.4.61 - - [19/Apr/2010:16:11:15 -0600] "GET /app/utils/guided_assistant/g_id/7 HTTP/1.1" 200 22904 "-" "Mozilla/5.0 (Windows; U; Windows NT 5.1; en-US; rv:1.9.2.3) Gecko/20100401 Firefox/3.6.3 (.NET CLR 3.5.30729)"
172.22.4.61 - - [19/Apr/2010:16:13:33 -0600] "GET /app/utils/guided_assistant/g_id/7 HTTP/1.1" 200 22987 "-" "Mozilla/5.0 (Windows; U; Windows NT 5.1; en-US; rv:1.9.2.3) Gecko/20100401 Firefox/3.6.3 (.NET CLR 3.5.30729)"
172.22.4.61 - - [19/Apr/2010:16:13:53 -0600] "GET /app/utils/guided_assistant/g_id/7 HTTP/1.1" 200 22987 "-" "Mozilla/5.0 (Windows; U; Windows NT 5.1; en-US; rv:1.9.2.3) Gecko/20100401 Firefox/3.6.3 (.NET CLR 3.5.30729)"
172.22.4.61 - - [19/Apr/2010:16:14:03 -0600] "GET /app/utils/guided_assistant/g_id/7 HTTP/1.1" 200 22987 "-" "Mozilla/5.0 (Windows; U; Windows NT 5.1; en-US; rv:1.9.2.3) Gecko/20100401 Firefox/3.6.3 (.NET CLR 3.5.30729)"
172.22.4.61 - - [19/Apr/2010:16:14:03 -0600] "GET /app/utils/guided_assistant/g_id/7 HTTP/1.1" 200 22987 "-" "Mozilla/5.0 (Windows; U; Windows NT 5.1; en-US; rv:1.9.2.3) Gecko/20100401 Firefox/3.6.3 (.NET CLR 3.5.30729)"
172.22.4.61 - - [19/Apr/2010:16:14:03 -0600] "GET /app/utils/guided_assistant/g_id/7 HTTP/1.1" 200 22987 "-" "Mozilla/5.0 (Windows; U; Windows NT 5.1; en-US; rv:1.9.2.3) Gecko/20100401 Firefox/3.6.3 (.NET CLR 3.5.30729)"
172.22.4.61 - - [19/Apr/2010:16:14:04 -0600] "GET /app/utils/guided_assistant/g_id/7 HTTP/1.1" 200 22987 "-" "Mozilla/5.0 (Windows; U; Windows NT 5.1; en-US; rv:1.9.2.3) Gecko/20100401 Firefox/3.6.3 (.NET CLR 3.5.30729)"
172.22.4.61 - - [19/Apr/2010:16:14:04 -0600] "GET /app/utils/guided_assistant/g_id/7 HTTP/1.1" 200 22987 "-" "Mozilla/5.0 (Windows; U; Windows NT 5.1; en-US; rv:1.9.2.3) Gecko/20100401 Firefox/3.6.3 (.NET CLR 3.5.30729)"
172.22.4.61 - - [19/Apr/2010:16:14:42 -0600] "GET /app/utils/guided_assistant/g_id/7 HTTP/1.1" 200 23088 "-" "Mozilla/5.0 (Windows; U; Windows NT 5.1; en-US; rv:1.9.2.3) Gecko/20100401 Firefox/3.6.3 (.NET CLR 3.5.30729)"
172.22.4.61 - - [19/Apr/2010:16:31:44 -0600] "GET /app/ask HTTP/1.1" 200 67271 "http://bcb.teton.rightnowtech.com/app/utils/guided_assistant/g_id/7" "Mozilla/5.0 (Windows; U; Windows NT 5.1; en-US) AppleWebKit/533.4 (KHTML, like Gecko) Chrome/5.0.375.9 Safari/533.4"
172.22.4.61 - - [19/Apr/2010:16:33:31 -0600] "GET /app/ask HTTP/1.1" 200 67466 "http://bcb.teton.rightnowtech.com/app/utils/guided_assistant/g_id/7" "Mozilla/5.0 (Windows; U; Windows NT 5.1; en-US) AppleWebKit/533.4 (KHTML, like Gecko) Chrome/5.0.375.9 Safari/533.4"
10.1.72.169 - - [19/Apr/2010:16:33:54 -0600] "GET /app/ask HTTP/1.1" 200 67466 "http://bcb.teton.rightnowtech.com/app/utils/guided_assistant/g_id/7" "Mozilla/5.0 (iPod; U; CPU iPhone OS 3_1_3 like Mac OS X; en-us) AppleWebKit/528.18 (KHTML, like Gecko) Version/4.0 Mobile/7E18 Safari/528.16"
172.22.4.61 - - [19/Apr/2010:16:34:39 -0600] "GET /app/ask HTTP/1.1" 200 67706 "http://bcb.teton.rightnowtech.com/app/utils/guided_assistant/g_id/7" "Mozilla/5.0 (Windows; U; Windows NT 5.1; en-US) AppleWebKit/533.4 (KHTML, like Gecko) Chrome/5.0.375.9 Safari/533.4"
172.22.4.61 - - [19/Apr/2010:16:37:10 -0600] "GET /app/ask HTTP/1.1" 200 67722 "http://bcb.teton.rightnowtech.com/app/utils/guided_assistant/g_id/7" "Mozilla/5.0 (Windows; U; Windows NT 5.1; en-US) AppleWebKit/533.4 (KHTML, like Gecko) Chrome/5.0.375.9 Safari/533.4"
172.22.4.61 - - [19/Apr/2010:16:37:30 -0600] "GET /app/ask HTTP/1.1" 200 67736 "http://bcb.teton.rightnowtech.com/app/utils/guided_assistant/g_id/7" "Mozilla/5.0 (Windows; U; Windows NT 5.1; en-US) AppleWebKit/533.4 (KHTML, like Gecko) Chrome/5.0.375.9 Safari/533.4"
172.22.4.61 - - [19/Apr/2010:16:37:57 -0600] "GET /app/ask HTTP/1.1" 200 67730 "http://bcb.teton.rightnowtech.com/app/utils/guided_assistant/g_id/7" "Mozilla/5.0 (Windows; U; Windows NT 5.1; en-US) AppleWebKit/533.4 (KHTML, like Gecko) Chrome/5.0.375.9 Safari/533.4"
10.1.72.169 - - [19/Apr/2010:16:38:12 -0600] "GET /app/ask HTTP/1.1" 200 67730 "http://bcb.teton.rightnowtech.com/app/utils/guided_assistant/g_id/7" "Mozilla/5.0 (iPod; U; CPU iPhone OS 3_1_3 like Mac OS X; en-us) AppleWebKit/528.18 (KHTML, like Gecko) Version/4.0 Mobile/7E18 Safari/528.16"
172.22.4.61 - - [19/Apr/2010:16:38:44 -0600] "GET /app/ask HTTP/1.1" 200 67729 "http://bcb.teton.rightnowtech.com/app/utils/guided_assistant/g_id/7" "Mozilla/5.0 (Windows; U; Windows NT 5.1; en-US; rv:1.9.2.3) Gecko/20100401 Firefox/3.6.3 (.NET CLR 3.5.30729)"
172.22.4.61 - - [19/Apr/2010:16:38:52 -0600] "GET /app/ask HTTP/1.1" 200 67729 "http://bcb.teton.rightnowtech.com/app/utils/guided_assistant/g_id/7" "Mozilla/5.0 (Windows; U; Windows NT 5.1; en-US; rv:1.9.2.3) Gecko/20100401 Firefox/3.6.3 (.NET CLR 3.5.30729)"
10.1.72.169 - - [19/Apr/2010:16:41:44 -0600] "GET /app/ask HTTP/1.1" 200 67721 "http://bcb.teton.rightnowtech.com/app/utils/guided_assistant/g_id/7" "Mozilla/5.0 (iPod; U; CPU iPhone OS 3_1_3 like Mac OS X; en-us) AppleWebKit/528.18 (KHTML, like Gecko) Version/4.0 Mobile/7E18 Safari/528.16"
10.1.72.169 - - [19/Apr/2010:16:42:13 -0600] "GET /app/ask HTTP/1.1" 200 67732 "http://bcb.teton.rightnowtech.com/app/utils/guided_assistant/g_id/7" "Mozilla/5.0 (iPod; U; CPU iPhone OS 3_1_3 like Mac OS X; en-us) AppleWebKit/528.18 (KHTML, like Gecko) Version/4.0 Mobile/7E18 Safari/528.16"
10.1.72.169 - - [19/Apr/2010:16:42:28 -0600] "GET /app/ask HTTP/1.1" 200 67732 "http://bcb.teton.rightnowtech.com/app/utils/guided_assistant/g_id/7" "Mozilla/5.0 (iPod; U; CPU iPhone OS 3_1_3 like Mac OS X; en-us) AppleWebKit/528.18 (KHTML, like Gecko) Version/4.0 Mobile/7E18 Safari/528.16"
172.22.4.61 - - [19/Apr/2010:16:43:36 -0600] "GET /app/ask HTTP/1.1" 200 67732 "http://bcb.teton.rightnowtech.com/app/utils/guided_assistant/g_id/7" "Mozilla/5.0 (Windows; U; Windows NT 5.1; en-US) AppleWebKit/533.4 (KHTML, like Gecko) Chrome/5.0.375.9 Safari/533.4"
172.22.4.61 - - [19/Apr/2010:16:44:07 -0600] "GET /app/ask HTTP/1.1" 200 67746 "http://bcb.teton.rightnowtech.com/app/utils/guided_assistant/g_id/7" "Mozilla/5.0 (Windows; U; Windows NT 5.1; en-US) AppleWebKit/533.4 (KHTML, like Gecko) Chrome/5.0.375.9 Safari/533.4"
172.22.4.61 - - [19/Apr/2010:16:44:24 -0600] "GET /app/ask HTTP/1.1" 200 67762 "http://bcb.teton.rightnowtech.com/app/ask" "Mozilla/5.0 (Windows; U; Windows NT 5.1; en-US) AppleWebKit/533.4 (KHTML, like Gecko) Chrome/5.0.375.9 Safari/533.4"
172.22.4.61 - - [19/Apr/2010:16:44:24 -0600] "GET /app/ask HTTP/1.1" 200 67762 "http://bcb.teton.rightnowtech.com/app/utils/guided_assistant/g_id/7" "Mozilla/5.0 (Windows; U; Windows NT 5.1; en-US) AppleWebKit/533.4 (KHTML, like Gecko) Chrome/5.0.375.9 Safari/533.4"
10.1.72.169 - - [19/Apr/2010:16:46:45 -0600] "GET /app/ask HTTP/1.1" 200 67761 "http://bcb.teton.rightnowtech.com/app/utils/guided_assistant/g_id/7" "Mozilla/5.0 (iPod; U; CPU iPhone OS 3_1_3 like Mac OS X; en-us) AppleWebKit/528.18 (KHTML, like Gecko) Version/4.0 Mobile/7E18 Safari/528.16"
10.1.77.38 - - [19/Apr/2010:16:49:12 -0600] "GET /ci/admin HTTP/1.1" 401 16 "-" "Mozilla/5.0 (iPad; U; CPU OS 3_2 like Mac OS X; en-us) AppleWebKit/531.21.10 (KHTML, like Gecko) Version/4.0.4 Mobile/7B367 Safari/531.21.10"
10.1.77.38 - - [19/Apr/2010:16:49:18 -0600] "GET /ci/admin HTTP/1.1" 200 11434 "-" "Mozilla/5.0 (iPad; U; CPU OS 3_2 like Mac OS X; en-us) AppleWebKit/531.21.10 (KHTML, like Gecko) Version/4.0.4 Mobile/7B367 Safari/531.21.10"
10.1.77.38 - - [19/Apr/2010:16:49:24 -0600] "GET /ci/admin/setMode HTTP/1.1" 401 16 "http://bcb.teton.rightnowtech.com/ci/admin" "Mozilla/5.0 (iPad; U; CPU OS 3_2 like Mac OS X; en-us) AppleWebKit/531.21.10 (KHTML, like Gecko) Version/4.0.4 Mobile/7B367 Safari/531.21.10"
10.1.77.38 - - [19/Apr/2010:16:49:24 -0600] "GET /ci/admin/setMode HTTP/1.1" 200 14615 "http://bcb.teton.rightnowtech.com/ci/admin" "Mozilla/5.0 (iPad; U; CPU OS 3_2 like Mac OS X; en-us) AppleWebKit/531.21.10 (KHTML, like Gecko) Version/4.0.4 Mobile/7B367 Safari/531.21.10"
10.1.77.38 - - [19/Apr/2010:16:49:35 -0600] "GET /ci/admin/set_cookie/development/mobile HTTP/1.1" 401 16 "http://bcb.teton.rightnowtech.com/ci/admin/setMode" "Mozilla/5.0 (iPad; U; CPU OS 3_2 like Mac OS X; en-us) AppleWebKit/531.21.10 (KHTML, like Gecko) Version/4.0.4 Mobile/7B367 Safari/531.21.10"
10.1.77.38 - - [19/Apr/2010:16:49:35 -0600] "GET /ci/admin/set_cookie/development/mobile HTTP/1.1" 302 - "http://bcb.teton.rightnowtech.com/ci/admin/setMode" "Mozilla/5.0 (iPad; U; CPU OS 3_2 like Mac OS X; en-us) AppleWebKit/531.21.10 (KHTML, like Gecko) Version/4.0.4 Mobile/7B367 Safari/531.21.10"
10.1.77.38 - - [19/Apr/2010:16:49:40 -0600] "GET /app/answers/list HTTP/1.1" 200 44199 "http://bcb.teton.rightnowtech.com/app" "Mozilla/5.0 (iPad; U; CPU OS 3_2 like Mac OS X; en-us) AppleWebKit/531.21.10 (KHTML, like Gecko) Version/4.0.4 Mobile/7B367 Safari/531.21.10"
10.1.72.169 - - [19/Apr/2010:16:50:25 -0600] "GET /app/home HTTP/1.1" 200 22998 "http://bcb.teton.rightnowtech.com/app/ask" "Mozilla/5.0 (iPod; U; CPU iPhone OS 3_1_3 like Mac OS X; en-us) AppleWebKit/528.18 (KHTML, like Gecko) Version/4.0 Mobile/7E18 Safari/528.16"
10.1.72.169 - - [19/Apr/2010:16:50:29 -0600] "GET /app/answers/list HTTP/1.1" 200 44199 "http://bcb.teton.rightnowtech.com/app/home" "Mozilla/5.0 (iPod; U; CPU iPhone OS 3_1_3 like Mac OS X; en-us) AppleWebKit/528.18 (KHTML, like Gecko) Version/4.0 Mobile/7E18 Safari/528.16"
10.1.77.38 - - [19/Apr/2010:16:55:08 -0600] "GET /ci/admin HTTP/1.1" 401 16 "-" "Mozilla/5.0 (iPad; U; CPU OS 3_2 like Mac OS X; en-us) AppleWebKit/531.21.10 (KHTML, like Gecko) Version/4.0.4 Mobile/7B367 Safari/531.21.10"
10.1.77.38 - - [19/Apr/2010:16:55:09 -0600] "GET /ci/admin HTTP/1.1" 200 11423 "-" "Mozilla/5.0 (iPad; U; CPU OS 3_2 like Mac OS X; en-us) AppleWebKit/531.21.10 (KHTML, like Gecko) Version/4.0.4 Mobile/7B367 Safari/531.21.10"
10.1.77.38 - - [19/Apr/2010:16:55:14 -0600] "GET /ci/admin/setMode HTTP/1.1" 401 16 "http://bcb.teton.rightnowtech.com/ci/admin" "Mozilla/5.0 (iPad; U; CPU OS 3_2 like Mac OS X; en-us) AppleWebKit/531.21.10 (KHTML, like Gecko) Version/4.0.4 Mobile/7B367 Safari/531.21.10"
10.1.77.38 - - [19/Apr/2010:16:55:14 -0600] "GET /ci/admin/setMode HTTP/1.1" 200 14589 "http://bcb.teton.rightnowtech.com/ci/admin" "Mozilla/5.0 (iPad; U; CPU OS 3_2 like Mac OS X; en-us) AppleWebKit/531.21.10 (KHTML, like Gecko) Version/4.0.4 Mobile/7B367 Safari/531.21.10"
10.1.77.38 - - [19/Apr/2010:16:55:25 -0600] "GET /ci/admin/set_cookie/development/%2F HTTP/1.1" 401 16 "http://bcb.teton.rightnowtech.com/ci/admin/setMode" "Mozilla/5.0 (iPad; U; CPU OS 3_2 like Mac OS X; en-us) AppleWebKit/531.21.10 (KHTML, like Gecko) Version/4.0.4 Mobile/7B367 Safari/531.21.10"
10.1.77.38 - - [19/Apr/2010:16:55:25 -0600] "GET /ci/admin/set_cookie/development/%2F HTTP/1.1" 302 - "http://bcb.teton.rightnowtech.com/ci/admin/setMode" "Mozilla/5.0 (iPad; U; CPU OS 3_2 like Mac OS X; en-us) AppleWebKit/531.21.10 (KHTML, like Gecko) Version/4.0.4 Mobile/7B367 Safari/531.21.10"
10.1.77.38 - - [19/Apr/2010:16:55:33 -0600] "GET /app/answers/list HTTP/1.1" 200 67464 "http://bcb.teton.rightnowtech.com/app" "Mozilla/5.0 (iPad; U; CPU OS 3_2 like Mac OS X; en-us) AppleWebKit/531.21.10 (KHTML, like Gecko) Version/4.0.4 Mobile/7B367 Safari/531.21.10"
10.1.77.38 - - [19/Apr/2010:16:59:37 -0600] "GET /app/answers/detail/a_id/1 HTTP/1.1" 200 56620 "http://bcb.teton.rightnowtech.com/app/answers/list" "Mozilla/5.0 (iPad; U; CPU OS 3_2 like Mac OS X; en-us) AppleWebKit/531.21.10 (KHTML, like Gecko) Version/4.0.4 Mobile/7B367 Safari/531.21.10"
10.1.77.38 - - [19/Apr/2010:17:00:36 -0600] "GET /app/ask HTTP/1.1" 200 84230 "http://bcb.teton.rightnowtech.com/app/answers/list" "Mozilla/5.0 (iPad; U; CPU OS 3_2 like Mac OS X; en-us) AppleWebKit/531.21.10 (KHTML, like Gecko) Version/4.0.4 Mobile/7B367 Safari/531.21.10"
10.1.72.169 - - [19/Apr/2010:17:14:21 -0600] "GET /app/ask HTTP/1.1" 200 67761 "http://bcb.teton.rightnowtech.com/app/answers/list" "Mozilla/5.0 (iPod; U; CPU iPhone OS 3_1_3 like Mac OS X; en-us) AppleWebKit/528.18 (KHTML, like Gecko) Version/4.0 Mobile/7E18 Safari/528.16"
10.1.72.169 - - [19/Apr/2010:17:14:48 -0600] "GET /app/ask HTTP/1.1" 200 67761 "http://bcb.teton.rightnowtech.com/app/answers/list" "Mozilla/5.0 (iPod; U; CPU iPhone OS 3_1_3 like Mac OS X; en-us) AppleWebKit/528.18 (KHTML, like Gecko) Version/4.0 Mobile/7E18 Safari/528.16"
10.1.72.169 - - [19/Apr/2010:17:17:57 -0600] "GET /app/ask HTTP/1.1" 200 67745 "http://bcb.teton.rightnowtech.com/app/answers/list" "Mozilla/5.0 (iPod; U; CPU iPhone OS 3_1_3 like Mac OS X; en-us) AppleWebKit/528.18 (KHTML, like Gecko) Version/4.0 Mobile/7E18 Safari/528.16"
172.22.4.61 - - [19/Apr/2010:17:18:10 -0600] "GET /app/ask HTTP/1.1" 200 67745 "http://bcb.teton.rightnowtech.com/app/utils/guided_assistant/g_id/7" "Mozilla/5.0 (Windows; U; Windows NT 5.1; en-US) AppleWebKit/533.4 (KHTML, like Gecko) Chrome/5.0.375.9 Safari/533.4"
172.22.4.61 - - [19/Apr/2010:17:18:29 -0600] "GET /app/ask HTTP/1.1" 200 67745 "http://bcb.teton.rightnowtech.com/app/utils/guided_assistant/g_id/7" "Mozilla/5.0 (Windows; U; Windows NT 5.1; en-US) AppleWebKit/533.4 (KHTML, like Gecko) Chrome/5.0.375.9 Safari/533.4"
172.22.4.61 - - [19/Apr/2010:17:18:49 -0600] "GET /app/ask HTTP/1.1" 200 67715 "http://bcb.teton.rightnowtech.com/app/utils/guided_assistant/g_id/7" "Mozilla/5.0 (Windows; U; Windows NT 5.1; en-US) AppleWebKit/533.4 (KHTML, like Gecko) Chrome/5.0.375.9 Safari/533.4"
172.22.4.61 - - [19/Apr/2010:17:19:26 -0600] "GET /app/ask HTTP/1.1" 200 67719 "http://bcb.teton.rightnowtech.com/app/utils/guided_assistant/g_id/7" "Mozilla/5.0 (Windows; U; Windows NT 5.1; en-US) AppleWebKit/533.4 (KHTML, like Gecko) Chrome/5.0.375.9 Safari/533.4"
172.22.4.61 - - [19/Apr/2010:17:19:29 -0600] "GET /app/ask HTTP/1.1" 200 67719 "http://bcb.teton.rightnowtech.com/app/utils/guided_assistant/g_id/7" "Mozilla/5.0 (Windows; U; Windows NT 5.1; en-US) AppleWebKit/533.4 (KHTML, like Gecko) Chrome/5.0.375.9 Safari/533.4"
172.22.4.61 - - [19/Apr/2010:17:19:47 -0600] "GET /app/ask HTTP/1.1" 200 67721 "http://bcb.teton.rightnowtech.com/app/utils/guided_assistant/g_id/7" "Mozilla/5.0 (Windows; U; Windows NT 5.1; en-US) AppleWebKit/533.4 (KHTML, like Gecko) Chrome/5.0.375.9 Safari/533.4"
172.22.4.61 - - [19/Apr/2010:17:20:06 -0600] "GET /app/ask HTTP/1.1" 200 67717 "http://bcb.teton.rightnowtech.com/app/utils/guided_assistant/g_id/7" "Mozilla/5.0 (Windows; U; Windows NT 5.1; en-US) AppleWebKit/533.4 (KHTML, like Gecko) Chrome/5.0.375.9 Safari/533.4"
172.22.4.61 - - [19/Apr/2010:17:20:21 -0600] "GET /app/ask HTTP/1.1" 200 67731 "http://bcb.teton.rightnowtech.com/app/utils/guided_assistant/g_id/7" "Mozilla/5.0 (Windows; U; Windows NT 5.1; en-US) AppleWebKit/533.4 (KHTML, like Gecko) Chrome/5.0.375.9 Safari/533.4"
172.22.4.61 - - [19/Apr/2010:17:21:14 -0600] "GET /app/ask HTTP/1.1" 200 67731 "http://bcb.teton.rightnowtech.com/app/utils/guided_assistant/g_id/7" "Mozilla/5.0 (Windows; U; Windows NT 5.1; en-US) AppleWebKit/533.4 (KHTML, like Gecko) Chrome/5.0.375.9 Safari/533.4"
172.22.4.61 - - [19/Apr/2010:17:21:28 -0600] "GET /app/ask HTTP/1.1" 200 67717 "http://bcb.teton.rightnowtech.com/app/utils/guided_assistant/g_id/7" "Mozilla/5.0 (Windows; U; Windows NT 5.1; en-US) AppleWebKit/533.4 (KHTML, like Gecko) Chrome/5.0.375.9 Safari/533.4"
172.22.4.61 - - [19/Apr/2010:17:21:34 -0600] "GET /app/ask HTTP/1.1" 200 67717 "http://bcb.teton.rightnowtech.com/app/utils/guided_assistant/g_id/7" "Mozilla/5.0 (Windows; U; Windows NT 5.1; en-US) AppleWebKit/533.4 (KHTML, like Gecko) Chrome/5.0.375.9 Safari/533.4"
172.22.4.61 - - [19/Apr/2010:17:21:49 -0600] "GET /app/ask HTTP/1.1" 200 67738 "http://bcb.teton.rightnowtech.com/app/utils/guided_assistant/g_id/7" "Mozilla/5.0 (Windows; U; Windows NT 5.1; en-US) AppleWebKit/533.4 (KHTML, like Gecko) Chrome/5.0.375.9 Safari/533.4"
172.22.4.61 - - [19/Apr/2010:17:22:45 -0600] "GET /app/ask HTTP/1.1" 200 67738 "http://bcb.teton.rightnowtech.com/app/utils/guided_assistant/g_id/7" "Mozilla/5.0 (Windows; U; Windows NT 5.1; en-US) AppleWebKit/533.4 (KHTML, like Gecko) Chrome/5.0.375.9 Safari/533.4"
10.1.72.169 - - [19/Apr/2010:17:22:59 -0600] "GET /app/ask HTTP/1.1" 200 67738 "http://bcb.teton.rightnowtech.com/app/answers/list" "Mozilla/5.0 (iPod; U; CPU iPhone OS 3_1_3 like Mac OS X; en-us) AppleWebKit/528.18 (KHTML, like Gecko) Version/4.0 Mobile/7E18 Safari/528.16"
172.22.4.61 - - [19/Apr/2010:17:23:49 -0600] "GET /app/ask HTTP/1.1" 200 67738 "http://bcb.teton.rightnowtech.com/app/utils/guided_assistant/g_id/7" "Mozilla/5.0 (Windows; U; Windows NT 5.1; en-US) AppleWebKit/533.4 (KHTML, like Gecko) Chrome/5.0.375.9 Safari/533.4"
127.0.0.1 - - [19/Apr/2010:17:57:07 -0600] "GET /ci/admin/deploy HTTP/1.0" 200 19944 "-" "Wget/1.10.2 (Red Hat modified)"
127.0.0.1 - - [20/Apr/2010:07:15:44 -0600] "GET /ci/admin/deploy HTTP/1.0" 200 41183 "-" "Wget/1.10.2 (Red Hat modified)"
172.22.4.61 - - [20/Apr/2010:08:51:28 -0600] "GET /ci/admin/set_cookie/development/mobile HTTP/1.1" 302 - "-" "Mozilla/5.0 (Windows; U; Windows NT 5.1; en-US; rv:1.9.2.3) Gecko/20100401 Firefox/3.6.3 (.NET CLR 3.5.30729)"
172.22.4.61 - - [20/Apr/2010:08:51:34 -0600] "GET /ci/admin/set_cookie/development/mobile HTTP/1.1" 200 338 "-" "Mozilla/5.0 (Windows; U; Windows NT 5.1; en-US; rv:1.9.2.3) Gecko/20100401 Firefox/3.6.3 (.NET CLR 3.5.30729)"
172.22.4.61 - - [20/Apr/2010:10:02:32 -0600] "GET /ci/admin/set_cookie/development/mobile HTTP/1.1" 401 16 "-" "Mozilla/5.0 (Windows; U; Windows NT 5.1; en-US) AppleWebKit/533.4 (KHTML, like Gecko) Chrome/5.0.375.9 Safari/533.4"
172.22.4.61 - - [20/Apr/2010:10:02:36 -0600] "GET /ci/admin/set_cookie/development/mobile HTTP/1.1" 302 - "-" "Mozilla/5.0 (Windows; U; Windows NT 5.1; en-US) AppleWebKit/533.4 (KHTML, like Gecko) Chrome/5.0.375.9 Safari/533.4"
127.0.0.1 - - [20/Apr/2010:10:03:01 -0600] "GET /ci/admin/deploy HTTP/1.0" 200 20823 "-" "Wget/1.10.2 (Red Hat modified)"
127.0.0.1 - - [20/Apr/2010:10:03:08 -0600] "GET /ci/admin/deploy HTTP/1.0" 200 41875 "-" "Wget/1.10.2 (Red Hat modified)"
172.22.4.61 - - [20/Apr/2010:10:08:19 -0600] "GET /app/ask/session/L3RpbWUvMTI3MTc3OTM1Ny9zaWQvWnJuOGhVWmo%3D HTTP/1.1" 200 67693 "http://bcb.teton.rightnowtech.com/app" "Mozilla/5.0 (Windows; U; Windows NT 5.1; en-US) AppleWebKit/533.4 (KHTML, like Gecko) Chrome/5.0.375.9 Safari/533.4"
10.1.72.169 - - [20/Apr/2010:10:09:08 -0600] "GET /app/ask HTTP/1.1" 200 67642 "http://bcb.teton.rightnowtech.com/app/answers/list" "Mozilla/5.0 (iPod; U; CPU iPhone OS 3_1_3 like Mac OS X; en-us) AppleWebKit/528.18 (KHTML, like Gecko) Version/4.0 Mobile/7E18 Safari/528.16"
127.0.0.1 - - [20/Apr/2010:10:09:49 -0600] "GET /ci/admin/deploy HTTP/1.0" 200 20725 "-" "Wget/1.10.2 (Red Hat modified)"
10.1.72.169 - - [20/Apr/2010:10:10:25 -0600] "GET /app/ask HTTP/1.1" 200 67641 "http://bcb.teton.rightnowtech.com/app/answers/list" "Mozilla/5.0 (iPod; U; CPU iPhone OS 3_1_3 like Mac OS X; en-us) AppleWebKit/528.18 (KHTML, like Gecko) Version/4.0 Mobile/7E18 Safari/528.16"
10.1.72.169 - - [20/Apr/2010:10:11:00 -0600] "GET /app/ask HTTP/1.1" 200 67657 "http://bcb.teton.rightnowtech.com/app/answers/list" "Mozilla/5.0 (iPod; U; CPU iPhone OS 3_1_3 like Mac OS X; en-us) AppleWebKit/528.18 (KHTML, like Gecko) Version/4.0 Mobile/7E18 Safari/528.16"
10.1.72.169 - - [20/Apr/2010:10:11:35 -0600] "GET /app/ask HTTP/1.1" 200 67673 "http://bcb.teton.rightnowtech.com/app/answers/list" "Mozilla/5.0 (iPod; U; CPU iPhone OS 3_1_3 like Mac OS X; en-us) AppleWebKit/528.18 (KHTML, like Gecko) Version/4.0 Mobile/7E18 Safari/528.16"
10.1.72.169 - - [20/Apr/2010:10:12:28 -0600] "GET /app/ask HTTP/1.1" 200 67685 "http://bcb.teton.rightnowtech.com/app/answers/list" "Mozilla/5.0 (iPod; U; CPU iPhone OS 3_1_3 like Mac OS X; en-us) AppleWebKit/528.18 (KHTML, like Gecko) Version/4.0 Mobile/7E18 Safari/528.16"
10.1.72.169 - - [20/Apr/2010:10:13:00 -0600] "GET /app/ask HTTP/1.1" 200 67699 "http://bcb.teton.rightnowtech.com/app/answers/list" "Mozilla/5.0 (iPod; U; CPU iPhone OS 3_1_3 like Mac OS X; en-us) AppleWebKit/528.18 (KHTML, like Gecko) Version/4.0 Mobile/7E18 Safari/528.16"
172.22.4.61 - - [20/Apr/2010:10:13:53 -0600] "GET /app/ask/session/L3RpbWUvMTI3MTc3OTM1Ny9zaWQvWnJuOGhVWmo%3D HTTP/1.1" 200 67750 "http://bcb.teton.rightnowtech.com/app" "Mozilla/5.0 (Windows; U; Windows NT 5.1; en-US) AppleWebKit/533.4 (KHTML, like Gecko) Chrome/5.0.375.9 Safari/533.4"
10.1.72.169 - - [20/Apr/2010:10:14:47 -0600] "GET /app/ask HTTP/1.1" 200 67700 "http://bcb.teton.rightnowtech.com/app/answers/list" "Mozilla/5.0 (iPod; U; CPU iPhone OS 3_1_3 like Mac OS X; en-us) AppleWebKit/528.18 (KHTML, like Gecko) Version/4.0 Mobile/7E18 Safari/528.16"
10.1.72.169 - - [20/Apr/2010:10:15:19 -0600] "GET /app/ask HTTP/1.1" 200 67686 "http://bcb.teton.rightnowtech.com/app/answers/list" "Mozilla/5.0 (iPod; U; CPU iPhone OS 3_1_3 like Mac OS X; en-us) AppleWebKit/528.18 (KHTML, like Gecko) Version/4.0 Mobile/7E18 Safari/528.16"
127.0.0.1 - - [20/Apr/2010:10:14:34 -0600] "GET /ci/admin/deploy HTTP/1.0" 200 41198 "-" "Wget/1.10.2 (Red Hat modified)"
10.1.72.169 - - [20/Apr/2010:10:15:41 -0600] "GET /app/ask HTTP/1.1" 200 67707 "http://bcb.teton.rightnowtech.com/app/answers/list" "Mozilla/5.0 (iPod; U; CPU iPhone OS 3_1_3 like Mac OS X; en-us) AppleWebKit/528.18 (KHTML, like Gecko) Version/4.0 Mobile/7E18 Safari/528.16"
172.22.4.61 - - [20/Apr/2010:10:16:09 -0600] "GET /app/home HTTP/1.1" 200 22998 "http://bcb.teton.rightnowtech.com/app/ask/session/L3RpbWUvMTI3MTc3OTM1Ny9zaWQvWnJuOGhVWmo%3D" "Mozilla/5.0 (Windows; U; Windows NT 5.1; en-US) AppleWebKit/533.4 (KHTML, like Gecko) Chrome/5.0.375.9 Safari/533.4"
172.22.4.61 - - [20/Apr/2010:10:16:11 -0600] "GET /app/answers/list HTTP/1.1" 200 44199 "http://bcb.teton.rightnowtech.com/app/home" "Mozilla/5.0 (Windows; U; Windows NT 5.1; en-US) AppleWebKit/533.4 (KHTML, like Gecko) Chrome/5.0.375.9 Safari/533.4"
127.0.0.1 - - [20/Apr/2010:10:20:12 -0600] "GET /ci/admin/deploy HTTP/1.0" 200 20642 "-" "Wget/1.10.2 (Red Hat modified)"
172.22.4.61 - - [20/Apr/2010:10:23:12 -0600] "GET /app/ask HTTP/1.1" 200 67707 "http://bcb.teton.rightnowtech.com/app/answers/list" "Mozilla/5.0 (Windows; U; Windows NT 5.1; en-US) AppleWebKit/533.4 (KHTML, like Gecko) Chrome/5.0.375.9 Safari/533.4"
172.22.4.61 - - [20/Apr/2010:10:25:41 -0600] "GET /app/ask HTTP/1.1" 200 67704 "http://bcb.teton.rightnowtech.com/app/answers/list" "Mozilla/5.0 (Windows; U; Windows NT 5.1; en-US) AppleWebKit/533.4 (KHTML, like Gecko) Chrome/5.0.375.9 Safari/533.4"
10.1.72.169 - - [20/Apr/2010:10:25:48 -0600] "GET /app/ask HTTP/1.1" 200 67704 "http://bcb.teton.rightnowtech.com/app/answers/list" "Mozilla/5.0 (iPod; U; CPU iPhone OS 3_1_3 like Mac OS X; en-us) AppleWebKit/528.18 (KHTML, like Gecko) Version/4.0 Mobile/7E18 Safari/528.16"
172.22.4.61 - - [20/Apr/2010:10:30:38 -0600] "GET /ci/admin/set_cookie/development/mobile HTTP/1.1" 302 - "-" "Mozilla/5.0 (iPhone; U; CPU iPhone OS 3_0 like Mac OS X; en-us) AppleWebKit/528.18 (KHTML, like Gecko) Version/4.0 Mobile/7A341 Safari/528.16"
172.22.4.61 - - [20/Apr/2010:10:30:42 -0600] "GET /app/ask HTTP/1.1" 200 67704 "http://bcb.teton.rightnowtech.com/app" "Mozilla/5.0 (iPhone; U; CPU iPhone OS 3_0 like Mac OS X; en-us) AppleWebKit/528.18 (KHTML, like Gecko) Version/4.0 Mobile/7A341 Safari/528.16"
127.0.0.1 - - [20/Apr/2010:10:46:15 -0600] "GET /ci/admin/deploy HTTP/1.0" 200 41739 "-" "Wget/1.10.2 (Red Hat modified)"
172.22.5.68 - - [20/Apr/2010:10:57:50 -0600] "GET /ci/admin HTTP/1.1" 401 16 "-" "Mozilla/5.0 (Windows; U; Windows NT 5.1; en-US; rv:1.9.2.3) Gecko/20100401 Firefox/3.6.3 (.NET CLR 3.5.30729)"
172.22.5.68 - - [20/Apr/2010:10:57:56 -0600] "GET /ci/admin HTTP/1.1" 200 1778 "-" "Mozilla/5.0 (Windows; U; Windows NT 5.1; en-US; rv:1.9.2.3) Gecko/20100401 Firefox/3.6.3 (.NET CLR 3.5.30729)"
127.0.0.1 - - [20/Apr/2010:11:09:43 -0600] "GET /ci/admin/deploy HTTP/1.0" 200 20626 "-" "Wget/1.10.2 (Red Hat modified)"
127.0.0.1 - - [20/Apr/2010:11:21:53 -0600] "GET /ci/admin/deploy HTTP/1.0" 200 20572 "-" "Wget/1.10.2 (Red Hat modified)"
172.22.4.61 - - [20/Apr/2010:12:01:37 -0600] "GET /ci/admin/set_cookie/development/%2F HTTP/1.1" 302 - "-" "Mozilla/5.0 (iPhone; U; CPU iPhone OS 3_0 like Mac OS X; en-us) AppleWebKit/528.18 (KHTML, like Gecko) Version/4.0 Mobile/7A341 Safari/528.16"
172.22.4.61 - - [20/Apr/2010:12:03:39 -0600] "GET /ci/admin/set_cookie/development/%2F HTTP/1.1" 302 - "-" "Mozilla/5.0 (iPhone; U; CPU iPhone OS 3_0 like Mac OS X; en-us) AppleWebKit/528.18 (KHTML, like Gecko) Version/4.0 Mobile/7A341 Safari/528.16"
172.22.4.61 - - [20/Apr/2010:12:03:40 -0600] "GET /ci/admin/set_cookie/development/mobile HTTP/1.1" 302 - "-" "Mozilla/5.0 (iPhone; U; CPU iPhone OS 3_0 like Mac OS X; en-us) AppleWebKit/528.18 (KHTML, like Gecko) Version/4.0 Mobile/7A341 Safari/528.16"
172.22.4.61 - - [20/Apr/2010:12:03:43 -0600] "GET /app/answers/list HTTP/1.1" 200 44199 "http://bcb.teton.rightnowtech.com/app" "Mozilla/5.0 (iPhone; U; CPU iPhone OS 3_0 like Mac OS X; en-us) AppleWebKit/528.18 (KHTML, like Gecko) Version/4.0 Mobile/7A341 Safari/528.16"
172.22.4.61 - - [20/Apr/2010:12:05:01 -0600] "GET /app/answers/list HTTP/1.1" 200 44199 "-" "Mozilla/5.0 (iPhone; U; CPU iPhone OS 3_0 like Mac OS X; en-us) AppleWebKit/528.18 (KHTML, like Gecko) Version/4.0 Mobile/7A341 Safari/528.16"
172.22.4.61 - - [20/Apr/2010:12:05:13 -0600] "GET /app/answers/list HTTP/1.1" 200 44199 "-" "Mozilla/5.0 (iPhone; U; CPU iPhone OS 3_0 like Mac OS X; en-us) AppleWebKit/528.18 (KHTML, like Gecko) Version/4.0 Mobile/7A341 Safari/528.16"
172.22.4.61 - - [20/Apr/2010:12:05:55 -0600] "GET /app/answers/list HTTP/1.1" 200 44199 "-" "Mozilla/5.0 (iPhone; U; CPU iPhone OS 3_0 like Mac OS X; en-us) AppleWebKit/528.18 (KHTML, like Gecko) Version/4.0 Mobile/7A341 Safari/528.16"
172.22.4.61 - - [20/Apr/2010:12:07:42 -0600] "GET /app/answers/list HTTP/1.1" 200 44199 "-" "Mozilla/5.0 (iPhone; U; CPU iPhone OS 3_0 like Mac OS X; en-us) AppleWebKit/528.18 (KHTML, like Gecko) Version/4.0 Mobile/7A341 Safari/528.16"
172.22.4.61 - - [20/Apr/2010:12:11:20 -0600] "GET /app/answers/list HTTP/1.1" 200 44199 "-" "Mozilla/5.0 (iPhone; U; CPU iPhone OS 3_0 like Mac OS X; en-us) AppleWebKit/528.18 (KHTML, like Gecko) Version/4.0 Mobile/7A341 Safari/528.16"
172.22.4.61 - - [20/Apr/2010:12:16:47 -0600] "GET /app/answers/list HTTP/1.1" 200 44199 "-" "Mozilla/5.0 (iPhone; U; CPU iPhone OS 3_0 like Mac OS X; en-us) AppleWebKit/528.18 (KHTML, like Gecko) Version/4.0 Mobile/7A341 Safari/528.16"
172.22.4.61 - - [20/Apr/2010:12:19:17 -0600] "GET /app/answers/list HTTP/1.1" 200 44199 "-" "Mozilla/5.0 (iPhone; U; CPU iPhone OS 3_0 like Mac OS X; en-us) AppleWebKit/528.18 (KHTML, like Gecko) Version/4.0 Mobile/7A341 Safari/528.16"
172.22.4.61 - - [20/Apr/2010:12:24:36 -0600] "GET /app/answers/list HTTP/1.1" 200 44199 "-" "Mozilla/5.0 (iPhone; U; CPU iPhone OS 3_0 like Mac OS X; en-us) AppleWebKit/528.18 (KHTML, like Gecko) Version/4.0 Mobile/7A341 Safari/528.16"
172.22.4.61 - - [20/Apr/2010:12:26:39 -0600] "GET /app/answers/list HTTP/1.1" 200 44199 "-" "Mozilla/5.0 (iPhone; U; CPU iPhone OS 3_0 like Mac OS X; en-us) AppleWebKit/528.18 (KHTML, like Gecko) Version/4.0 Mobile/7A341 Safari/528.16"
172.22.4.61 - - [20/Apr/2010:12:27:55 -0600] "GET /app/answers/list HTTP/1.1" 200 44199 "-" "Mozilla/5.0 (iPhone; U; CPU iPhone OS 3_0 like Mac OS X; en-us) AppleWebKit/528.18 (KHTML, like Gecko) Version/4.0 Mobile/7A341 Safari/528.16"
172.22.4.61 - - [20/Apr/2010:12:28:11 -0600] "GET /app/answers/list HTTP/1.1" 200 44199 "-" "Mozilla/5.0 (iPhone; U; CPU iPhone OS 3_0 like Mac OS X; en-us) AppleWebKit/528.18 (KHTML, like Gecko) Version/4.0 Mobile/7A341 Safari/528.16"
172.22.4.61 - - [20/Apr/2010:12:28:42 -0600] "GET /app/answers/list HTTP/1.1" 200 44199 "-" "Mozilla/5.0 (iPhone; U; CPU iPhone OS 3_0 like Mac OS X; en-us) AppleWebKit/528.18 (KHTML, like Gecko) Version/4.0 Mobile/7A341 Safari/528.16"
172.22.4.61 - - [20/Apr/2010:12:28:51 -0600] "GET /app/answers/list HTTP/1.1" 200 44199 "-" "Mozilla/5.0 (iPhone; U; CPU iPhone OS 3_0 like Mac OS X; en-us) AppleWebKit/528.18 (KHTML, like Gecko) Version/4.0 Mobile/7A341 Safari/528.16"
172.22.4.61 - - [20/Apr/2010:12:29:09 -0600] "GET /app/answers/list HTTP/1.1" 200 44199 "-" "Mozilla/5.0 (iPhone; U; CPU iPhone OS 3_0 like Mac OS X; en-us) AppleWebKit/528.18 (KHTML, like Gecko) Version/4.0 Mobile/7A341 Safari/528.16"
172.22.4.61 - - [20/Apr/2010:12:29:56 -0600] "GET /app/answers/list HTTP/1.1" 200 44199 "-" "Mozilla/5.0 (iPhone; U; CPU iPhone OS 3_0 like Mac OS X; en-us) AppleWebKit/528.18 (KHTML, like Gecko) Version/4.0 Mobile/7A341 Safari/528.16"
172.22.4.61 - - [20/Apr/2010:12:31:58 -0600] "GET /app/answers/list HTTP/1.1" 200 44199 "-" "Mozilla/5.0 (iPhone; U; CPU iPhone OS 3_0 like Mac OS X; en-us) AppleWebKit/528.18 (KHTML, like Gecko) Version/4.0 Mobile/7A341 Safari/528.16"
172.22.4.61 - - [20/Apr/2010:12:33:38 -0600] "GET /app/answers/list HTTP/1.1" 200 44199 "-" "Mozilla/5.0 (iPhone; U; CPU iPhone OS 3_0 like Mac OS X; en-us) AppleWebKit/528.18 (KHTML, like Gecko) Version/4.0 Mobile/7A341 Safari/528.16"
172.22.4.61 - - [20/Apr/2010:12:35:21 -0600] "GET /app/answers/list HTTP/1.1" 200 44199 "-" "Mozilla/5.0 (iPhone; U; CPU iPhone OS 3_0 like Mac OS X; en-us) AppleWebKit/528.18 (KHTML, like Gecko) Version/4.0 Mobile/7A341 Safari/528.16"
172.22.4.61 - - [20/Apr/2010:12:35:44 -0600] "GET /app/answers/list HTTP/1.1" 200 44199 "-" "Mozilla/5.0 (iPhone; U; CPU iPhone OS 3_0 like Mac OS X; en-us) AppleWebKit/528.18 (KHTML, like Gecko) Version/4.0 Mobile/7A341 Safari/528.16"
172.22.4.61 - - [20/Apr/2010:12:36:18 -0600] "GET /app/answers/list HTTP/1.1" 200 44199 "-" "Mozilla/5.0 (iPhone; U; CPU iPhone OS 3_0 like Mac OS X; en-us) AppleWebKit/528.18 (KHTML, like Gecko) Version/4.0 Mobile/7A341 Safari/528.16"
172.22.4.61 - - [20/Apr/2010:12:36:39 -0600] "GET /app/answers/list HTTP/1.1" 200 44199 "-" "Mozilla/5.0 (iPhone; U; CPU iPhone OS 3_0 like Mac OS X; en-us) AppleWebKit/528.18 (KHTML, like Gecko) Version/4.0 Mobile/7A341 Safari/528.16"
172.22.4.61 - - [20/Apr/2010:12:36:57 -0600] "GET /app/answers/list HTTP/1.1" 200 44199 "-" "Mozilla/5.0 (iPhone; U; CPU iPhone OS 3_0 like Mac OS X; en-us) AppleWebKit/528.18 (KHTML, like Gecko) Version/4.0 Mobile/7A341 Safari/528.16"
172.22.4.61 - - [20/Apr/2010:12:37:07 -0600] "GET /app/answers/list HTTP/1.1" 200 44199 "-" "Mozilla/5.0 (iPhone; U; CPU iPhone OS 3_0 like Mac OS X; en-us) AppleWebKit/528.18 (KHTML, like Gecko) Version/4.0 Mobile/7A341 Safari/528.16"
172.22.4.61 - - [20/Apr/2010:12:37:40 -0600] "GET /app/answers/list HTTP/1.1" 200 44199 "-" "Mozilla/5.0 (iPhone; U; CPU iPhone OS 3_0 like Mac OS X; en-us) AppleWebKit/528.18 (KHTML, like Gecko) Version/4.0 Mobile/7A341 Safari/528.16"
172.22.4.61 - - [20/Apr/2010:12:38:16 -0600] "GET /app/answers/list HTTP/1.1" 200 44199 "-" "Mozilla/5.0 (iPhone; U; CPU iPhone OS 3_0 like Mac OS X; en-us) AppleWebKit/528.18 (KHTML, like Gecko) Version/4.0 Mobile/7A341 Safari/528.16"
172.22.4.61 - - [20/Apr/2010:12:38:28 -0600] "GET /app/answers/list HTTP/1.1" 200 44199 "-" "Mozilla/5.0 (iPhone; U; CPU iPhone OS 3_0 like Mac OS X; en-us) AppleWebKit/528.18 (KHTML, like Gecko) Version/4.0 Mobile/7A341 Safari/528.16"
172.22.5.68 - - [20/Apr/2010:12:39:56 -0600] "GET /ci/admin HTTP/1.1" 200 1778 "-" "Mozilla/5.0 (Windows; U; Windows NT 5.1; en-US; rv:1.9.2.3) Gecko/20100401 Firefox/3.6.3 (.NET CLR 3.5.30729)"
172.22.4.61 - - [20/Apr/2010:12:46:06 -0600] "GET /app/answers/list HTTP/1.1" 200 44199 "-" "Mozilla/5.0 (iPhone; U; CPU iPhone OS 3_0 like Mac OS X; en-us) AppleWebKit/528.18 (KHTML, like Gecko) Version/4.0 Mobile/7A341 Safari/528.16"
172.22.4.61 - - [20/Apr/2010:12:47:34 -0600] "GET /app/answers/list HTTP/1.1" 200 44199 "-" "Mozilla/5.0 (iPhone; U; CPU iPhone OS 3_0 like Mac OS X; en-us) AppleWebKit/528.18 (KHTML, like Gecko) Version/4.0 Mobile/7A341 Safari/528.16"
172.22.4.61 - - [20/Apr/2010:12:47:56 -0600] "GET /app/answers/list HTTP/1.1" 200 44199 "-" "Mozilla/5.0 (iPhone; U; CPU iPhone OS 3_0 like Mac OS X; en-us) AppleWebKit/528.18 (KHTML, like Gecko) Version/4.0 Mobile/7A341 Safari/528.16"
172.22.4.61 - - [20/Apr/2010:12:48:20 -0600] "GET /app/answers/list HTTP/1.1" 200 44199 "-" "Mozilla/5.0 (iPhone; U; CPU iPhone OS 3_0 like Mac OS X; en-us) AppleWebKit/528.18 (KHTML, like Gecko) Version/4.0 Mobile/7A341 Safari/528.16"
172.22.4.61 - - [20/Apr/2010:12:50:41 -0600] "GET /app/answers/list HTTP/1.1" 200 44199 "-" "Mozilla/5.0 (iPhone; U; CPU iPhone OS 3_0 like Mac OS X; en-us) AppleWebKit/528.18 (KHTML, like Gecko) Version/4.0 Mobile/7A341 Safari/528.16"
127.0.0.1 - - [20/Apr/2010:12:50:33 -0600] "GET /ci/admin/deploy HTTP/1.0" 200 20032 "-" "Wget/1.10.2 (Red Hat modified)"
172.22.5.68 - - [20/Apr/2010:12:52:53 -0600] "GET /ci/admin HTTP/1.1" 200 11426 "-" "Mozilla/5.0 (Windows; U; Windows NT 5.1; en-US; rv:1.9.2.3) Gecko/20100401 Firefox/3.6.3 (.NET CLR 3.5.30729)"
172.22.5.68 - - [20/Apr/2010:12:52:56 -0600] "GET /ci/admin/set_cookie/development HTTP/1.1" 302 - "http://aatrunk.teton.rightnowtech.com/ci/admin" "Mozilla/5.0 (Windows; U; Windows NT 5.1; en-US; rv:1.9.2.3) Gecko/20100401 Firefox/3.6.3 (.NET CLR 3.5.30729)"
172.22.5.68 - - [20/Apr/2010:12:53:14 -0600] "GET /app/answers/detail/a_id/57/session/L3RpbWUvMTI3MTc4OTU3Ny9zaWQvSVZqM1ZVWmo%3D HTTP/1.1" 200 59750 "http://aatrunk.teton.rightnowtech.com/app" "Mozilla/5.0 (Windows; U; Windows NT 5.1; en-US; rv:1.9.2.3) Gecko/20100401 Firefox/3.6.3 (.NET CLR 3.5.30729)"
127.0.0.1 - - [20/Apr/2010:12:58:04 -0600] "GET /ci/admin/deploy HTTP/1.0" 200 675 "-" "Wget/1.10.2 (Red Hat modified)"
172.22.4.61 - - [20/Apr/2010:12:58:35 -0600] "GET /app/answers/list HTTP/1.1" 200 44199 "-" "Mozilla/5.0 (iPhone; U; CPU iPhone OS 3_0 like Mac OS X; en-us) AppleWebKit/528.18 (KHTML, like Gecko) Version/4.0 Mobile/7A341 Safari/528.16"
172.22.4.61 - - [20/Apr/2010:12:58:41 -0600] "GET /app/answers/list HTTP/1.1" 200 44199 "-" "Mozilla/5.0 (iPhone; U; CPU iPhone OS 3_0 like Mac OS X; en-us) AppleWebKit/528.18 (KHTML, like Gecko) Version/4.0 Mobile/7A341 Safari/528.16"
172.22.4.61 - - [20/Apr/2010:12:58:50 -0600] "GET /app/answers/list HTTP/1.1" 200 44199 "-" "Mozilla/5.0 (iPhone; U; CPU iPhone OS 3_0 like Mac OS X; en-us) AppleWebKit/528.18 (KHTML, like Gecko) Version/4.0 Mobile/7A341 Safari/528.16"
172.22.4.61 - - [20/Apr/2010:13:00:38 -0600] "GET /app/answers/list HTTP/1.1" 200 44199 "-" "Mozilla/5.0 (iPhone; U; CPU iPhone OS 3_0 like Mac OS X; en-us) AppleWebKit/528.18 (KHTML, like Gecko) Version/4.0 Mobile/7A341 Safari/528.16"
172.22.4.61 - - [20/Apr/2010:13:00:53 -0600] "GET /app/answers/list HTTP/1.1" 200 44199 "-" "Mozilla/5.0 (iPhone; U; CPU iPhone OS 3_0 like Mac OS X; en-us) AppleWebKit/528.18 (KHTML, like Gecko) Version/4.0 Mobile/7A341 Safari/528.16"
172.22.4.61 - - [20/Apr/2010:13:01:24 -0600] "GET /app/answers/list HTTP/1.1" 200 44199 "-" "Mozilla/5.0 (iPhone; U; CPU iPhone OS 3_0 like Mac OS X; en-us) AppleWebKit/528.18 (KHTML, like Gecko) Version/4.0 Mobile/7A341 Safari/528.16"
172.22.4.61 - - [20/Apr/2010:13:03:19 -0600] "GET /app/answers/list HTTP/1.1" 200 44199 "-" "Mozilla/5.0 (iPhone; U; CPU iPhone OS 3_0 like Mac OS X; en-us) AppleWebKit/528.18 (KHTML, like Gecko) Version/4.0 Mobile/7A341 Safari/528.16"
172.22.4.61 - - [20/Apr/2010:13:07:52 -0600] "GET /app/answers/list HTTP/1.1" 200 44199 "-" "Mozilla/5.0 (iPhone; U; CPU iPhone OS 3_0 like Mac OS X; en-us) AppleWebKit/528.18 (KHTML, like Gecko) Version/4.0 Mobile/7A341 Safari/528.16"
172.22.4.61 - - [20/Apr/2010:13:08:14 -0600] "GET /app/answers/list HTTP/1.1" 200 44199 "-" "Mozilla/5.0 (iPhone; U; CPU iPhone OS 3_0 like Mac OS X; en-us) AppleWebKit/528.18 (KHTML, like Gecko) Version/4.0 Mobile/7A341 Safari/528.16"
172.22.4.61 - - [20/Apr/2010:13:08:37 -0600] "GET /app/answers/list HTTP/1.1" 200 44199 "-" "Mozilla/5.0 (iPhone; U; CPU iPhone OS 3_0 like Mac OS X; en-us) AppleWebKit/528.18 (KHTML, like Gecko) Version/4.0 Mobile/7A341 Safari/528.16"
172.22.4.61 - - [20/Apr/2010:13:10:50 -0600] "GET /app/answers/list HTTP/1.1" 200 44199 "-" "Mozilla/5.0 (iPhone; U; CPU iPhone OS 3_0 like Mac OS X; en-us) AppleWebKit/528.18 (KHTML, like Gecko) Version/4.0 Mobile/7A341 Safari/528.16"
