172.22.4.194 - - [08/Apr/2010:13:39:27 -0600] "GET /app/chat/chat_launch/session/L3RpbWUvMTI3MDc1NTU2My9zaWQvb0xQWE5WWWo%3D HTTP/1.1" 200 26555 "http://dhaynes105fixes.teton.rightnowtech.com/" "Mozilla/5.0 eWindows; U; Windows NT 5.1; en-US; rv:1.9.1.7) Gecko/20091221 Firefox/3.5.7 (.NET CLR 3.5.30729)"
172.22.4.194 - - [08/Apr/2010:13:44:05 -0600] "GET /app/chat/chat_launch/session/L3RpbWUvMTI3MDc1NTU2My9zaWQvb0xQWE5WWWo%3D HTTP/1.1" 200 26555 "http://dhaynes105fixes.teton.rightnowtech.com/" "Mozilla/5.0 (Windows; U; Windows NT 5.1; en-US; rv:1.9.1.7) Gecko/20091221 Firefox/3.5.7 (.NET CLR 3.5.30729)"
10.1.72.169 - - [08/Apr/2010:13:45:29 -0600] "GET /app/ask HTTP/1.1" 200 62059 "http://bcb.teton.rightnowtech.com/app/answers/detail/a_id/55" "Mozilla/5.0 (iPod; U; CPU iPhone OS 3_1_3 like Mac OS X; en-us) AppleWebKit/528.18 (KHTML, like Gecko) Version/4.0 Mobile/7E18 Safari/528.16"
172.22.4.194 - - [08/Apr/2010:13:45:54 -0600] "GET /app/chat/chat_launch HTTP/1.1" 200 26555 "http://dhaynes105fixes.teton.rightnowtech.com/" "Mozilla/5.0 (Windows; U; Windows NT 5.1; en-US; rv:1.9.1.7) Gecko/20091221 Firefox/3.5.7 (.NET CLR 3.5.30729)"
172.22.4.61 - - [08/Apr/2010:13:46:06 -0600] "GET /app/ask HTTP/1.1" 200 61047 "http://bcb.teton.rightnowtech.com/app" "Mozilla/5.0 (Windows; U; Windows NT 5.1; en-US; rv:1.9.2.3) Gecko/20100401 Firefox/3.6.3 (.NET CLR 3.5.30729)"
172.22.4.194 - - [08/Apr/2010:13:46:37 -0600] "GET /app/chat/chat_launch HTTP/1.1" 200 27312 "-" "curl/7.16.3 (i686-pc-cygwin) libcurl/7.16.3 OpenSSL/0.9.8k zlib/1.2.3 libssh2/0.15-CVS"
172.22.4.194 - - [08/Apr/2010:13:46:44 -0600] "GET /app/chat/chat_launch HTTP/1.1" 200 27312 "-" "curl/7.16.3 (i686-pc-cygwin) libcurl/7.16.3 OpenSSL/0.9.8k zlib/1.2.3 libssh2/0.15-CVS"
172.22.7.88 - - [08/Apr/2010:13:46:56 -0600] "GET /ci/tags/businessObjects HTTP/1.1" 401 16 "-" "Mozilla/5.0 (Windows; U; Windows NT 6.1; en-US) AppleWebKit/533.4 (KHTML, like Gecko) Chrome/5.0.366.2 Safari/533.4"
172.22.7.88 - - [08/Apr/2010:13:46:58 -0600] "GET /ci/tags/businessObjects HTTP/1.1" 200 36593 "-" "Mozilla/5.0 (Windows; U; Windows NT 6.1; en-US) AppleWebKit/533.4 (KHTML, like Gecko) Chrome/5.0.366.2 Safari/533.4"
10.1.3.66 - - [08/Apr/2010:13:50:08 -0600] "GET /ci/tags/businessObjects HTTP/1.1" 401 16 "-" "Mozilla/4.0 (compatible; MSIE 7.0; Windows NT 5.1; .NET CLR 1.1.4322; .NET CLR 2.0.50727; .NET CLR 3.0.04506.30; .NET CLR 3.0.04506.648; .NET CLR 3.5.21022; .NET CLR 3.0.4506.2152; .NET CLR 3.5.30729; MS-RTC LM 8)"
10.1.3.66 - - [08/Apr/2010:13:50:12 -0600] "GET /ci/tags/businessObjects HTTP/1.1" 401 16 "-" "Mozilla/4.0 (compatible; MSIE 7.0; Windows NT 5.1; .NET CLR 1.1.4322; .NET CLR 2.0.50727; .NET CLR 3.0.04506.30; .NET CLR 3.0.04506.648; .NET CLR 3.5.21022; .NET CLR 3.0.4506.2152; .NET CLR 3.5.30729; MS-RTC LM 8)"
10.1.3.66 - - [08/Apr/2010:13:50:15 -0600] "GET /ci/tags/businessObjects HTTP/1.1" 200 36593 "-" "Mozilla/4.0 (compatible; MSIE 7.0; Windows NT 5.1; .NET CLR 1.1.4322; .NET CLR 2.0.50727; .NET CLR 3.0.04506.30; .NET CLR 3.0.04506.648; .NET CLR 3.5.21022; .NET CLR 3.0.4506.2152; .NET CLR 3.5.30729; MS-RTC LM 8)"
172.22.5.68 - - [08/Apr/2010:13:50:49 -0600] "GET /ci/unitTest/memcacheTester HTTP/1.1" 200 1569 "-" "Mozilla/5.0 (Windows; U; Windows NT 5.1; en-US; rv:1.9.2.3) Gecko/20100401 Firefox/3.6.3 (.NET CLR 3.5.30729)"
172.22.4.61 - - [08/Apr/2010:13:53:30 -0600] "GET /app/ask HTTP/1.1" 200 61047 "http://bcb.teton.rightnowtech.com/app" "Mozilla/5.0 (Windows; U; Windows NT 5.1; en-US; rv:1.9.2.3) Gecko/20100401 Firefox/3.6.3 (.NET CLR 3.5.30729)"
10.1.72.169 - - [08/Apr/2010:13:53:42 -0600] "GET /app/ask HTTP/1.1" 200 62059 "http://bcb.teton.rightnowtech.com/app/answers/detail/a_id/55" "Mozilla/5.0 (iPod; U; CPU iPhone OS 3_1_3 like Mac OS X; en-us) AppleWebKit/528.18 (KHTML, like Gecko) Version/4.0 Mobile/7E18 Safari/528.16"
10.1.72.169 - - [08/Apr/2010:13:54:14 -0600] "GET /app/ask HTTP/1.1" 200 62059 "http://bcb.teton.rightnowtech.com/app/answers/detail/a_id/55" "Mozilla/5.0 (iPod; U; CPU iPhone OS 3_1_3 like Mac OS X; en-us) AppleWebKit/528.18 (KHTML, like Gecko) Version/4.0 Mobile/7E18 Safari/528.16"
10.1.72.169 - - [08/Apr/2010:13:54:41 -0600] "GET /app/ask HTTP/1.1" 200 62059 "http://bcb.teton.rightnowtech.com/app/answers/detail/a_id/55" "Mozilla/5.0 (iPod; U; CPU iPhone OS 3_1_3 like Mac OS X; en-us) AppleWebKit/528.18 (KHTML, like Gecko) Version/4.0 Mobile/7E18 Safari/528.16"
10.1.72.170 - - [08/Apr/2010:13:55:09 -0600] "GET /app/ask HTTP/1.1" 200 62059 "http://bcb.teton.rightnowtech.com/app/utils/guided_assistant/g_id/7" "Mozilla/5.0 (Linux; U; Android 2.1-update1; en-us; Droid Build/ESE81) AppleWebKit/530.17 (KHTML, like Gecko) Version/4.0 Mobile Safari/530.17"
10.1.72.170 - - [08/Apr/2010:13:58:28 -0600] "GET /app/ask HTTP/1.1" 200 62059 "-" "Mozilla/5.0 (Linux; U; Android 2.1-update1; en-us; Droid Build/ESE81) AppleWebKit/530.17 (KHTML, like Gecko) Version/4.0 Mobile Safari/530.17"
172.22.4.194 - - [08/Apr/2010:14:05:39 -0600] "GET /app/chat/chat_launch HTTP/1.1" 200 26555 "http://dhaynes105fixes.teton.rightnowtech.com/" "Mozilla/5.0 (Windows; U; Windows NT 5.1; en-US; rv:1.9.1.7) Gecko/20091221 Firefox/3.5.7 (.NET CLR 3.5.30729)"
10.1.77.49 - - [08/Apr/2010:14:05:46 -0600] "GET /app/answers/list/kw/roaming/search/1 HTTP/1.1" 200 37899 "-" "Mozilla/5.0 (webOS/1.4.0; U; en-US) AppleWebKit/532.2 (KHTML, like Gecko) Version/1.0 Safari/532.2 Pre/1.1"
10.1.77.49 - - [08/Apr/2010:14:05:58 -0600] "GET /app/ask/session/L3RpbWUvMTI3MDc1NzE0Ni9zaWQvaXBFN1VWWWo%3D HTTP/1.1" 200 62110 "http://bcb.teton.rightnowtech.com/app/answers/list/kw/roaming/search/1" "Mozilla/5.0 (webOS/1.4.0; U; en-US) AppleWebKit/532.2 (KHTML, like Gecko) Version/1.0 Safari/532.2 Pre/1.1"
172.22.4.194 - - [08/Apr/2010:14:07:33 -0600] "GET /app/chat/chat_launch HTTP/1.1" 200 26555 "http://dhaynes105fixes.teton.rightnowtech.com/" "Mozilla/5.0 (Windows; U; Windows NT 5.1; en-US; rv:1.9.1.7) Gecko/20091221 Firefox/3.5.7 (.NET CLR 3.5.30729)"
172.22.4.194 - - [08/Apr/2010:14:16:59 -0600] "GET /app/chat/chat_launch/session/L3RpbWUvMTI3MDc1NzgxNi9zaWQvcEM4TFdWWWo%3D HTTP/1.1" 200 26555 "http://dhaynes105fixes.teton.rightnowtech.com/" "Mozilla/5.0 (Windows; U; Windows NT 5.1; en-US; rv:1.9.1.7) Gecko/20091221 Firefox/3.5.7 (.NET CLR 3.5.30729)"
10.1.72.170 - - [08/Apr/2010:14:22:58 -0600] "GET /app/ask HTTP/1.1" 200 62059 "-" "Mozilla/5.0 (Linux; U; Android 2.1-update1; en-us; Droid Build/ESE81) AppleWebKit/530.17 (KHTML, like Gecko) Version/4.0 Mobile Safari/530.17"
172.22.4.194 - - [08/Apr/2010:14:23:05 -0600] "GET /app/chat/chat_launch HTTP/1.1" 200 26555 "http://dhaynes105fixes.teton.rightnowtech.com/" "Mozilla/5.0 (Windows; U; Windows NT 5.1; en-US; rv:1.9.1.7) Gecko/20091221 Firefox/3.5.7 (.NET CLR 3.5.30729)"
172.22.4.194 - - [08/Apr/2010:14:24:43 -0600] "GET /app/chat/chat_launch HTTP/1.1" 200 26555 "http://dhaynes105fixes.teton.rightnowtech.com/" "Mozilla/5.0 (Windows; U; Windows NT 5.1; en-US; rv:1.9.1.7) Gecko/20091221 Firefox/3.5.7 (.NET CLR 3.5.30729)"
172.22.4.194 - - [08/Apr/2010:14:28:03 -0600] "GET /app/chat/chat_launch HTTP/1.1" 200 26555 "http://dhaynes105fixes.teton.rightnowtech.com/app/chat/chat_launch" "Mozilla/5.0 (Windows; U; Windows NT 5.1; en-US; rv:1.9.1.7) Gecko/20091221 Firefox/3.5.7 (.NET CLR 3.5.30729)"
172.22.4.194 - - [08/Apr/2010:14:29:48 -0600] "GET /app/chat/chat_launch/session/L3RpbWUvMTI3MDc1ODU4Mi9zaWQvQTh6S1pWWWo%3D HTTP/1.1" 200 26555 "http://dhaynes105fixes.teton.rightnowtech.com/" "Mozilla/5.0 (Windows; U; Windows NT 5.1; en-US; rv:1.9.1.7) Gecko/20091221 Firefox/3.5.7 (.NET CLR 3.5.30729)"
127.0.0.1 - - [08/Apr/2010:14:31:21 -0600] "GET /ci/admin/deploy HTTP/1.0" 200 20673 "-" "Wget/1.10.2 (Red Hat modified)"
172.22.5.22 - - [08/Apr/2010:14:33:51 -0600] "GET /ci/admin HTTP/1.1" 401 16 "-" "Mozilla/5.0 (Windows; U; Windows NT 5.1; en-US; rv:1.9.2.3) Gecko/20100401 Firefox/3.6.3 GTB6 (.NET CLR 3.5.30729)"
172.22.5.22 - - [08/Apr/2010:14:33:55 -0600] "GET /ci/admin HTTP/1.1" 200 11426 "-" "Mozilla/5.0 (Windows; U; Windows NT 5.1; en-US; rv:1.9.2.3) Gecko/20100401 Firefox/3.6.3 GTB6 (.NET CLR 3.5.30729)"
172.22.5.22 - - [08/Apr/2010:14:34:10 -0600] "GET /ci/admin/set_cookie/production HTTP/1.1" 302 - "http://jlindh3pq.teton.rightnowtech.com/ci/admin" "Mozilla/5.0 (Windows; U; Windows NT 5.1; en-US; rv:1.9.2.3) Gecko/20100401 Firefox/3.6.3 GTB6 (.NET CLR 3.5.30729)"
10.1.72.170 - - [08/Apr/2010:14:36:56 -0600] "GET /app/utils/login_form HTTP/1.1" 200 17514 "http://bcb.teton.rightnowtech.com/app/ask" "Mozilla/5.0 (Linux; U; Android 2.1-update1; en-us; Droid Build/ESE81) AppleWebKit/530.17 (KHTML, like Gecko) Version/4.0 Mobile Safari/530.17"
10.1.72.170 - - [08/Apr/2010:14:37:07 -0600] "GET /app/account/questions/list HTTP/1.1" 200 24374 "http://bcb.teton.rightnowtech.com/app/utils/login_form" "Mozilla/5.0 (Linux; U; Android 2.1-update1; en-us; Droid Build/ESE81) AppleWebKit/530.17 (KHTML, like Gecko) Version/4.0 Mobile Safari/530.17"
10.1.72.170 - - [08/Apr/2010:14:38:02 -0600] "GET /app/ask HTTP/1.1" 200 61343 "http://bcb.teton.rightnowtech.com/app/account/questions/list" "Mozilla/5.0 (Linux; U; Android 2.1-update1; en-us; Droid Build/ESE81) AppleWebKit/530.17 (KHTML, like Gecko) Version/4.0 Mobile Safari/530.17"
10.1.72.170 - - [08/Apr/2010:14:39:25 -0600] "GET /app/answers/list HTTP/1.1" 200 44311 "-" "Mozilla/5.0 (Linux; U; Android 2.1-update1; en-us; Droid Build/ESE81) AppleWebKit/530.17 (KHTML, like Gecko) Version/4.0 Mobile Safari/530.17"
10.1.72.170 - - [08/Apr/2010:14:40:25 -0600] "GET /ci/admin HTTP/1.1" 401 16 "-" "Mozilla/5.0 (Linux; U; Android 2.1-update1; en-us; Droid Build/ESE81) AppleWebKit/530.17 (KHTML, like Gecko) Version/4.0 Mobile Safari/530.17"
10.1.72.170 - - [08/Apr/2010:14:40:32 -0600] "GET /ci/admin HTTP/1.1" 200 11434 "-" "Mozilla/5.0 (Linux; U; Android 2.1-update1; en-us; Droid Build/ESE81) AppleWebKit/530.17 (KHTML, like Gecko) Version/4.0 Mobile Safari/530.17"
10.1.72.170 - - [08/Apr/2010:14:40:57 -0600] "GET /ci/admin/set_cookie/development HTTP/1.1" 401 16 "http://bcb.teton.rightnowtech.com/ci/admin" "Mozilla/5.0 (Linux; U; Android 2.1-update1; en-us; Droid Build/ESE81) AppleWebKit/530.17 (KHTML, like Gecko) Version/4.0 Mobile Safari/530.17"
10.1.72.170 - - [08/Apr/2010:14:40:57 -0600] "GET /ci/admin/set_cookie/development HTTP/1.1" 302 - "http://bcb.teton.rightnowtech.com/ci/admin" "Mozilla/5.0 (Linux; U; Android 2.1-update1; en-us; Droid Build/ESE81) AppleWebKit/530.17 (KHTML, like Gecko) Version/4.0 Mobile Safari/530.17"
10.1.72.170 - - [08/Apr/2010:14:41:05 -0600] "GET /ci/admin HTTP/1.1" 401 16 "-" "Mozilla/5.0 (Linux; U; Android 2.1-update1; en-us; Droid Build/ESE81) AppleWebKit/530.17 (KHTML, like Gecko) Version/4.0 Mobile Safari/530.17"
10.1.72.170 - - [08/Apr/2010:14:41:05 -0600] "GET /ci/admin HTTP/1.1" 200 11435 "-" "Mozilla/5.0 (Linux; U; Android 2.1-update1; en-us; Droid Build/ESE81) AppleWebKit/530.17 (KHTML, like Gecko) Version/4.0 Mobile Safari/530.17"
10.1.72.170 - - [08/Apr/2010:14:41:11 -0600] "GET /ci/admin/setMode HTTP/1.1" 401 16 "http://bcb.teton.rightnowtech.com/ci/admin" "Mozilla/5.0 (Linux; U; Android 2.1-update1; en-us; Droid Build/ESE81) AppleWebKit/530.17 (KHTML, like Gecko) Version/4.0 Mobile Safari/530.17"
10.1.72.170 - - [08/Apr/2010:14:41:12 -0600] "GET /ci/admin/setMode HTTP/1.1" 200 14619 "http://bcb.teton.rightnowtech.com/ci/admin" "Mozilla/5.0 (Linux; U; Android 2.1-update1; en-us; Droid Build/ESE81) AppleWebKit/530.17 (KHTML, like Gecko) Version/4.0 Mobile Safari/530.17"
10.1.72.170 - - [08/Apr/2010:14:41:37 -0600] "GET /ci/admin/set_cookie/development/mobile HTTP/1.1" 401 16 "http://bcb.teton.rightnowtech.com/ci/admin/setMode" "Mozilla/5.0 (Linux; U; Android 2.1-update1; en-us; Droid Build/ESE81) AppleWebKit/530.17 (KHTML, like Gecko) Version/4.0 Mobile Safari/530.17"
10.1.72.170 - - [08/Apr/2010:14:41:38 -0600] "GET /ci/admin/set_cookie/development/mobile HTTP/1.1" 302 - "http://bcb.teton.rightnowtech.com/ci/admin/setMode" "Mozilla/5.0 (Linux; U; Android 2.1-update1; en-us; Droid Build/ESE81) AppleWebKit/530.17 (KHTML, like Gecko) Version/4.0 Mobile Safari/530.17"
10.1.72.170 - - [08/Apr/2010:14:41:46 -0600] "GET /ci/admin/setMode HTTP/1.1" 401 16 "http://bcb.teton.rightnowtech.com/ci/admin" "Mozilla/5.0 (Linux; U; Android 2.1-update1; en-us; Droid Build/ESE81) AppleWebKit/530.17 (KHTML, like Gecko) Version/4.0 Mobile Safari/530.17"
10.1.72.170 - - [08/Apr/2010:14:41:46 -0600] "GET /ci/admin/setMode HTTP/1.1" 200 14590 "http://bcb.teton.rightnowtech.com/ci/admin" "Mozilla/5.0 (Linux; U; Android 2.1-update1; en-us; Droid Build/ESE81) AppleWebKit/530.17 (KHTML, like Gecko) Version/4.0 Mobile Safari/530.17"
10.1.72.170 - - [08/Apr/2010:14:42:23 -0600] "GET /ci/admin/set_cookie/development/mobile HTTP/1.1" 401 16 "http://bcb.teton.rightnowtech.com/ci/admin/setMode" "Mozilla/5.0 (Linux; U; Android 2.1-update1; en-us; Droid Build/ESE81) AppleWebKit/530.17 (KHTML, like Gecko) Version/4.0 Mobile Safari/530.17"
10.1.72.170 - - [08/Apr/2010:14:42:24 -0600] "GET /ci/admin/set_cookie/development/mobile HTTP/1.1" 302 - "http://bcb.teton.rightnowtech.com/ci/admin/setMode" "Mozilla/5.0 (Linux; U; Android 2.1-update1; en-us; Droid Build/ESE81) AppleWebKit/530.17 (KHTML, like Gecko) Version/4.0 Mobile Safari/530.17"
10.1.72.170 - - [08/Apr/2010:14:42:33 -0600] "GET /ci/admin/setMode HTTP/1.1" 401 16 "http://bcb.teton.rightnowtech.com/ci/admin" "Mozilla/5.0 (Linux; U; Android 2.1-update1; en-us; Droid Build/ESE81) AppleWebKit/530.17 (KHTML, like Gecko) Version/4.0 Mobile Safari/530.17"
10.1.72.170 - - [08/Apr/2010:14:42:33 -0600] "GET /ci/admin/setMode HTTP/1.1" 200 14590 "http://bcb.teton.rightnowtech.com/ci/admin" "Mozilla/5.0 (Linux; U; Android 2.1-update1; en-us; Droid Build/ESE81) AppleWebKit/530.17 (KHTML, like Gecko) Version/4.0 Mobile Safari/530.17"
10.1.72.170 - - [08/Apr/2010:14:43:04 -0600] "GET /ci/admin/set_cookie/development/mobile HTTP/1.1" 401 16 "http://bcb.teton.rightnowtech.com/ci/admin/setMode" "Mozilla/5.0 (Linux; U; Android 2.1-update1; en-us; Droid Build/ESE81) AppleWebKit/530.17 (KHTML, like Gecko) Version/4.0 Mobile Safari/530.17"
10.1.72.170 - - [08/Apr/2010:14:43:04 -0600] "GET /ci/admin/set_cookie/development/mobile HTTP/1.1" 302 - "http://bcb.teton.rightnowtech.com/ci/admin/setMode" "Mozilla/5.0 (Linux; U; Android 2.1-update1; en-us; Droid Build/ESE81) AppleWebKit/530.17 (KHTML, like Gecko) Version/4.0 Mobile Safari/530.17"
10.1.72.170 - - [08/Apr/2010:14:43:25 -0600] "GET /app/ask/session/L3RpbWUvMTI3MDc1OTM4NS9zaWQvTGtsVCpWWWo%3D HTTP/1.1" 200 62110 "http://bcb.teton.rightnowtech.com/app" "Mozilla/5.0 (Linux; U; Android 2.1-update1; en-us; Droid Build/ESE81) AppleWebKit/530.17 (KHTML, like Gecko) Version/4.0 Mobile Safari/530.17"
172.22.4.61 - - [08/Apr/2010:14:55:37 -0600] "GET /ci/admin/set_cookie/development/mobile HTTP/1.1" 401 16 "-" "Mozilla/5.0 (Windows; U; Windows NT 5.1; en-US; rv:1.9.2.3) Gecko/20100401 Firefox/3.6.3 (.NET CLR 3.5.30729)"
172.22.4.61 - - [08/Apr/2010:14:55:40 -0600] "GET /ci/admin/set_cookie/development/mobile HTTP/1.1" 302 - "-" "Mozilla/5.0 (Windows; U; Windows NT 5.1; en-US; rv:1.9.2.3) Gecko/20100401 Firefox/3.6.3 (.NET CLR 3.5.30729)"
172.22.4.61 - - [08/Apr/2010:14:55:50 -0600] "GET /app/answers/list HTTP/1.1" 200 44131 "http://bcb.teton.rightnowtech.com/app" "Mozilla/5.0 (Windows; U; Windows NT 5.1; en-US; rv:1.9.2.3) Gecko/20100401 Firefox/3.6.3 (.NET CLR 3.5.30729)"
172.22.4.61 - - [08/Apr/2010:14:56:13 -0600] "GET /app/answers/detail/a_id/52 HTTP/1.1" 200 31395 "http://bcb.teton.rightnowtech.com/app/answers/list" "Mozilla/5.0 (Windows; U; Windows NT 5.1; en-US; rv:1.9.2.3) Gecko/20100401 Firefox/3.6.3 (.NET CLR 3.5.30729)"
172.22.4.61 - - [08/Apr/2010:14:59:26 -0600] "GET /app/answers/list HTTP/1.1" 200 44256 "http://bcb.teton.rightnowtech.com/app" "Mozilla/5.0 (Windows; U; Windows NT 5.1; en-US; rv:1.9.2.3) Gecko/20100401 Firefox/3.6.3 (.NET CLR 3.5.30729)"
172.22.4.194 - - [08/Apr/2010:14:59:34 -0600] "GET /app/chat/chat_launch/session/L3RpbWUvMTI3MDc1ODU4Mi9zaWQvQTh6S1pWWWo%3D HTTP/1.1" 200 26555 "http://dhaynes105fixes.teton.rightnowtech.com/" "Mozilla/5.0 (Windows; U; Windows NT 5.1; en-US; rv:1.9.1.7) Gecko/20091221 Firefox/3.5.7 (.NET CLR 3.5.30729)"
172.22.4.61 - - [08/Apr/2010:14:59:35 -0600] "GET /app/answers/detail/a_id/52 HTTP/1.1" 200 31395 "http://bcb.teton.rightnowtech.com/app/answers/list" "Mozilla/5.0 (Windows; U; Windows NT 5.1; en-US; rv:1.9.2.3) Gecko/20100401 Firefox/3.6.3 (.NET CLR 3.5.30729)"
172.22.4.194 - - [08/Apr/2010:14:59:59 -0600] "GET /app/chat/chat_launch/session/L3RpbWUvMTI3MDc1ODU4Mi9zaWQvQTh6S1pWWWo%3D HTTP/1.1" 200 26555 "http://dhaynes105fixes.teton.rightnowtech.com/" "Mozilla/5.0 (Windows; U; Windows NT 5.1; en-US; rv:1.9.1.7) Gecko/20091221 Firefox/3.5.7 (.NET CLR 3.5.30729)"
172.22.4.194 - - [08/Apr/2010:15:00:22 -0600] "GET /app/chat/chat_launch/session/L3RpbWUvMTI3MDc1ODU4Mi9zaWQvQTh6S1pWWWo%3D HTTP/1.1" 200 26555 "http://dhaynes105fixes.teton.rightnowtech.com/" "Mozilla/5.0 (Windows; U; Windows NT 5.1; en-US; rv:1.9.1.7) Gecko/20091221 Firefox/3.5.7 (.NET CLR 3.5.30729)"
172.22.4.194 - - [08/Apr/2010:15:01:41 -0600] "GET /app/chat/chat_launch/session/L3RpbWUvMTI3MDc1ODU4Mi9zaWQvQTh6S1pWWWo%3D HTTP/1.1" 200 26555 "http://dhaynes105fixes.teton.rightnowtech.com/" "Mozilla/5.0 (Windows; U; Windows NT 5.1; en-US; rv:1.9.1.7) Gecko/20091221 Firefox/3.5.7 (.NET CLR 3.5.30729)"
172.22.4.194 - - [08/Apr/2010:15:02:17 -0600] "GET /app/chat/chat_launch/session/L3RpbWUvMTI3MDc1ODU4Mi9zaWQvQTh6S1pWWWo%3D HTTP/1.1" 200 26555 "http://dhaynes105fixes.teton.rightnowtech.com/" "Mozilla/5.0 (Windows; U; Windows NT 5.1; en-US; rv:1.9.1.7) Gecko/20091221 Firefox/3.5.7 (.NET CLR 3.5.30729)"
172.22.4.194 - - [08/Apr/2010:15:02:39 -0600] "GET /app/chat/chat_launch/session/L3RpbWUvMTI3MDc1ODU4Mi9zaWQvQTh6S1pWWWo%3D HTTP/1.1" 200 26555 "http://dhaynes105fixes.teton.rightnowtech.com/" "Mozilla/5.0 (Windows; U; Windows NT 5.1; en-US; rv:1.9.1.7) Gecko/20091221 Firefox/3.5.7 (.NET CLR 3.5.30729)"
172.22.4.61 - - [08/Apr/2010:15:03:48 -0600] "GET /app/home HTTP/1.1" 200 23055 "http://bcb.teton.rightnowtech.com/app/answers/list" "Mozilla/5.0 (Windows; U; Windows NT 5.1; en-US; rv:1.9.2.3) Gecko/20100401 Firefox/3.6.3 (.NET CLR 3.5.30729)"
172.22.4.61 - - [08/Apr/2010:15:03:55 -0600] "GET /app/home HTTP/1.1" 200 23055 "http://bcb.teton.rightnowtech.com/app/answers/list" "Mozilla/5.0 (Windows; U; Windows NT 5.1; en-US; rv:1.9.2.3) Gecko/20100401 Firefox/3.6.3 (.NET CLR 3.5.30729)"
10.1.72.170 - - [08/Apr/2010:15:18:03 -0600] "GET /app/answers/detail/a_id/52 HTTP/1.1" 200 30956 "http://bcb.teton.rightnowtech.com/app/answers/list" "Mozilla/5.0 (Linux; U; Android 2.1-update1; en-us; Droid Build/ESE81) AppleWebKit/530.17 (KHTML, like Gecko) Version/4.0 Mobile Safari/530.17"
10.1.72.170 - - [08/Apr/2010:15:18:21 -0600] "GET /app/answers/list HTTP/1.1" 200 44436 "-" "Mozilla/5.0 (Linux; U; Android 2.1-update1; en-us; Droid Build/ESE81) AppleWebKit/530.17 (KHTML, like Gecko) Version/4.0 Mobile Safari/530.17"
10.1.72.170 - - [08/Apr/2010:15:18:27 -0600] "GET /app/answers/detail/a_id/54 HTTP/1.1" 200 33277 "http://bcb.teton.rightnowtech.com/app/answers/list" "Mozilla/5.0 (Linux; U; Android 2.1-update1; en-us; Droid Build/ESE81) AppleWebKit/530.17 (KHTML, like Gecko) Version/4.0 Mobile Safari/530.17"
10.1.72.170 - - [08/Apr/2010:15:18:50 -0600] "GET /app/home HTTP/1.1" 200 23056 "http://bcb.teton.rightnowtech.com/app/answers/detail/a_id/54" "Mozilla/5.0 (Linux; U; Android 2.1-update1; en-us; Droid Build/ESE81) AppleWebKit/530.17 (KHTML, like Gecko) Version/4.0 Mobile Safari/530.17"
10.1.72.170 - - [08/Apr/2010:15:18:54 -0600] "GET /app/answers/detail/a_id/54 HTTP/1.1" 200 33717 "http://bcb.teton.rightnowtech.com/app/home" "Mozilla/5.0 (Linux; U; Android 2.1-update1; en-us; Droid Build/ESE81) AppleWebKit/530.17 (KHTML, like Gecko) Version/4.0 Mobile Safari/530.17"
172.22.4.61 - - [08/Apr/2010:15:20:55 -0600] "GET /app/answers/detail/a_id/59 HTTP/1.1" 200 31217 "http://bcb.teton.rightnowtech.com/app/home" "Mozilla/5.0 (Windows; U; Windows NT 5.1; en-US; rv:1.9.2.3) Gecko/20100401 Firefox/3.6.3 (.NET CLR 3.5.30729)"
10.1.72.170 - - [08/Apr/2010:15:53:46 -0600] "GET /app/ask HTTP/1.1" 200 62059 "http://bcb.teton.rightnowtech.com/app/answers/detail/a_id/54" "Mozilla/5.0 (Linux; U; Android 2.1-update1; en-us; Droid Build/ESE81) AppleWebKit/530.17 (KHTML, like Gecko) Version/4.0 Mobile Safari/530.17"
10.1.72.170 - - [08/Apr/2010:15:54:11 -0600] "GET /app/ask HTTP/1.1" 200 62059 "http://bcb.teton.rightnowtech.com/app/ask" "Mozilla/5.0 (Linux; U; Android 2.1-update1; en-us; Droid Build/ESE81) AppleWebKit/530.17 (KHTML, like Gecko) Version/4.0 Mobile Safari/530.17"
10.1.72.170 - - [08/Apr/2010:15:54:20 -0600] "GET /app/utils/account_assistance HTTP/1.1" 200 18640 "http://bcb.teton.rightnowtech.com/app/ask" "Mozilla/5.0 (Linux; U; Android 2.1-update1; en-us; Droid Build/ESE81) AppleWebKit/530.17 (KHTML, like Gecko) Version/4.0 Mobile Safari/530.17"
10.1.72.170 - - [08/Apr/2010:15:54:32 -0600] "GET /app/account/questions/list HTTP/1.1" 302 - "http://bcb.teton.rightnowtech.com/app/utils/account_assistance" "Mozilla/5.0 (Linux; U; Android 2.1-update1; en-us; Droid Build/ESE81) AppleWebKit/530.17 (KHTML, like Gecko) Version/4.0 Mobile Safari/530.17"
10.1.72.170 - - [08/Apr/2010:15:54:33 -0600] "GET /app/utils/login_form/redirect/account%252Fquestions%252Flist HTTP/1.1" 200 17636 "http://bcb.teton.rightnowtech.com/app/utils/account_assistance" "Mozilla/5.0 (Linux; U; Android 2.1-update1; en-us; Droid Build/ESE81) AppleWebKit/530.17 (KHTML, like Gecko) Version/4.0 Mobile Safari/530.17"
10.1.72.170 - - [08/Apr/2010:15:54:43 -0600] "GET /app/ask HTTP/1.1" 200 62059 "http://bcb.teton.rightnowtech.com/app/utils/login_form/redirect/account%252Fquestions%252Flist" "Mozilla/5.0 (Linux; U; Android 2.1-update1; en-us; Droid Build/ESE81) AppleWebKit/530.17 (KHTML, like Gecko) Version/4.0 Mobile Safari/530.17"
10.1.72.170 - - [08/Apr/2010:15:54:51 -0600] "GET /app/utils/create_account HTTP/1.1" 200 26442 "http://bcb.teton.rightnowtech.com/app/ask" "Mozilla/5.0 (Linux; U; Android 2.1-update1; en-us; Droid Build/ESE81) AppleWebKit/530.17 (KHTML, like Gecko) Version/4.0 Mobile Safari/530.17"
10.1.72.170 - - [08/Apr/2010:15:54:59 -0600] "GET /app/home HTTP/1.1" 200 23056 "http://bcb.teton.rightnowtech.com/app/utils/create_account" "Mozilla/5.0 (Linux; U; Android 2.1-update1; en-us; Droid Build/ESE81) AppleWebKit/530.17 (KHTML, like Gecko) Version/4.0 Mobile Safari/530.17"
10.1.72.170 - - [08/Apr/2010:15:55:39 -0600] "GET /app/utils/account_assistance HTTP/1.1" 200 18640 "http://bcb.teton.rightnowtech.com/app/home" "Mozilla/5.0 (Linux; U; Android 2.1-update1; en-us; Droid Build/ESE81) AppleWebKit/530.17 (KHTML, like Gecko) Version/4.0 Mobile Safari/530.17"
10.1.72.170 - - [08/Apr/2010:15:55:50 -0600] "GET /app/ask HTTP/1.1" 200 62059 "http://bcb.teton.rightnowtech.com/app/utils/account_assistance" "Mozilla/5.0 (Linux; U; Android 2.1-update1; en-us; Droid Build/ESE81) AppleWebKit/530.17 (KHTML, like Gecko) Version/4.0 Mobile Safari/530.17"
10.1.72.170 - - [08/Apr/2010:17:20:45 -0600] "GET /app/ask HTTP/1.1" 200 62059 "-" "Mozilla/5.0 (Linux; U; Android 2.1-update1; en-us; Droid Build/ESE81) AppleWebKit/530.17 (KHTML, like Gecko) Version/4.0 Mobile Safari/530.17"
10.1.72.170 - - [08/Apr/2010:17:20:53 -0600] "GET /app/home HTTP/1.1" 200 23056 "http://bcb.teton.rightnowtech.com/app/ask" "Mozilla/5.0 (Linux; U; Android 2.1-update1; en-us; Droid Build/ESE81) AppleWebKit/530.17 (KHTML, like Gecko) Version/4.0 Mobile Safari/530.17"
10.1.72.170 - - [08/Apr/2010:17:20:59 -0600] "GET /app/home HTTP/1.1" 200 23056 "http://bcb.teton.rightnowtech.com/app/home" "Mozilla/5.0 (Linux; U; Android 2.1-update1; en-us; Droid Build/ESE81) AppleWebKit/530.17 (KHTML, like Gecko) Version/4.0 Mobile Safari/530.17"
10.1.72.170 - - [08/Apr/2010:17:21:01 -0600] "GET /app/answers/detail/a_id/54 HTTP/1.1" 200 33717 "http://bcb.teton.rightnowtech.com/app/home" "Mozilla/5.0 (Linux; U; Android 2.1-update1; en-us; Droid Build/ESE81) AppleWebKit/530.17 (KHTML, like Gecko) Version/4.0 Mobile Safari/530.17"
10.1.72.170 - - [08/Apr/2010:17:21:09 -0600] "GET /app/chat/chat_launch HTTP/1.1" 200 25164 "http://bcb.teton.rightnowtech.com/app/answers/detail/a_id/54" "Mozilla/5.0 (Linux; U; Android 2.1-update1; en-us; Droid Build/ESE81) AppleWebKit/530.17 (KHTML, like Gecko) Version/4.0 Mobile Safari/530.17"
10.1.72.170 - - [08/Apr/2010:17:24:00 -0600] "GET /app/chat/chat_launch HTTP/1.1" 200 25164 "http://bcb.teton.rightnowtech.com/app/chat/chat_launch" "Mozilla/5.0 (Linux; U; Android 2.1-update1; en-us; Droid Build/ESE81) AppleWebKit/530.17 (KHTML, like Gecko) Version/4.0 Mobile Safari/530.17"
172.22.4.201 - - [09/Apr/2010:08:17:54 -0600] "GET /app/answers/detail/a_id/17 HTTP/1.1" 200 31734 "-" "Mozilla/4.0 (compatible; MSIE 8.0; Windows NT 6.1; WOW64; Trident/4.0; GTB0.0; SLCC2; .NET CLR 2.0.50727; .NET CLR 3.5.30729; .NET CLR 3.0.30729; Media Center PC 6.0; InfoPath.2; OfficeLiveConnector.1.4; OfficeLivePatch.1.3)"
172.22.4.201 - - [09/Apr/2010:08:17:54 -0600] "GET /app/answers/detail/a_id/17 HTTP/1.1" 200 31734 "-" "Mozilla/4.0 (compatible; MSIE 8.0; Windows NT 6.1; WOW64; Trident/4.0; GTB0.0; SLCC2; .NET CLR 2.0.50727; .NET CLR 3.5.30729; .NET CLR 3.0.30729; Media Center PC 6.0; InfoPath.2; OfficeLiveConnector.1.4; OfficeLivePatch.1.3)"
172.22.4.201 - - [09/Apr/2010:08:17:58 -0600] "GET /ci/fattach/get/10/ HTTP/1.1" 304 - "http://framework.teton.rightnowtech.com/app/answers/detail/a_id/17" "Mozilla/4.0 (compatible; MSIE 8.0; Windows NT 6.1; WOW64; Trident/4.0; GTB0.0; SLCC2; .NET CLR 2.0.50727; .NET CLR 3.5.30729; .NET CLR 3.0.30729; Media Center PC 6.0; InfoPath.2; OfficeLiveConnector.1.4; OfficeLivePatch.1.3)"
172.22.4.201 - - [09/Apr/2010:08:17:58 -0600] "GET /ci/fattach/get/10/ HTTP/1.1" 304 - "http://framework.teton.rightnowtech.com/app/answers/detail/a_id/17" "Mozilla/4.0 (compatible; MSIE 8.0; Windows NT 6.1; WOW64; Trident/4.0; GTB0.0; SLCC2; .NET CLR 2.0.50727; .NET CLR 3.5.30729; .NET CLR 3.0.30729; Media Center PC 6.0; InfoPath.2; OfficeLiveConnector.1.4; OfficeLivePatch.1.3)"
172.22.4.177 - - [09/Apr/2010:08:24:49 -0600] "GET /ci/admin HTTP/1.1" 401 16 "-" "Mozilla/5.0 (Windows; U; Windows NT 5.1; en-US) AppleWebKit/532.5 (KHTML, like Gecko) Chrome/4.1.249.1045 Safari/532.5"
172.22.4.177 - - [09/Apr/2010:08:24:53 -0600] "GET /ci/admin HTTP/1.1" 200 6605 "-" "Mozilla/5.0 (Windows; U; Windows NT 5.1; en-US) AppleWebKit/532.5 (KHTML, like Gecko) Chrome/4.1.249.1045 Safari/532.5"
172.22.4.177 - - [09/Apr/2010:08:25:00 -0600] "GET /ci/admin/set_cookie/development/default HTTP/1.1" 302 - "http://erich105.teton.rightnowtech.com/ci/admin" "Mozilla/5.0 (Windows; U; Windows NT 5.1; en-US) AppleWebKit/532.5 (KHTML, like Gecko) Chrome/4.1.249.1045 Safari/532.5"
172.22.4.177 - - [09/Apr/2010:08:25:05 -0600] "GET /app/ask/session/L3RpbWUvMTI3MDgyMzEwMS9zaWQvS1VrTVZaWWo%3D HTTP/1.1" 200 75037 "http://erich105.teton.rightnowtech.com/app" "Mozilla/5.0 (Windows; U; Windows NT 5.1; en-US) AppleWebKit/532.5 (KHTML, like Gecko) Chrome/4.1.249.1045 Safari/532.5"
127.0.0.1 - - [09/Apr/2010:09:15:30 -0600] "GET /ci/admin/deploy HTTP/1.0" 200 41875 "-" "Wget/1.10.2 (Red Hat modified)"
172.22.4.61 - - [09/Apr/2010:09:21:34 -0600] "GET /ci/admin HTTP/1.1" 401 16 "-" "Mozilla/5.0 (Windows; U; Windows NT 5.1; en-US) AppleWebKit/533.4 (KHTML, like Gecko) Chrome/5.0.371.0 Safari/533.4"
172.22.4.61 - - [09/Apr/2010:09:21:36 -0600] "GET /ci/admin HTTP/1.1" 200 11423 "-" "Mozilla/5.0 (Windows; U; Windows NT 5.1; en-US) AppleWebKit/533.4 (KHTML, like Gecko) Chrome/5.0.371.0 Safari/533.4"
172.22.4.61 - - [09/Apr/2010:09:21:43 -0600] "GET /ci/admin/setMode HTTP/1.1" 200 14564 "http://bcb.teton.rightnowtech.com/ci/admin" "Mozilla/5.0 (Windows; U; Windows NT 5.1; en-US) AppleWebKit/533.4 (KHTML, like Gecko) Chrome/5.0.371.0 Safari/533.4"
172.22.4.61 - - [09/Apr/2010:09:21:51 -0600] "GET /ci/admin/set_cookie/development/%2F HTTP/1.1" 302 - "http://bcb.teton.rightnowtech.com/ci/admin/setMode" "Mozilla/5.0 (Windows; U; Windows NT 5.1; en-US) AppleWebKit/533.4 (KHTML, like Gecko) Chrome/5.0.371.0 Safari/533.4"
172.22.4.61 - - [09/Apr/2010:09:21:58 -0600] "GET /app/ask/session/L3RpbWUvMTI3MDgyNjUxMi9zaWQvaEI2NTctWWo%3D HTTP/1.1" 200 80071 "http://bcb.teton.rightnowtech.com/app" "Mozilla/5.0 (Windows; U; Windows NT 5.1; en-US) AppleWebKit/533.4 (KHTML, like Gecko) Chrome/5.0.371.0 Safari/533.4"
127.0.0.1 - - [09/Apr/2010:09:22:07 -0600] "GET /ci/admin/deploy HTTP/1.0" 200 20785 "-" "Wget/1.10.2 (Red Hat modified)"
172.22.4.61 - - [09/Apr/2010:09:24:19 -0600] "GET /app/ask/session/L3RpbWUvMTI3MDgyNjY1NS9zaWQvbm5URTctWWo%3D HTTP/1.1" 200 80071 "http://bcb.teton.rightnowtech.com/app" "Mozilla/5.0 (Windows; U; Windows NT 5.1; en-US) AppleWebKit/533.4 (KHTML, like Gecko) Chrome/5.0.371.0 Safari/533.4"
172.22.4.61 - - [09/Apr/2010:09:29:18 -0600] "GET /app/ask/session/L3RpbWUvMTI3MDgyNjY1NS9zaWQvbm5URTctWWo%3D HTTP/1.1" 200 80071 "http://bcb.teton.rightnowtech.com/app" "Mozilla/5.0 (Windows; U; Windows NT 5.1; en-US) AppleWebKit/533.4 (KHTML, like Gecko) Chrome/5.0.371.0 Safari/533.4"
172.22.4.61 - - [09/Apr/2010:09:32:01 -0600] "GET /ci/admin/set_cookie/development/%2F HTTP/1.1" 401 16 "-" "Mozilla/5.0 (Windows; U; Windows NT 5.1; en-US; rv:1.9.2.3) Gecko/20100401 Firefox/3.6.3 (.NET CLR 3.5.30729)"
172.22.4.61 - - [09/Apr/2010:09:32:10 -0600] "GET /ci/admin/set_cookie/development/%2F HTTP/1.1" 302 - "-" "Mozilla/5.0 (Windows; U; Windows NT 5.1; en-US; rv:1.9.2.3) Gecko/20100401 Firefox/3.6.3 (.NET CLR 3.5.30729)"
172.22.4.61 - - [09/Apr/2010:09:32:14 -0600] "GET /app/ask/session/L3RpbWUvMTI3MDgyNzEzMS9zaWQvYXBUdjktWWo%3D HTTP/1.1" 200 80070 "http://bcb.teton.rightnowtech.com/app" "Mozilla/5.0 (Windows; U; Windows NT 5.1; en-US; rv:1.9.2.3) Gecko/20100401 Firefox/3.6.3 (.NET CLR 3.5.30729)"
172.22.4.61 - - [09/Apr/2010:09:33:34 -0600] "GET /app/ask/session/L3RpbWUvMTI3MDgyNzEzMS9zaWQvYXBUdjktWWo%3D HTTP/1.1" 200 80070 "http://bcb.teton.rightnowtech.com/app" "Mozilla/5.0 (Windows; U; Windows NT 5.1; en-US; rv:1.9.2.3) Gecko/20100401 Firefox/3.6.3 (.NET CLR 3.5.30729)"
172.22.4.61 - - [09/Apr/2010:09:34:01 -0600] "GET /ci/admin/set_cookie/development HTTP/1.1" 401 16 "-" "Mozilla/4.0 (compatible; MSIE 8.0; Windows NT 5.1; Trident/4.0; iOpus-Web-Automation; chromeframe; .NET CLR 3.0.04506.30; .NET CLR 2.0.50727; .NET CLR 1.1.4322; .NET CLR 3.0.04506.648; .NET CLR 3.5.21022; InfoPath.2; .NET CLR 3.0.4506.2152; .NET CLR 3.5.30729; MS-RTC LM 8)"
172.22.4.61 - - [09/Apr/2010:09:34:03 -0600] "GET /ci/admin/set_cookie/development HTTP/1.1" 302 - "-" "Mozilla/4.0 (compatible; MSIE 8.0; Windows NT 5.1; Trident/4.0; iOpus-Web-Automation; chromeframe; .NET CLR 3.0.04506.30; .NET CLR 2.0.50727; .NET CLR 1.1.4322; .NET CLR 3.0.04506.648; .NET CLR 3.5.21022; InfoPath.2; .NET CLR 3.0.4506.2152; .NET CLR 3.5.30729; MS-RTC LM 8)"
172.22.4.61 - - [09/Apr/2010:09:34:08 -0600] "GET /ci/browserSearch/desc/http%3A%2F%2Fbcb.teton.rightnowtech.com%2Fapp%2Fanswers%2Flist%2Fkw%2F%7BsearchTerms%7D/Support+Home+Page+Search/Support+Home+Page+Search/images%2Ficons%2FSearch16.png HTTP/1.1" 200 821 "-" "Mozilla/4.0 (compatible; MSIE 8.0; Windows NT 5.1; Trident/4.0; iOpus-Web-Automation; chromeframe; .NET CLR 3.0.04506.30; .NET CLR 2.0.50727; .NET CLR 1.1.4322; .NET CLR 3.0.04506.648; .NET CLR 3.5.21022; InfoPath.2; .NET CLR 3.0.4506.2152; .NET CLR 3.5.30729; MS-RTC LM 8)"
172.22.4.61 - - [09/Apr/2010:09:34:17 -0600] "GET /app/ask/session/L3RpbWUvMTI3MDgyNzI0NC9zaWQvV3A3WTktWWo%3D HTTP/1.1" 200 80311 "http://bcb.teton.rightnowtech.com/app" "Mozilla/4.0 (compatible; MSIE 8.0; Windows NT 5.1; Trident/4.0; iOpus-Web-Automation; chromeframe; .NET CLR 3.0.04506.30; .NET CLR 2.0.50727; .NET CLR 1.1.4322; .NET CLR 3.0.04506.648; .NET CLR 3.5.21022; InfoPath.2; .NET CLR 3.0.4506.2152; .NET CLR 3.5.30729; MS-RTC LM 8)"
172.22.4.61 - - [09/Apr/2010:09:34:25 -0600] "GET /app/ask/session/L3RpbWUvMTI3MDgyNzI0NC9zaWQvV3A3WTktWWo%3D HTTP/1.1" 200 80311 "http://bcb.teton.rightnowtech.com/app" "Mozilla/4.0 (compatible; MSIE 7.0; Windows NT 5.1; iOpus-Web-Automation; chromeframe; .NET CLR 3.0.04506.30; .NET CLR 2.0.50727; .NET CLR 1.1.4322; .NET CLR 3.0.04506.648; .NET CLR 3.5.21022; InfoPath.2; .NET CLR 3.0.4506.2152; .NET CLR 3.5.30729; MS-RTC LM 8)"
172.22.4.61 - - [09/Apr/2010:09:34:25 -0600] "GET /app/ask/session/L3RpbWUvMTI3MDgyNzI0NC9zaWQvV3A3WTktWWo%3D HTTP/1.1" 200 80311 "http://bcb.teton.rightnowtech.com/app" "Mozilla/4.0 (compatible; MSIE 7.0; Windows NT 5.1; iOpus-Web-Automation; chromeframe; .NET CLR 3.0.04506.30; .NET CLR 2.0.50727; .NET CLR 1.1.4322; .NET CLR 3.0.04506.648; .NET CLR 3.5.21022; InfoPath.2; .NET CLR 3.0.4506.2152; .NET CLR 3.5.30729; MS-RTC LM 8)"
172.22.4.61 - - [09/Apr/2010:09:36:11 -0600] "GET /app/ask/session/L3RpbWUvMTI3MDgyNzI0NC9zaWQvV3A3WTktWWo%3D HTTP/1.1" 200 80311 "http://bcb.teton.rightnowtech.com/app" "Mozilla/4.0 (compatible; MSIE 7.0; Windows NT 5.1; iOpus-Web-Automation; chromeframe; .NET CLR 3.0.04506.30; .NET CLR 2.0.50727; .NET CLR 1.1.4322; .NET CLR 3.0.04506.648; .NET CLR 3.5.21022; InfoPath.2; .NET CLR 3.0.4506.2152; .NET CLR 3.5.30729; MS-RTC LM 8)"
172.22.4.61 - - [09/Apr/2010:09:39:37 -0600] "GET /app/ask/session/L3RpbWUvMTI3MDgyNzEzMS9zaWQvYXBUdjktWWo%3D HTTP/1.1" 200 80070 "http://bcb.teton.rightnowtech.com/app" "Mozilla/5.0 (Windows; U; Windows NT 5.1; en-US; rv:1.9.2.3) Gecko/20100401 Firefox/3.6.3 (.NET CLR 3.5.30729)"
172.22.4.61 - - [09/Apr/2010:09:39:57 -0600] "GET /app/ask/session/L3RpbWUvMTI3MDgyNzEzMS9zaWQvYXBUdjktWWo%3D HTTP/1.1" 200 80070 "http://bcb.teton.rightnowtech.com/app" "Mozilla/5.0 (Windows; U; Windows NT 5.1; en-US; rv:1.9.2.3) Gecko/20100401 Firefox/3.6.3 (.NET CLR 3.5.30729)"
172.22.4.61 - - [09/Apr/2010:09:39:55 -0600] "GET /app/ask/session/L3RpbWUvMTI3MDgyNzI0NC9zaWQvV3A3WTktWWo%3D HTTP/1.1" 200 80311 "http://bcb.teton.rightnowtech.com/app" "Mozilla/4.0 (compatible; MSIE 8.0; Windows NT 5.1; Trident/4.0; iOpus-Web-Automation; chromeframe; .NET CLR 3.0.04506.30; .NET CLR 2.0.50727; .NET CLR 1.1.4322; .NET CLR 3.0.04506.648; .NET CLR 3.5.21022; InfoPath.2; .NET CLR 3.0.4506.2152; .NET CLR 3.5.30729; MS-RTC LM 8)"
172.22.4.61 - - [09/Apr/2010:09:46:54 -0600] "GET /ci/admin/set_cookie/development/mobile HTTP/1.1" 401 16 "-" "Mozilla/5.0 (Windows; U; Windows NT 5.1; en-US; rv:1.9.2.3) Gecko/20100401 Firefox/3.6.3 (.NET CLR 3.5.30729)"
172.22.4.61 - - [09/Apr/2010:09:47:00 -0600] "GET /ci/admin/set_cookie/development/mobile HTTP/1.1" 200 338 "-" "Mozilla/5.0 (Windows; U; Windows NT 5.1; en-US; rv:1.9.2.3) Gecko/20100401 Firefox/3.6.3 (.NET CLR 3.5.30729)"
127.0.0.1 - - [09/Apr/2010:09:54:56 -0600] "GET /ci/admin/deploy HTTP/1.0" 200 20739 "-" "Wget/1.10.2 (Red Hat modified)"
172.22.4.61 - - [09/Apr/2010:10:03:44 -0600] "GET /app/answers/list HTTP/1.1" 200 67459 "http://bcb.teton.rightnowtech.com/app/ask/session/L3RpbWUvMTI3MDgyNzEzMS9zaWQvYXBUdjktWWo%3D" "Mozilla/5.0 (Windows; U; Windows NT 5.1; en-US; rv:1.9.2.3) Gecko/20100401 Firefox/3.6.3 (.NET CLR 3.5.30729)"
172.22.4.61 - - [09/Apr/2010:10:04:06 -0600] "GET /app/answers/detail/a_id/52 HTTP/1.1" 200 59826 "http://bcb.teton.rightnowtech.com/app/answers/list" "Mozilla/5.0 (Windows; U; Windows NT 5.1; en-US; rv:1.9.2.3) Gecko/20100401 Firefox/3.6.3 (.NET CLR 3.5.30729)"
172.22.4.61 - - [09/Apr/2010:10:05:39 -0600] "GET /ci/admin HTTP/1.1" 401 16 "-" "Mozilla/5.0 (Windows; U; Windows NT 5.1; en-US; rv:1.9.2.3) Gecko/20100401 Firefox/3.6.3 (.NET CLR 3.5.30729)"
172.22.4.61 - - [09/Apr/2010:10:05:42 -0600] "GET /ci/admin HTTP/1.1" 200 11430 "-" "Mozilla/5.0 (Windows; U; Windows NT 5.1; en-US; rv:1.9.2.3) Gecko/20100401 Firefox/3.6.3 (.NET CLR 3.5.30729)"
172.22.4.61 - - [09/Apr/2010:10:06:15 -0600] "GET /ci/tags/widgets HTTP/1.1" 200 14500 "http://bcb.teton.rightnowtech.com/ci/admin" "Mozilla/5.0 (Windows; U; Windows NT 5.1; en-US; rv:1.9.2.3) Gecko/20100401 Firefox/3.6.3 (.NET CLR 3.5.30729)"
172.22.4.61 - - [09/Apr/2010:10:06:25 -0600] "GET /ci/tags/widgets/standard/input/ProductCategoryInput HTTP/1.1" 200 29519 "http://bcb.teton.rightnowtech.com/ci/tags/widgets" "Mozilla/5.0 (Windows; U; Windows NT 5.1; en-US; rv:1.9.2.3) Gecko/20100401 Firefox/3.6.3 (.NET CLR 3.5.30729)"
172.22.4.61 - - [09/Apr/2010:10:06:26 -0600] "GET /ci/tags/displayWidgetPreviewFile/standard/input/ProductCategoryInput/preview/preview.png HTTP/1.1" 200 1150 "http://bcb.teton.rightnowtech.com/ci/tags/widgets/standard/input/ProductCategoryInput" "Mozilla/5.0 (Windows; U; Windows NT 5.1; en-US; rv:1.9.2.3) Gecko/20100401 Firefox/3.6.3 (.NET CLR 3.5.30729)"
172.22.4.61 - - [09/Apr/2010:10:06:34 -0600] "GET /ci/tags/widgets/standard/search/ProductCategorySearchFilter HTTP/1.1" 200 27849 "http://bcb.teton.rightnowtech.com/ci/tags/widgets/standard/input/ProductCategoryInput" "Mozilla/5.0 (Windows; U; Windows NT 5.1; en-US; rv:1.9.2.3) Gecko/20100401 Firefox/3.6.3 (.NET CLR 3.5.30729)"
172.22.4.61 - - [09/Apr/2010:10:06:38 -0600] "GET /ci/tags/displayWidgetPreviewFile/standard/search/ProductCategorySearchFilter/preview/preview.png HTTP/1.1" 200 1531 "http://bcb.teton.rightnowtech.com/ci/tags/widgets/standard/search/ProductCategorySearchFilter" "Mozilla/5.0 (Windows; U; Windows NT 5.1; en-US; rv:1.9.2.3) Gecko/20100401 Firefox/3.6.3 (.NET CLR 3.5.30729)"
172.22.4.61 - - [09/Apr/2010:10:18:10 -0600] "GET /ci/admin/set_cookie/development HTTP/1.1" 302 - "http://bcb.teton.rightnowtech.com/ci/tags/widgets/standard/search/ProductCategorySearchFilter" "Mozilla/5.0 (Windows; U; Windows NT 5.1; en-US; rv:1.9.2.3) Gecko/20100401 Firefox/3.6.3 (.NET CLR 3.5.30729)"
172.22.4.61 - - [09/Apr/2010:10:20:59 -0600] "GET /app/account/overview HTTP/1.1" 302 - "http://bcb.teton.rightnowtech.com/app" "Mozilla/5.0 (Windows; U; Windows NT 5.1; en-US; rv:1.9.2.3) Gecko/20100401 Firefox/3.6.3 (.NET CLR 3.5.30729)"
172.22.4.61 - - [09/Apr/2010:10:21:00 -0600] "GET /app/utils/login_form/redirect/account%252Foverview HTTP/1.1" 200 32350 "http://bcb.teton.rightnowtech.com/app" "Mozilla/5.0 (Windows; U; Windows NT 5.1; en-US; rv:1.9.2.3) Gecko/20100401 Firefox/3.6.3 (.NET CLR 3.5.30729)"
172.22.4.61 - - [09/Apr/2010:10:21:04 -0600] "GET /app/account/overview HTTP/1.1" 200 43710 "http://bcb.teton.rightnowtech.com/app/utils/login_form/redirect/account%252Foverview" "Mozilla/5.0 (Windows; U; Windows NT 5.1; en-US; rv:1.9.2.3) Gecko/20100401 Firefox/3.6.3 (.NET CLR 3.5.30729)"
172.22.4.61 - - [09/Apr/2010:10:21:07 -0600] "GET /app/account/questions/detail/i_id/144 HTTP/1.1" 200 47051 "http://bcb.teton.rightnowtech.com/app/account/overview" "Mozilla/5.0 (Windows; U; Windows NT 5.1; en-US; rv:1.9.2.3) Gecko/20100401 Firefox/3.6.3 (.NET CLR 3.5.30729)"
172.22.4.61 - - [09/Apr/2010:10:21:34 -0600] "GET /ci/admin/set_cookie/development/mobile HTTP/1.1" 401 16 "-" "Mozilla/5.0 (Windows; U; Windows NT 5.1; en-US; rv:1.9.2.3) Gecko/20100401 Firefox/3.6.3 (.NET CLR 3.5.30729)"
172.22.4.61 - - [09/Apr/2010:10:21:38 -0600] "GET /ci/admin/set_cookie/development/mobile HTTP/1.1" 200 338 "-" "Mozilla/5.0 (Windows; U; Windows NT 5.1; en-US; rv:1.9.2.3) Gecko/20100401 Firefox/3.6.3 (.NET CLR 3.5.30729)"
172.22.4.61 - - [09/Apr/2010:10:21:39 -0600] "GET /app/account/questions/detail/i_id/144 HTTP/1.1" 200 47051 "http://bcb.teton.rightnowtech.com/app/account/overview" "Mozilla/5.0 (Windows; U; Windows NT 5.1; en-US; rv:1.9.2.3) Gecko/20100401 Firefox/3.6.3 (.NET CLR 3.5.30729)"
10.1.72.169 - - [09/Apr/2010:10:22:26 -0600] "GET /app/home HTTP/1.1" 200 2559 "-" "Mozilla/5.0 (iPod; U; CPU iPhone OS 3_1_3 like Mac OS X; en-us) AppleWebKit/528.18 (KHTML, like Gecko) Version/4.0 Mobile/7E18 Safari/528.16"
10.1.72.169 - - [09/Apr/2010:10:22:42 -0600] "GET /ci/admin HTTP/1.1" 401 16 "-" "Mozilla/5.0 (iPod; U; CPU iPhone OS 3_1_3 like Mac OS X; en-us) AppleWebKit/528.18 (KHTML, like Gecko) Version/4.0 Mobile/7E18 Safari/528.16"
10.1.72.169 - - [09/Apr/2010:10:22:50 -0600] "GET /ci/admin HTTP/1.1" 200 11434 "-" "Mozilla/5.0 (iPod; U; CPU iPhone OS 3_1_3 like Mac OS X; en-us) AppleWebKit/528.18 (KHTML, like Gecko) Version/4.0 Mobile/7E18 Safari/528.16"
10.1.72.169 - - [09/Apr/2010:10:23:03 -0600] "GET /ci/admin/set_cookie/development HTTP/1.1" 401 16 "http://bcb.teton.rightnowtech.com/ci/admin" "Mozilla/5.0 (iPod; U; CPU iPhone OS 3_1_3 like Mac OS X; en-us) AppleWebKit/528.18 (KHTML, like Gecko) Version/4.0 Mobile/7E18 Safari/528.16"
10.1.72.169 - - [09/Apr/2010:10:23:03 -0600] "GET /ci/admin/set_cookie/development HTTP/1.1" 302 - "http://bcb.teton.rightnowtech.com/ci/admin" "Mozilla/5.0 (iPod; U; CPU iPhone OS 3_1_3 like Mac OS X; en-us) AppleWebKit/528.18 (KHTML, like Gecko) Version/4.0 Mobile/7E18 Safari/528.16"
10.1.72.169 - - [09/Apr/2010:10:23:12 -0600] "GET /app/utils/login_form/session/L3RpbWUvMTI3MDgzMDE4NC9zaWQvYTY0cmwtWWo%3D HTTP/1.1" 200 17565 "http://bcb.teton.rightnowtech.com/app" "Mozilla/5.0 (iPod; U; CPU iPhone OS 3_1_3 like Mac OS X; en-us) AppleWebKit/528.18 (KHTML, like Gecko) Version/4.0 Mobile/7E18 Safari/528.16"
10.1.72.169 - - [09/Apr/2010:10:23:20 -0600] "GET /app/account/questions/list HTTP/1.1" 200 24499 "http://bcb.teton.rightnowtech.com/app/utils/login_form/session/L3RpbWUvMTI3MDgzMDE4NC9zaWQvYTY0cmwtWWo%3D" "Mozilla/5.0 (iPod; U; CPU iPhone OS 3_1_3 like Mac OS X; en-us) AppleWebKit/528.18 (KHTML, like Gecko) Version/4.0 Mobile/7E18 Safari/528.16"
10.1.72.169 - - [09/Apr/2010:10:23:25 -0600] "GET /app/account/questions/detail/i_id/144 HTTP/1.1" 200 28092 "http://bcb.teton.rightnowtech.com/app/account/questions/list" "Mozilla/5.0 (iPod; U; CPU iPhone OS 3_1_3 like Mac OS X; en-us) AppleWebKit/528.18 (KHTML, like Gecko) Version/4.0 Mobile/7E18 Safari/528.16"
10.1.72.169 - - [09/Apr/2010:10:23:46 -0600] "GET /app/account/questions/detail/i_id/144 HTTP/1.1" 200 47052 "http://bcb.teton.rightnowtech.com/app/account/questions/detail/i_id/144" "Mozilla/5.0 (iPod; U; CPU iPhone OS 3_1_3 like Mac OS X; en-us) AppleWebKit/528.18 (KHTML, like Gecko) Version/4.0 Mobile/7E18 Safari/528.16"
10.1.72.169 - - [09/Apr/2010:10:23:59 -0600] "GET /app/account/questions/detail/i_id/144 HTTP/1.1" 200 28092 "http://bcb.teton.rightnowtech.com/app/account/questions/detail/i_id/144" "Mozilla/5.0 (iPod; U; CPU iPhone OS 3_1_3 like Mac OS X; en-us) AppleWebKit/528.18 (KHTML, like Gecko) Version/4.0 Mobile/7E18 Safari/528.16"
10.1.72.169 - - [09/Apr/2010:10:24:07 -0600] "GET /app/ask HTTP/1.1" 200 61321 "http://bcb.teton.rightnowtech.com/app/account/questions/detail/i_id/144" "Mozilla/5.0 (iPod; U; CPU iPhone OS 3_1_3 like Mac OS X; en-us) AppleWebKit/528.18 (KHTML, like Gecko) Version/4.0 Mobile/7E18 Safari/528.16"
10.1.72.169 - - [09/Apr/2010:10:25:04 -0600] "GET /app/ask HTTP/1.1" 200 77659 "http://bcb.teton.rightnowtech.com/app/ask" "Mozilla/5.0 (iPod; U; CPU iPhone OS 3_1_3 like Mac OS X; en-us) AppleWebKit/528.18 (KHTML, like Gecko) Version/4.0 Mobile/7E18 Safari/528.16"
172.22.4.61 - - [09/Apr/2010:10:28:58 -0600] "GET /app/ask HTTP/1.1" 200 76682 "http://bcb.teton.rightnowtech.com/app/account/questions/detail/i_id/144" "Mozilla/5.0 (Windows; U; Windows NT 5.1; en-US; rv:1.9.2.3) Gecko/20100401 Firefox/3.6.3 (.NET CLR 3.5.30729)"
172.22.4.61 - - [09/Apr/2010:10:29:22 -0600] "GET /app/ask HTTP/1.1" 200 60346 "http://bcb.teton.rightnowtech.com/app/ask" "Mozilla/5.0 (Windows; U; Windows NT 5.1; en-US; rv:1.9.2.3) Gecko/20100401 Firefox/3.6.3 (.NET CLR 3.5.30729)"
172.22.4.61 - - [09/Apr/2010:10:29:52 -0600] "GET /app/ask/session/L3RpbWUvMTI3MDgyNjY1NS9zaWQvbm5URTctWWo%3D HTTP/1.1" 200 62640 "http://bcb.teton.rightnowtech.com/app/ask/session/L3RpbWUvMTI3MDgyNjY1NS9zaWQvbm5URTctWWo%3D" "Mozilla/5.0 (Windows; U; Windows NT 5.1; en-US) AppleWebKit/533.4 (KHTML, like Gecko) Chrome/5.0.371.0 Safari/533.4"
172.22.4.61 - - [09/Apr/2010:10:30:03 -0600] "GET /app/ask/session/L3RpbWUvMTI3MDgyNjY1NS9zaWQvbm5URTctWWo%3D HTTP/1.1" 200 80071 "http://bcb.teton.rightnowtech.com/app/ask/session/L3RpbWUvMTI3MDgyNjY1NS9zaWQvbm5URTctWWo%3D" "Mozilla/5.0 (Windows; U; Windows NT 5.1; en-US) AppleWebKit/533.4 (KHTML, like Gecko) Chrome/5.0.371.0 Safari/533.4"
10.1.72.170 - - [09/Apr/2010:10:34:22 -0600] "GET /app/answers/list HTTP/1.1" 200 2554 "-" "Mozilla/5.0 (Linux; U; Android 2.1-update1; en-us; Droid Build/ESE81) AppleWebKit/530.17 (KHTML, like Gecko) Version/4.0 Mobile Safari/530.17"
10.1.72.170 - - [09/Apr/2010:10:34:39 -0600] "GET /ci/admin HTTP/1.1" 401 16 "-" "Mozilla/5.0 (Linux; U; Android 2.1-update1; en-us; Droid Build/ESE81) AppleWebKit/530.17 (KHTML, like Gecko) Version/4.0 Mobile Safari/530.17"
10.1.72.170 - - [09/Apr/2010:10:34:48 -0600] "GET /ci/admin HTTP/1.1" 200 11434 "-" "Mozilla/5.0 (Linux; U; Android 2.1-update1; en-us; Droid Build/ESE81) AppleWebKit/530.17 (KHTML, like Gecko) Version/4.0 Mobile Safari/530.17"
10.1.72.170 - - [09/Apr/2010:10:34:58 -0600] "GET /ci/admin/set_cookie/development HTTP/1.1" 401 16 "-" "Mozilla/5.0 (Linux; U; Android 2.1-update1; en-us; Droid Build/ESE81) AppleWebKit/530.17 (KHTML, like Gecko) Version/4.0 Mobile Safari/530.17"
10.1.72.170 - - [09/Apr/2010:10:34:58 -0600] "GET /ci/admin/set_cookie/development HTTP/1.1" 302 - "-" "Mozilla/5.0 (Linux; U; Android 2.1-update1; en-us; Droid Build/ESE81) AppleWebKit/530.17 (KHTML, like Gecko) Version/4.0 Mobile Safari/530.17"
10.1.72.170 - - [09/Apr/2010:10:35:13 -0600] "GET /app/ask/session/L3RpbWUvMTI3MDgzMDg5OS9zaWQvdWRRZG8tWWo%3D HTTP/1.1" 200 62088 "-" "Mozilla/5.0 (Linux; U; Android 2.1-update1; en-us; Droid Build/ESE81) AppleWebKit/530.17 (KHTML, like Gecko) Version/4.0 Mobile Safari/530.17"
10.1.72.170 - - [09/Apr/2010:10:35:19 -0600] "GET /app/utils/login_form HTTP/1.1" 200 17514 "-" "Mozilla/5.0 (Linux; U; Android 2.1-update1; en-us; Droid Build/ESE81) AppleWebKit/530.17 (KHTML, like Gecko) Version/4.0 Mobile Safari/530.17"
10.1.72.170 - - [09/Apr/2010:10:35:19 -0600] "GET /app/utils/login_form HTTP/1.1" 200 17514 "http://bcb.teton.rightnowtech.com/app/ask/session/L3RpbWUvMTI3MDgzMDg5OS9zaWQvdWRRZG8tWWo%3D" "Mozilla/5.0 (Linux; U; Android 2.1-update1; en-us; Droid Build/ESE81) AppleWebKit/530.17 (KHTML, like Gecko) Version/4.0 Mobile Safari/530.17"
10.1.72.170 - - [09/Apr/2010:10:35:27 -0600] "GET /app/account/questions/list HTTP/1.1" 200 24499 "http://bcb.teton.rightnowtech.com/app/utils/login_form" "Mozilla/5.0 (Linux; U; Android 2.1-update1; en-us; Droid Build/ESE81) AppleWebKit/530.17 (KHTML, like Gecko) Version/4.0 Mobile Safari/530.17"
10.1.72.170 - - [09/Apr/2010:10:35:33 -0600] "GET /app/account/questions/detail/i_id/144 HTTP/1.1" 200 28092 "http://bcb.teton.rightnowtech.com/app/account/questions/list" "Mozilla/5.0 (Linux; U; Android 2.1-update1; en-us; Droid Build/ESE81) AppleWebKit/530.17 (KHTML, like Gecko) Version/4.0 Mobile Safari/530.17"
10.1.72.170 - - [09/Apr/2010:10:35:33 -0600] "GET /app/account/questions/detail/i_id/144 HTTP/1.1" 200 28092 "-" "Mozilla/5.0 (Linux; U; Android 2.1-update1; en-us; Droid Build/ESE81) AppleWebKit/530.17 (KHTML, like Gecko) Version/4.0 Mobile Safari/530.17"
10.1.72.170 - - [09/Apr/2010:10:35:49 -0600] "GET /app/account/questions/detail/i_id/144 HTTP/1.1" 200 47052 "http://bcb.teton.rightnowtech.com/app/account/questions/detail/i_id/144" "Mozilla/5.0 (Linux; U; Android 2.1-update1; en-us; Droid Build/ESE81) AppleWebKit/530.17 (KHTML, like Gecko) Version/4.0 Mobile Safari/530.17"
10.1.72.170 - - [09/Apr/2010:10:35:59 -0600] "GET /app/account/questions/detail/i_id/144 HTTP/1.1" 200 28092 "http://bcb.teton.rightnowtech.com/app/account/questions/detail/i_id/144" "Mozilla/5.0 (Linux; U; Android 2.1-update1; en-us; Droid Build/ESE81) AppleWebKit/530.17 (KHTML, like Gecko) Version/4.0 Mobile Safari/530.17"
10.1.72.170 - - [09/Apr/2010:10:36:07 -0600] "GET /app/ask HTTP/1.1" 200 61321 "http://bcb.teton.rightnowtech.com/app/account/questions/detail/i_id/144" "Mozilla/5.0 (Linux; U; Android 2.1-update1; en-us; Droid Build/ESE81) AppleWebKit/530.17 (KHTML, like Gecko) Version/4.0 Mobile Safari/530.17"
10.1.72.170 - - [09/Apr/2010:10:36:07 -0600] "GET /app/ask HTTP/1.1" 200 61321 "-" "Mozilla/5.0 (Linux; U; Android 2.1-update1; en-us; Droid Build/ESE81) AppleWebKit/530.17 (KHTML, like Gecko) Version/4.0 Mobile Safari/530.17"
10.1.72.170 - - [09/Apr/2010:10:36:29 -0600] "GET /app/ask_confirm/i_id/145 HTTP/1.1" 200 16046 "http://bcb.teton.rightnowtech.com/app/ask" "Mozilla/5.0 (Linux; U; Android 2.1-update1; en-us; Droid Build/ESE81) AppleWebKit/530.17 (KHTML, like Gecko) Version/4.0 Mobile Safari/530.17"
10.1.72.170 - - [09/Apr/2010:10:36:44 -0600] "GET /app/ask HTTP/1.1" 200 61321 "-" "Mozilla/5.0 (Linux; U; Android 2.1-update1; en-us; Droid Build/ESE81) AppleWebKit/530.17 (KHTML, like Gecko) Version/4.0 Mobile Safari/530.17"
10.1.72.170 - - [09/Apr/2010:10:37:06 -0600] "GET /app/ask HTTP/1.1" 200 77659 "http://bcb.teton.rightnowtech.com/app/ask" "Mozilla/5.0 (Linux; U; Android 2.1-update1; en-us; Droid Build/ESE81) AppleWebKit/530.17 (KHTML, like Gecko) Version/4.0 Mobile Safari/530.17"
10.1.72.169 - - [09/Apr/2010:10:39:57 -0600] "GET /app/ask HTTP/1.1" 200 61309 "http://bcb.teton.rightnowtech.com/app/ask" "Mozilla/5.0 (iPod; U; CPU iPhone OS 3_1_3 like Mac OS X; en-us) AppleWebKit/528.18 (KHTML, like Gecko) Version/4.0 Mobile/7E18 Safari/528.16"
10.1.72.169 - - [09/Apr/2010:10:40:10 -0600] "GET /app/ask HTTP/1.1" 200 61309 "http://bcb.teton.rightnowtech.com/app/ask" "Mozilla/5.0 (iPod; U; CPU iPhone OS 3_1_3 like Mac OS X; en-us) AppleWebKit/528.18 (KHTML, like Gecko) Version/4.0 Mobile/7E18 Safari/528.16"
10.1.72.169 - - [09/Apr/2010:10:40:27 -0600] "GET /app/ask HTTP/1.1" 200 77647 "http://bcb.teton.rightnowtech.com/app/ask" "Mozilla/5.0 (iPod; U; CPU iPhone OS 3_1_3 like Mac OS X; en-us) AppleWebKit/528.18 (KHTML, like Gecko) Version/4.0 Mobile/7E18 Safari/528.16"
