172.22.4.61 - - [20/Apr/2010:13:13:58 -0600] "GET /app/answers/list HTTP/1.1" 200 44199 "-" "Mozilla/5.0 (iPhone; U; CPU iPhone OS 3_0 like Mac OS X; en-us) AppleWebKit/528.18 (KHTML, like Gecko) Version/4.0 Mobile/7A341 Safari/528.16"
172.22.4.61 - - [20/Apr/2010:13:14:19 -0600] "GET /ci/admin/set_cookie/development/mobile HTTP/1.1" 200 338 "-" "Mozilla/5.0 (iPhone; U; CPU iPhone OS 3_0 like Mac OS X; en-us) AppleWebKit/528.18 (KHTML, like Gecko) Version/4.0 Mobile/7A341 Safari/528.16"
172.22.4.61 - - [20/Apr/2010:13:14:40 -0600] "GET /app/answers/list HTTP/1.1" 200 44199 "-" "Mozilla/5.0 (iPhone; U; CPU iPhone OS 3_0 like Mac OS X; en-us) AppleWebKit/528.18 (KHTML, like Gecko) Version/4.0 Mobile/7A341 Safari/528.16"
172.22.4.61 - - [20/Apr/2010:13:16:28 -0600] "GET /app/home HTTP/1.1" 200 22998 "http://bcb.teton.rightnowtech.com/app/ask" "Mozilla/5.0 (Windows; U; Windows NT 5.1; en-US) AppleWebKit/533.4 (KHTML, like Gecko) Chrome/5.0.375.9 Safari/533.4"
172.22.4.61 - - [20/Apr/2010:13:16:32 -0600] "GET /app/answers/list HTTP/1.1" 200 44199 "http://bcb.teton.rightnowtech.com/app/home" "Mozilla/5.0 (Windows; U; Windows NT 5.1; en-US) AppleWebKit/533.4 (KHTML, like Gecko) Chrome/5.0.375.9 Safari/533.4"
172.22.4.61 - - [20/Apr/2010:13:16:55 -0600] "GET /app/answers/list? HTTP/1.1" 302 - "-" "Mozilla/5.0 (Windows; U; Windows NT 5.1; en-US) AppleWebKit/533.4 (KHTML, like Gecko) Chrome/5.0.375.9 Safari/533.4"
172.22.4.61 - - [20/Apr/2010:13:16:56 -0600] "GET /app/error/error_id/404/url/%252Fapp%252Fanswers%252Flist%253F HTTP/1.1" 200 15279 "-" "Mozilla/5.0 (Windows; U; Windows NT 5.1; en-US) AppleWebKit/533.4 (KHTML, like Gecko) Chrome/5.0.375.9 Safari/533.4"
172.22.4.61 - - [20/Apr/2010:13:17:11 -0600] "GET /app/error/error_id/404/url/%252Fapp%252Fhome HTTP/1.1" 200 15253 "-" "Mozilla/5.0 (Windows; U; Windows NT 5.1; en-US) AppleWebKit/533.4 (KHTML, like Gecko) Chrome/5.0.375.9 Safari/533.4"
172.22.4.61 - - [20/Apr/2010:13:17:16 -0600] "GET /app/home HTTP/1.1" 200 22998 "http://bcb.teton.rightnowtech.com/app/error/error_id/404/url/%252Fapp%252Fhome" "Mozilla/5.0 (Windows; U; Windows NT 5.1; en-US) AppleWebKit/533.4 (KHTML, like Gecko) Chrome/5.0.375.9 Safari/533.4"
172.22.4.61 - - [20/Apr/2010:13:17:18 -0600] "GET /app/answers/list HTTP/1.1" 200 44199 "http://bcb.teton.rightnowtech.com/app/home" "Mozilla/5.0 (Windows; U; Windows NT 5.1; en-US) AppleWebKit/533.4 (KHTML, like Gecko) Chrome/5.0.375.9 Safari/533.4"
172.22.4.61 - - [20/Apr/2010:13:17:25 -0600] "GET /app/answers/list? HTTP/1.1" 302 - "-" "Mozilla/5.0 (Windows; U; Windows NT 5.1; en-US) AppleWebKit/533.4 (KHTML, like Gecko) Chrome/5.0.375.9 Safari/533.4"
172.22.4.61 - - [20/Apr/2010:13:17:26 -0600] "GET /app/error/error_id/404/url/%252Fapp%252Fanswers%252Flist%253F HTTP/1.1" 200 15279 "-" "Mozilla/5.0 (Windows; U; Windows NT 5.1; en-US) AppleWebKit/533.4 (KHTML, like Gecko) Chrome/5.0.375.9 Safari/533.4"
172.22.4.61 - - [20/Apr/2010:13:17:30 -0600] "GET /app/home HTTP/1.1" 200 22998 "http://bcb.teton.rightnowtech.com/app/error/error_id/404/url/%252Fapp%252Fanswers%252Flist%253F" "Mozilla/5.0 (Windows; U; Windows NT 5.1; en-US) AppleWebKit/533.4 (KHTML, like Gecko) Chrome/5.0.375.9 Safari/533.4"
172.22.4.61 - - [20/Apr/2010:13:17:32 -0600] "GET /app/answers/list HTTP/1.1" 200 44199 "http://bcb.teton.rightnowtech.com/app/home" "Mozilla/5.0 (Windows; U; Windows NT 5.1; en-US) AppleWebKit/533.4 (KHTML, like Gecko) Chrome/5.0.375.9 Safari/533.4"
172.22.4.61 - - [20/Apr/2010:13:17:41 -0600] "GET /app/answers/list/page/2 HTTP/1.1" 200 41877 "http://bcb.teton.rightnowtech.com/app/answers/list" "Mozilla/5.0 (Windows; U; Windows NT 5.1; en-US) AppleWebKit/533.4 (KHTML, like Gecko) Chrome/5.0.375.9 Safari/533.4"
172.22.4.61 - - [20/Apr/2010:13:17:52 -0600] "GET /app/answers/list/page/1 HTTP/1.1" 200 44206 "http://bcb.teton.rightnowtech.com/app/answers/list/page/2" "Mozilla/5.0 (Windows; U; Windows NT 5.1; en-US) AppleWebKit/533.4 (KHTML, like Gecko) Chrome/5.0.375.9 Safari/533.4"
127.0.0.1 - - [20/Apr/2010:13:20:01 -0600] "GET /ci/admin/deploy HTTP/1.0" 200 41776 "-" "Wget/1.10.2 (Red Hat modified)"
172.22.4.61 - - [20/Apr/2010:13:22:06 -0600] "GET /ci/admin/set_cookie/development/%2F HTTP/1.1" 302 - "-" "Mozilla/5.0 (iPhone; U; CPU iPhone OS 3_0 like Mac OS X; en-us) AppleWebKit/528.18 (KHTML, like Gecko) Version/4.0 Mobile/7A341 Safari/528.16"
172.22.4.61 - - [20/Apr/2010:13:22:11 -0600] "GET /app/answers/list HTTP/1.1" 200 67464 "http://bcb.teton.rightnowtech.com/app" "Mozilla/5.0 (iPhone; U; CPU iPhone OS 3_0 like Mac OS X; en-us) AppleWebKit/528.18 (KHTML, like Gecko) Version/4.0 Mobile/7A341 Safari/528.16"
172.22.4.61 - - [20/Apr/2010:13:22:19 -0600] "GET /app/answers/list HTTP/1.1" 200 67464 "http://bcb.teton.rightnowtech.com/app/answers/list" "Mozilla/5.0 (iPhone; U; CPU iPhone OS 3_0 like Mac OS X; en-us) AppleWebKit/528.18 (KHTML, like Gecko) Version/4.0 Mobile/7A341 Safari/528.16"
172.22.4.61 - - [20/Apr/2010:13:23:05 -0600] "GET /ci/admin/set_cookie/development/mobile HTTP/1.1" 302 - "-" "Mozilla/5.0 (iPhone; U; CPU iPhone OS 3_0 like Mac OS X; en-us) AppleWebKit/528.18 (KHTML, like Gecko) Version/4.0 Mobile/7A341 Safari/528.16"
172.22.4.61 - - [20/Apr/2010:13:23:10 -0600] "GET /app/answers/list HTTP/1.1" 200 44199 "http://bcb.teton.rightnowtech.com/app" "Mozilla/5.0 (iPhone; U; CPU iPhone OS 3_0 like Mac OS X; en-us) AppleWebKit/528.18 (KHTML, like Gecko) Version/4.0 Mobile/7A341 Safari/528.16"
172.22.4.61 - - [20/Apr/2010:13:23:12 -0600] "GET /app/answers/list HTTP/1.1" 200 44199 "http://bcb.teton.rightnowtech.com/app" "Mozilla/5.0 (iPhone; U; CPU iPhone OS 3_0 like Mac OS X; en-us) AppleWebKit/528.18 (KHTML, like Gecko) Version/4.0 Mobile/7A341 Safari/528.16"
172.22.4.61 - - [20/Apr/2010:13:23:30 -0600] "GET /app/answers/list HTTP/1.1" 200 44199 "-" "Mozilla/5.0 (iPhone; U; CPU iPhone OS 3_0 like Mac OS X; en-us) AppleWebKit/528.18 (KHTML, like Gecko) Version/4.0 Mobile/7A341 Safari/528.16"
172.22.4.61 - - [20/Apr/2010:13:23:33 -0600] "GET /app/answers/list HTTP/1.1" 200 44199 "-" "Mozilla/5.0 (iPhone; U; CPU iPhone OS 3_0 like Mac OS X; en-us) AppleWebKit/528.18 (KHTML, like Gecko) Version/4.0 Mobile/7A341 Safari/528.16"
172.22.4.61 - - [20/Apr/2010:13:23:51 -0600] "GET /app/answers/list HTTP/1.1" 200 44199 "-" "Mozilla/5.0 (iPhone; U; CPU iPhone OS 3_0 like Mac OS X; en-us) AppleWebKit/528.18 (KHTML, like Gecko) Version/4.0 Mobile/7A341 Safari/528.16"
172.22.4.61 - - [20/Apr/2010:13:29:08 -0600] "GET /app/answers/list HTTP/1.1" 200 44199 "http://bcb.teton.rightnowtech.com/app/home" "Mozilla/5.0 (Windows; U; Windows NT 5.1; en-US) AppleWebKit/533.4 (KHTML, like Gecko) Chrome/5.0.375.9 Safari/533.4"
172.22.4.61 - - [20/Apr/2010:13:31:01 -0600] "GET /app/answers/list HTTP/1.1" 200 44199 "http://bcb.teton.rightnowtech.com/app/home" "Mozilla/5.0 (Windows; U; Windows NT 5.1; en-US) AppleWebKit/533.4 (KHTML, like Gecko) Chrome/5.0.375.9 Safari/533.4"
172.22.4.61 - - [20/Apr/2010:13:35:36 -0600] "GET /app/home HTTP/1.1" 200 22998 "http://bcb.teton.rightnowtech.com/app/answers/list" "Mozilla/5.0 (iPhone; U; CPU iPhone OS 3_0 like Mac OS X; en-us) AppleWebKit/528.18 (KHTML, like Gecko) Version/4.0 Mobile/7A341 Safari/528.16"
172.22.5.68 - - [20/Apr/2010:13:38:35 -0600] "GET /ci/memcacheTester HTTP/1.1" 302 - "-" "Mozilla/5.0 (Windows; U; Windows NT 5.1; en-US; rv:1.9.2.3) Gecko/20100401 Firefox/3.6.3 (.NET CLR 3.5.30729)"
172.22.5.68 - - [20/Apr/2010:13:38:36 -0600] "GET /app/error/error_id/404/url/%252Fci%252FmemcacheTester HTTP/1.1" 200 29060 "-" "Mozilla/5.0 (Windows; U; Windows NT 5.1; en-US; rv:1.9.2.3) Gecko/20100401 Firefox/3.6.3 (.NET CLR 3.5.30729)"
172.22.4.61 - - [20/Apr/2010:13:38:53 -0600] "GET /ci/admin/set_cookie/development/%2F HTTP/1.1" 302 - "-" "Mozilla/5.0 (iPhone; U; CPU iPhone OS 3_0 like Mac OS X; en-us) AppleWebKit/528.18 (KHTML, like Gecko) Version/4.0 Mobile/7A341 Safari/528.16"
172.22.5.68 - - [20/Apr/2010:13:38:56 -0600] "GET /ci/unitTest/memcacheTester HTTP/1.1" 200 1575 "-" "Mozilla/5.0 (Windows; U; Windows NT 5.1; en-US; rv:1.9.2.3) Gecko/20100401 Firefox/3.6.3 (.NET CLR 3.5.30729)"
172.22.4.61 - - [20/Apr/2010:13:39:58 -0600] "GET /ci/admin/set_cookie/development/%2F HTTP/1.1" 401 16 "-" "Mozilla/5.0 (iPhone; U; CPU iPhone OS 3_0 like Mac OS X; en-us) AppleWebKit/528.18 (KHTML, like Gecko) Version/4.0 Mobile/7A341 Safari/528.16"
172.22.4.61 - - [20/Apr/2010:13:40:01 -0600] "GET /ci/admin/set_cookie/development/%2F HTTP/1.1" 302 - "-" "Mozilla/5.0 (iPhone; U; CPU iPhone OS 3_0 like Mac OS X; en-us) AppleWebKit/528.18 (KHTML, like Gecko) Version/4.0 Mobile/7A341 Safari/528.16"
172.22.4.61 - - [20/Apr/2010:13:43:08 -0600] "GET /app/home HTTP/1.1" 200 42186 "http://bcb.teton.rightnowtech.com/app/answers/list" "Mozilla/5.0 (iPhone; U; CPU iPhone OS 3_0 like Mac OS X; en-us) AppleWebKit/528.18 (KHTML, like Gecko) Version/4.0 Mobile/7A341 Safari/528.16"
172.22.4.61 - - [20/Apr/2010:13:43:14 -0600] "GET /ci/admin/set_cookie/development/mobile HTTP/1.1" 302 - "-" "Mozilla/5.0 (iPhone; U; CPU iPhone OS 3_0 like Mac OS X; en-us) AppleWebKit/528.18 (KHTML, like Gecko) Version/4.0 Mobile/7A341 Safari/528.16"
172.22.4.61 - - [20/Apr/2010:13:55:08 -0600] "GET /app/ask HTTP/1.1" 200 66705 "http://bcb.teton.rightnowtech.com/app/answers/list" "Mozilla/5.0 (Windows; U; Windows NT 5.1; en-US) AppleWebKit/533.4 (KHTML, like Gecko) Chrome/5.0.375.9 Safari/533.4"
10.1.72.169 - - [20/Apr/2010:13:56:08 -0600] "GET /app/ask HTTP/1.1" 200 67704 "http://bcb.teton.rightnowtech.com/app/answers/list" "Mozilla/5.0 (iPod; U; CPU iPhone OS 3_1_3 like Mac OS X; en-us) AppleWebKit/528.18 (KHTML, like Gecko) Version/4.0 Mobile/7E18 Safari/528.16"
10.1.72.169 - - [20/Apr/2010:13:59:52 -0600] "GET /app/ask HTTP/1.1" 200 67702 "http://bcb.teton.rightnowtech.com/app/answers/list" "Mozilla/5.0 (iPod; U; CPU iPhone OS 3_1_3 like Mac OS X; en-us) AppleWebKit/528.18 (KHTML, like Gecko) Version/4.0 Mobile/7E18 Safari/528.16"
10.1.72.169 - - [20/Apr/2010:14:00:11 -0600] "GET /app/ask HTTP/1.1" 200 67704 "http://bcb.teton.rightnowtech.com/app/answers/list" "Mozilla/5.0 (iPod; U; CPU iPhone OS 3_1_3 like Mac OS X; en-us) AppleWebKit/528.18 (KHTML, like Gecko) Version/4.0 Mobile/7E18 Safari/528.16"
10.1.72.169 - - [20/Apr/2010:14:00:46 -0600] "GET /app/ask HTTP/1.1" 200 67720 "http://bcb.teton.rightnowtech.com/app/answers/list" "Mozilla/5.0 (iPod; U; CPU iPhone OS 3_1_3 like Mac OS X; en-us) AppleWebKit/528.18 (KHTML, like Gecko) Version/4.0 Mobile/7E18 Safari/528.16"
10.1.72.169 - - [20/Apr/2010:14:01:26 -0600] "GET /app/ask HTTP/1.1" 200 67738 "http://bcb.teton.rightnowtech.com/app/answers/list" "Mozilla/5.0 (iPod; U; CPU iPhone OS 3_1_3 like Mac OS X; en-us) AppleWebKit/528.18 (KHTML, like Gecko) Version/4.0 Mobile/7E18 Safari/528.16"
10.1.72.169 - - [20/Apr/2010:14:01:48 -0600] "GET /app/ask HTTP/1.1" 200 67722 "http://bcb.teton.rightnowtech.com/app/answers/list" "Mozilla/5.0 (iPod; U; CPU iPhone OS 3_1_3 like Mac OS X; en-us) AppleWebKit/528.18 (KHTML, like Gecko) Version/4.0 Mobile/7E18 Safari/528.16"
10.1.72.169 - - [20/Apr/2010:14:02:19 -0600] "GET /app/ask HTTP/1.1" 200 67722 "http://bcb.teton.rightnowtech.com/app/answers/list" "Mozilla/5.0 (iPod; U; CPU iPhone OS 3_1_3 like Mac OS X; en-us) AppleWebKit/528.18 (KHTML, like Gecko) Version/4.0 Mobile/7E18 Safari/528.16"
10.1.72.169 - - [20/Apr/2010:14:03:04 -0600] "GET /app/ask HTTP/1.1" 200 67683 "http://bcb.teton.rightnowtech.com/app/answers/list" "Mozilla/5.0 (iPod; U; CPU iPhone OS 3_1_3 like Mac OS X; en-us) AppleWebKit/528.18 (KHTML, like Gecko) Version/4.0 Mobile/7E18 Safari/528.16"
10.1.72.169 - - [20/Apr/2010:14:03:21 -0600] "GET /app/ask HTTP/1.1" 200 67688 "http://bcb.teton.rightnowtech.com/app/answers/list" "Mozilla/5.0 (iPod; U; CPU iPhone OS 3_1_3 like Mac OS X; en-us) AppleWebKit/528.18 (KHTML, like Gecko) Version/4.0 Mobile/7E18 Safari/528.16"
10.1.72.169 - - [20/Apr/2010:14:03:40 -0600] "GET /app/ask HTTP/1.1" 200 67671 "http://bcb.teton.rightnowtech.com/app/answers/list" "Mozilla/5.0 (iPod; U; CPU iPhone OS 3_1_3 like Mac OS X; en-us) AppleWebKit/528.18 (KHTML, like Gecko) Version/4.0 Mobile/7E18 Safari/528.16"
127.0.0.1 - - [20/Apr/2010:14:07:39 -0600] "GET /ci/admin/deploy HTTP/1.0" 200 20411 "-" "Wget/1.10.2 (Red Hat modified)"
172.22.4.61 - - [20/Apr/2010:14:18:17 -0600] "GET /app/home HTTP/1.1" 200 23015 "http://bcb.teton.rightnowtech.com/app/ask" "Mozilla/5.0 (Windows; U; Windows NT 5.1; en-US) AppleWebKit/533.4 (KHTML, like Gecko) Chrome/5.0.375.9 Safari/533.4"
10.1.72.169 - - [20/Apr/2010:14:19:07 -0600] "GET /app/home HTTP/1.1" 200 23015 "http://bcb.teton.rightnowtech.com/app/ask" "Mozilla/5.0 (iPod; U; CPU iPhone OS 3_1_3 like Mac OS X; en-us) AppleWebKit/528.18 (KHTML, like Gecko) Version/4.0 Mobile/7E18 Safari/528.16"
172.22.4.61 - - [20/Apr/2010:14:41:40 -0600] "GET /ci/admin/set_cookie/development/mobile HTTP/1.1" 302 - "-" "Mozilla/5.0 (iPhone; U; CPU iPhone OS 3_0 like Mac OS X; en-us) AppleWebKit/528.18 (KHTML, like Gecko) Version/4.0 Mobile/7A341 Safari/528.16"
172.22.4.61 - - [20/Apr/2010:14:41:41 -0600] "GET /ci/admin/set_cookie/development/%2F HTTP/1.1" 302 - "-" "Mozilla/5.0 (iPhone; U; CPU iPhone OS 3_0 like Mac OS X; en-us) AppleWebKit/528.18 (KHTML, like Gecko) Version/4.0 Mobile/7A341 Safari/528.16"
172.22.4.61 - - [20/Apr/2010:14:41:51 -0600] "GET /app/home HTTP/1.1" 200 41052 "http://bcb.teton.rightnowtech.com/app" "Mozilla/5.0 (iPhone; U; CPU iPhone OS 3_0 like Mac OS X; en-us) AppleWebKit/528.18 (KHTML, like Gecko) Version/4.0 Mobile/7A341 Safari/528.16"
172.22.4.61 - - [20/Apr/2010:14:41:54 -0600] "GET /app/ask HTTP/1.1" 200 81856 "http://bcb.teton.rightnowtech.com/app/home" "Mozilla/5.0 (iPhone; U; CPU iPhone OS 3_0 like Mac OS X; en-us) AppleWebKit/528.18 (KHTML, like Gecko) Version/4.0 Mobile/7A341 Safari/528.16"
172.22.4.61 - - [20/Apr/2010:14:42:04 -0600] "GET /app/ask_confirm/i_id/144 HTTP/1.1" 200 28799 "http://bcb.teton.rightnowtech.com/app/ask" "Mozilla/5.0 (iPhone; U; CPU iPhone OS 3_0 like Mac OS X; en-us) AppleWebKit/528.18 (KHTML, like Gecko) Version/4.0 Mobile/7A341 Safari/528.16"
172.22.4.61 - - [20/Apr/2010:14:42:08 -0600] "GET /app/account/questions/list HTTP/1.1" 200 59575 "http://bcb.teton.rightnowtech.com/app/ask_confirm/i_id/144" "Mozilla/5.0 (iPhone; U; CPU iPhone OS 3_0 like Mac OS X; en-us) AppleWebKit/528.18 (KHTML, like Gecko) Version/4.0 Mobile/7A341 Safari/528.16"
172.22.4.61 - - [20/Apr/2010:14:42:19 -0600] "GET /app/account/questions/detail/i_id/144 HTTP/1.1" 200 47932 "http://bcb.teton.rightnowtech.com/app/account/questions/list" "Mozilla/5.0 (iPhone; U; CPU iPhone OS 3_0 like Mac OS X; en-us) AppleWebKit/528.18 (KHTML, like Gecko) Version/4.0 Mobile/7A341 Safari/528.16"
10.1.72.167 - - [20/Apr/2010:14:42:50 -0600] "GET /ci/admin HTTP/1.1" 200 338 "-" "Mozilla/5.0 (Macintosh; U; Intel Mac OS X 10_6_3; en-US) AppleWebKit/533.4 (KHTML, like Gecko) Chrome/5.0.375.9 Safari/533.4"
172.22.4.61 - - [20/Apr/2010:14:44:13 -0600] "GET /ci/admin/set_cookie/development/mobile HTTP/1.1" 302 - "-" "Mozilla/5.0 (iPhone; U; CPU iPhone OS 3_0 like Mac OS X; en-us) AppleWebKit/528.18 (KHTML, like Gecko) Version/4.0 Mobile/7A341 Safari/528.16"
172.22.4.61 - - [20/Apr/2010:14:44:19 -0600] "GET /app/account/questions/list HTTP/1.1" 200 25084 "http://bcb.teton.rightnowtech.com/app" "Mozilla/5.0 (iPhone; U; CPU iPhone OS 3_0 like Mac OS X; en-us) AppleWebKit/528.18 (KHTML, like Gecko) Version/4.0 Mobile/7A341 Safari/528.16"
172.22.4.61 - - [20/Apr/2010:14:44:24 -0600] "GET /app/account/questions/detail/i_id/144 HTTP/1.1" 200 28969 "http://bcb.teton.rightnowtech.com/app/account/questions/list" "Mozilla/5.0 (iPhone; U; CPU iPhone OS 3_0 like Mac OS X; en-us) AppleWebKit/528.18 (KHTML, like Gecko) Version/4.0 Mobile/7A341 Safari/528.16"
10.1.72.167 - - [20/Apr/2010:14:46:08 -0600] "GET /ci/admin HTTP/1.1" 200 1534 "-" "Mozilla/5.0 (Macintosh; U; Intel Mac OS X 10_6_3; en-US) AppleWebKit/533.4 (KHTML, like Gecko) Chrome/5.0.375.9 Safari/533.4"
10.1.72.167 - - [20/Apr/2010:14:47:37 -0600] "GET /ci/admin HTTP/1.1" 200 1534 "-" "Mozilla/5.0 (Macintosh; U; Intel Mac OS X 10_6_3; en-US) AppleWebKit/533.4 (KHTML, like Gecko) Chrome/5.0.375.9 Safari/533.4"
127.0.0.1 - - [20/Apr/2010:14:48:31 -0600] "GET /ci/admin/deploy HTTP/1.0" 200 20658 "-" "Wget/1.10.2 (Red Hat modified)"
127.0.0.1 - - [20/Apr/2010:14:49:21 -0600] "GET /ci/admin/deploy HTTP/1.0" 200 41924 "-" "Wget/1.10.2 (Red Hat modified)"
127.0.0.1 - - [20/Apr/2010:14:59:04 -0600] "GET /ci/admin/deploy HTTP/1.0" 200 20653 "-" "Wget/1.10.2 (Red Hat modified)"
172.22.4.61 - - [20/Apr/2010:14:59:42 -0600] "GET /app/ask HTTP/1.1" 200 65572 "http://bcb.teton.rightnowtech.com/app/account/questions/detail/i_id/144" "Mozilla/5.0 (iPhone; U; CPU iPhone OS 3_0 like Mac OS X; en-us) AppleWebKit/528.18 (KHTML, like Gecko) Version/4.0 Mobile/7A341 Safari/528.16"
172.22.4.61 - - [20/Apr/2010:14:59:51 -0600] "GET /app/ask_confirm/i_id/145 HTTP/1.1" 200 15865 "http://bcb.teton.rightnowtech.com/app/ask" "Mozilla/5.0 (iPhone; U; CPU iPhone OS 3_0 like Mac OS X; en-us) AppleWebKit/528.18 (KHTML, like Gecko) Version/4.0 Mobile/7A341 Safari/528.16"
172.22.4.61 - - [20/Apr/2010:15:02:11 -0600] "GET /app/account/questions/list HTTP/1.1" 200 25707 "http://bcb.teton.rightnowtech.com/app/ask_confirm/i_id/145" "Mozilla/5.0 (iPhone; U; CPU iPhone OS 3_0 like Mac OS X; en-us) AppleWebKit/528.18 (KHTML, like Gecko) Version/4.0 Mobile/7A341 Safari/528.16"
172.22.4.61 - - [20/Apr/2010:15:02:15 -0600] "GET /app/account/questions/detail/i_id/145 HTTP/1.1" 200 28969 "http://bcb.teton.rightnowtech.com/app/account/questions/list" "Mozilla/5.0 (iPhone; U; CPU iPhone OS 3_0 like Mac OS X; en-us) AppleWebKit/528.18 (KHTML, like Gecko) Version/4.0 Mobile/7A341 Safari/528.16"
10.1.72.169 - - [20/Apr/2010:15:09:58 -0600] "GET /app/ask HTTP/1.1" 200 67671 "http://bcb.teton.rightnowtech.com/app/home" "Mozilla/5.0 (iPod; U; CPU iPhone OS 3_1_3 like Mac OS X; en-us) AppleWebKit/528.18 (KHTML, like Gecko) Version/4.0 Mobile/7E18 Safari/528.16"
10.1.72.169 - - [20/Apr/2010:15:10:28 -0600] "GET /app/ask HTTP/1.1" 200 67671 "http://bcb.teton.rightnowtech.com/app/home" "Mozilla/5.0 (iPod; U; CPU iPhone OS 3_1_3 like Mac OS X; en-us) AppleWebKit/528.18 (KHTML, like Gecko) Version/4.0 Mobile/7E18 Safari/528.16"
10.1.72.169 - - [20/Apr/2010:15:10:43 -0600] "GET /app/ask HTTP/1.1" 200 67671 "http://bcb.teton.rightnowtech.com/app/home" "Mozilla/5.0 (iPod; U; CPU iPhone OS 3_1_3 like Mac OS X; en-us) AppleWebKit/528.18 (KHTML, like Gecko) Version/4.0 Mobile/7E18 Safari/528.16"
10.1.72.169 - - [20/Apr/2010:15:11:44 -0600] "GET /app/ask HTTP/1.1" 200 67669 "http://bcb.teton.rightnowtech.com/app/home" "Mozilla/5.0 (iPod; U; CPU iPhone OS 3_1_3 like Mac OS X; en-us) AppleWebKit/528.18 (KHTML, like Gecko) Version/4.0 Mobile/7E18 Safari/528.16"
10.1.72.169 - - [20/Apr/2010:15:12:00 -0600] "GET /app/ask HTTP/1.1" 200 67669 "http://bcb.teton.rightnowtech.com/app/home" "Mozilla/5.0 (iPod; U; CPU iPhone OS 3_1_3 like Mac OS X; en-us) AppleWebKit/528.18 (KHTML, like Gecko) Version/4.0 Mobile/7E18 Safari/528.16"
10.1.72.169 - - [20/Apr/2010:15:14:10 -0600] "GET /app/ask HTTP/1.1" 200 67669 "http://bcb.teton.rightnowtech.com/app/home" "Mozilla/5.0 (iPod; U; CPU iPhone OS 3_1_3 like Mac OS X; en-us) AppleWebKit/528.18 (KHTML, like Gecko) Version/4.0 Mobile/7E18 Safari/528.16"
10.1.72.169 - - [20/Apr/2010:15:14:38 -0600] "GET /app/ask HTTP/1.1" 200 67671 "http://bcb.teton.rightnowtech.com/app/home" "Mozilla/5.0 (iPod; U; CPU iPhone OS 3_1_3 like Mac OS X; en-us) AppleWebKit/528.18 (KHTML, like Gecko) Version/4.0 Mobile/7E18 Safari/528.16"
172.22.4.61 - - [20/Apr/2010:15:18:38 -0600] "GET /app/ask HTTP/1.1" 200 65571 "http://bcb.teton.rightnowtech.com/app" "Mozilla/5.0 (Windows; U; Windows NT 5.1; en-US; rv:1.9.2.3) Gecko/20100401 Firefox/3.6.3 (.NET CLR 3.5.30729)"
172.22.4.61 - - [20/Apr/2010:15:27:20 -0600] "GET /app/ask HTTP/1.1" 200 65571 "http://bcb.teton.rightnowtech.com/app" "Mozilla/5.0 (Windows; U; Windows NT 5.1; en-US; rv:1.9.2.3) Gecko/20100401 Firefox/3.6.3 (.NET CLR 3.5.30729)"
172.22.4.61 - - [20/Apr/2010:15:39:53 -0600] "GET /app/ask HTTP/1.1" 200 65571 "http://bcb.teton.rightnowtech.com/app" "Mozilla/5.0 (Windows; U; Windows NT 5.1; en-US; rv:1.9.2.3) Gecko/20100401 Firefox/3.6.3 (.NET CLR 3.5.30729)"
172.22.4.61 - - [20/Apr/2010:15:40:29 -0600] "GET /app/home HTTP/1.1" 200 23187 "http://bcb.teton.rightnowtech.com/app/ask" "Mozilla/5.0 (Windows; U; Windows NT 5.1; en-US; rv:1.9.2.3) Gecko/20100401 Firefox/3.6.3 (.NET CLR 3.5.30729)"
172.22.4.61 - - [20/Apr/2010:15:40:32 -0600] "GET /app/answers/list HTTP/1.1" 200 44386 "http://bcb.teton.rightnowtech.com/app/home" "Mozilla/5.0 (Windows; U; Windows NT 5.1; en-US; rv:1.9.2.3) Gecko/20100401 Firefox/3.6.3 (.NET CLR 3.5.30729)"
172.22.4.61 - - [20/Apr/2010:15:49:34 -0600] "GET /app/answers/list HTTP/1.1" 200 44386 "http://bcb.teton.rightnowtech.com/app/home" "Mozilla/5.0 (Windows; U; Windows NT 5.1; en-US; rv:1.9.2.3) Gecko/20100401 Firefox/3.6.3 (.NET CLR 3.5.30729)"
172.22.4.61 - - [20/Apr/2010:15:49:35 -0600] "GET /app/answers/list HTTP/1.1" 200 44386 "http://bcb.teton.rightnowtech.com/app/home" "Mozilla/5.0 (Windows; U; Windows NT 5.1; en-US; rv:1.9.2.3) Gecko/20100401 Firefox/3.6.3 (.NET CLR 3.5.30729)"
